<html>
<body>
<pre>
<h1>礦ision3 Build Log</h1>
<h2>Project:</h2>
D:\broadcastsystem\MDK3.80A\workspace\假期程序对比\2013.8.11终端程序\终端程序\USER\ICAPTURE.uv2
Project File Date:  07/11/2013

<h2>Output:</h2>
Build target 'Target 1'
compiling main.c...
compiling stm32f10x_it.c...
compiling system_stm32f10x.c...
compiling led.c...
compiling key.c...
compiling timer.c...
compiling gray.c...
compiling wkup.c...
compiling encrypt.c...
compiling delay.c...
compiling sys.c...
compiling usart.c...
compiling core_cm3.c...
assembling startup_stm32f10x_hd.s...
compiling misc.c...
compiling stm32f10x_gpio.c...
compiling stm32f10x_rcc.c...
compiling stm32f10x_tim.c...
compiling stm32f10x_usart.c...
compiling stm32f10x_bkp.c...
compiling stm32f10x_pwr.c...
compiling stm32f10x_exti.c...
linking...
Program Size: Code=22644 RO-data=896 RW-data=128 ZI-data=4008  
FromELF: creating hex file...
"..\OBJ\ICAPTURE.axf" - 0 Error(s), 0 Warning(s).
Build target 'Target 1'
compiling main.c...
main.c(346): warning:  #223-D: function "rintf" declared implicitly
main.c(269): warning:  #177-D: variable "source_addres" was declared but never referenced
main.c(270): warning:  #177-D: variable "target_address_start" was declared but never referenced
main.c(271): warning:  #177-D: variable "target_address_end" was declared but never referenced
main.c(502): warning:  #870-D: invalid multibyte character sequence
main.c(502): warning:  #870-D: invalid multibyte character sequence
main.c(502): warning:  #870-D: invalid multibyte character sequence
main.c(502): warning:  #870-D: invalid multibyte character sequence
main.c(502): warning:  #870-D: invalid multibyte character sequence
main.c(502): warning:  #870-D: invalid multibyte character sequence
main.c(502): warning:  #870-D: invalid multibyte character sequence
main.c(502): warning:  #870-D: invalid multibyte character sequence
compiling stm32f10x_it.c...
compiling system_stm32f10x.c...
compiling led.c...
compiling key.c...
compiling timer.c...
compiling gray.c...
compiling wkup.c...
compiling encrypt.c...
compiling delay.c...
compiling sys.c...
compiling usart.c...
compiling core_cm3.c...
assembling startup_stm32f10x_hd.s...
compiling misc.c...
compiling stm32f10x_gpio.c...
compiling stm32f10x_rcc.c...
compiling stm32f10x_tim.c...
compiling stm32f10x_usart.c...
compiling stm32f10x_bkp.c...
compiling stm32f10x_pwr.c...
compiling stm32f10x_exti.c...
linking...
Program Size: Code=22724 RO-data=896 RW-data=128 ZI-data=4008  
FromELF: creating hex file...
"..\OBJ\ICAPTURE.axf" - 0 Error(s), 12 Warning(s).
Build target 'Target 1'
compiling main.c...
main.c(269): warning:  #177-D: variable "source_addres" was declared but never referenced
main.c(270): warning:  #177-D: variable "target_address_start" was declared but never referenced
main.c(271): warning:  #177-D: variable "target_address_end" was declared but never referenced
compiling stm32f10x_it.c...
compiling system_stm32f10x.c...
compiling led.c...
compiling key.c...
compiling timer.c...
compiling gray.c...
compiling wkup.c...
compiling encrypt.c...
compiling delay.c...
compiling sys.c...
compiling usart.c...
compiling core_cm3.c...
assembling startup_stm32f10x_hd.s...
compiling misc.c...
compiling stm32f10x_gpio.c...
compiling stm32f10x_rcc.c...
compiling stm32f10x_tim.c...
compiling stm32f10x_usart.c...
compiling stm32f10x_bkp.c...
compiling stm32f10x_pwr.c...
compiling stm32f10x_exti.c...
linking...
Program Size: Code=22756 RO-data=896 RW-data=128 ZI-data=4008  
FromELF: creating hex file...
"..\OBJ\ICAPTURE.axf" - 0 Error(s), 3 Warning(s).
