ARM Linker, RVCT4.0 [Build 524] for uVision [Professional]

==============================================================================

Section Cross References

    main.o(.text) refers (Special) to _printf_d.o(.ARM.Collect$$_printf_percent$$00000009) for _printf_d
    main.o(.text) refers (Special) to _printf_f.o(.ARM.Collect$$_printf_percent$$00000003) for _printf_f
    main.o(.text) refers (Special) to printf1.o(x$fpl$printf1) for _printf_fp_dec
    main.o(.text) refers (Special) to _printf_dec.o(.text) for _printf_int_dec
    main.o(.text) refers (Special) to _printf_percent.o(.ARM.Collect$$_printf_percent$$00000000) for _printf_percent
    main.o(.text) refers to rt_memclr_w.o(.text) for __aeabi_memclr4
    main.o(.text) refers to noretval__2printf.o(.text) for __2printf
    main.o(.text) refers to encrypt.o(.text) for bit_char
    main.o(.text) refers to delay.o(.text) for delay_init
    main.o(.text) refers to sys.o(.text) for NVIC_Configuration
    main.o(.text) refers to usart.o(.text) for uart_init
    main.o(.text) refers to led.o(.text) for LED_Init
    main.o(.text) refers to timer.o(.text) for TIM5_Cap_Init
    main.o(.text) refers to gray.o(.text) for decode_error_catch
    main.o(.text) refers to fflt_clz.o(x$fpl$fflt) for __aeabi_i2f
    main.o(.text) refers to fdiv.o(x$fpl$fdiv) for __aeabi_fdiv
    main.o(.text) refers to f2d.o(x$fpl$f2d) for __aeabi_f2d
    main.o(.text) refers to encrypt.o(.data) for cipherkey_radio
    main.o(.text) refers to timer.o(.data) for TIM5CH1_CAPTURE_STA
    main.o(.text) refers to main.o(.data) for frame_window_counter
    main.o(.text) refers to timer.o(.bss) for receive_frame
    main.o(.text) refers to main.o(.constdata) for .constdata
    main.o(.text) refers to stm32f10x_tim.o(.text) for TIM_Cmd
    main.o(.constdata) refers (Special) to _printf_d.o(.ARM.Collect$$_printf_percent$$00000009) for _printf_d
    main.o(.constdata) refers (Special) to _printf_f.o(.ARM.Collect$$_printf_percent$$00000003) for _printf_f
    main.o(.constdata) refers (Special) to printf1.o(x$fpl$printf1) for _printf_fp_dec
    main.o(.constdata) refers (Special) to _printf_dec.o(.text) for _printf_int_dec
    main.o(.constdata) refers (Special) to _printf_percent.o(.ARM.Collect$$_printf_percent$$00000000) for _printf_percent
    main.o(.data) refers (Special) to _printf_d.o(.ARM.Collect$$_printf_percent$$00000009) for _printf_d
    main.o(.data) refers (Special) to _printf_f.o(.ARM.Collect$$_printf_percent$$00000003) for _printf_f
    main.o(.data) refers (Special) to printf1.o(x$fpl$printf1) for _printf_fp_dec
    main.o(.data) refers (Special) to _printf_dec.o(.text) for _printf_int_dec
    main.o(.data) refers (Special) to _printf_percent.o(.ARM.Collect$$_printf_percent$$00000000) for _printf_percent
    system_stm32f10x.o(.text) refers to system_stm32f10x.o(.data) for SystemCoreClock
    led.o(.text) refers to stm32f10x_rcc.o(.text) for RCC_APB2PeriphClockCmd
    led.o(.text) refers to stm32f10x_gpio.o(.text) for GPIO_Init
    key.o(.text) refers to stm32f10x_rcc.o(.text) for RCC_APB2PeriphClockCmd
    key.o(.text) refers to stm32f10x_gpio.o(.text) for GPIO_Init
    key.o(.text) refers to delay.o(.text) for delay_ms
    key.o(.text) refers to key.o(.data) for .data
    timer.o(.text) refers (Special) to _printf_d.o(.ARM.Collect$$_printf_percent$$00000009) for _printf_d
    timer.o(.text) refers (Special) to _printf_dec.o(.text) for _printf_int_dec
    timer.o(.text) refers (Special) to _printf_percent.o(.ARM.Collect$$_printf_percent$$00000000) for _printf_percent
    timer.o(.text) refers to stm32f10x_rcc.o(.text) for RCC_APB1PeriphClockCmd
    timer.o(.text) refers to stm32f10x_tim.o(.text) for TIM_TimeBaseInit
    timer.o(.text) refers to misc.o(.text) for NVIC_Init
    timer.o(.text) refers to stm32f10x_gpio.o(.text) for GPIO_PinRemapConfig
    timer.o(.text) refers to rt_memclr_w.o(.text) for __aeabi_memclr4
    timer.o(.text) refers to timer.o(.bss) for TIM5_ICInitStructure
    timer.o(.text) refers to timer.o(.data) for TIM5CH1_CAPTURE_STA
    timer.o(.text) refers to delay.o(.text) for delay_us
    timer.o(.text) refers to noretval__2printf.o(.text) for __2printf
    timer.o(.text) refers to gray.o(.text) for decode_error_catch
    timer.o(.text) refers to main.o(.data) for frame_window_counter
    timer.o(.bss) refers (Special) to _printf_d.o(.ARM.Collect$$_printf_percent$$00000009) for _printf_d
    timer.o(.bss) refers (Special) to _printf_dec.o(.text) for _printf_int_dec
    timer.o(.bss) refers (Special) to _printf_percent.o(.ARM.Collect$$_printf_percent$$00000000) for _printf_percent
    timer.o(.data) refers (Special) to _printf_d.o(.ARM.Collect$$_printf_percent$$00000009) for _printf_d
    timer.o(.data) refers (Special) to _printf_dec.o(.text) for _printf_int_dec
    timer.o(.data) refers (Special) to _printf_percent.o(.ARM.Collect$$_printf_percent$$00000000) for _printf_percent
    gray.o(.text) refers to rt_memclr_w.o(.text) for __aeabi_memclr4
[...]
    ../../angel/scatter.s                    0x00000000   Number         0  __scatter.o ABSOLUTE
    ../../angel/startup.s                    0x00000000   Number         0  __main.o ABSOLUTE
    ../../angel/sys.s                        0x00000000   Number         0  libspace.o ABSOLUTE
    ../../angel/sys.s                        0x00000000   Number         0  sys_stackheap_outer.o ABSOLUTE
    ../../angel/sys.s                        0x00000000   Number         0  use_no_semi.o ABSOLUTE
    ../../angel/sys.s                        0x00000000   Number         0  use_no_semi_2.o ABSOLUTE
    ../../angel/sysapp.c                     0x00000000   Number         0  sys_command.o ABSOLUTE
    ../../angel/sysapp.c                     0x00000000   Number         0  sys_wrch.o ABSOLUTE
    ../../armsys.c                           0x00000000   Number         0  argv_veneer.o ABSOLUTE
    ../../armsys.c                           0x00000000   Number         0  argv_veneer.o ABSOLUTE
    ../../armsys.c                           0x00000000   Number         0  _get_argv_nomalloc.o ABSOLUTE
    ../../armsys.c                           0x00000000   Number         0  no_argv.o ABSOLUTE
    ../../bigflt.c                           0x00000000   Number         0  bigflt0.o ABSOLUTE
    ../../btod.s                             0x00000000   Number         0  btod.o ABSOLUTE
    ../../dflt.s                             0x00000000   Number         0  dflt_clz.o ABSOLUTE
    ../../division_7m.s                      0x00000000   Number         0  rtudiv10.o ABSOLUTE
    ../../f2d.s                              0x00000000   Number         0  f2d.o ABSOLUTE
    ../../fcheck.s                           0x00000000   Number         0  fcheck.o ABSOLUTE
    ../../fcheck1.s                          0x00000000   Number         0  fcheck1.o ABSOLUTE
    ../../fdiv.s                             0x00000000   Number         0  fdiv.o ABSOLUTE
    ../../fflt.s                             0x00000000   Number         0  fflt_clz.o ABSOLUTE
    ../../fnorm2.s                           0x00000000   Number         0  fnorm2_clz.o ABSOLUTE
    ../../fpclassify.c                       0x00000000   Number         0  fpclassify.o ABSOLUTE
    ../../fpinit.s                           0x00000000   Number         0  fpinit.o ABSOLUTE
    ../../funder.s                           0x00000000   Number         0  funder.o ABSOLUTE
    ../../heapalloc.c                        0x00000000   Number         0  hrguard.o ABSOLUTE
    ../../heapaux.c                          0x00000000   Number         0  heapauxi.o ABSOLUTE
    ../../istatus.s                          0x00000000   Number         0  istatus.o ABSOLUTE
    ../../libinit.s                          0x00000000   Number         0  libshutdown2.o ABSOLUTE
    ../../libinit.s                          0x00000000   Number         0  libinit2.o ABSOLUTE
    ../../libinit.s                          0x00000000   Number         0  libinit.o ABSOLUTE
    ../../libinit.s                          0x00000000   Number         0  libshutdown.o ABSOLUTE
    ../../locale.s                           0x00000000   Number         0  lc_numeric_c.o ABSOLUTE
    ../../longlong.s                         0x00000000   Number         0  lludiv10.o ABSOLUTE
    ../../memcpset.s                         0x00000000   Number         0  strcmpv7m.o ABSOLUTE
    ../../memcpset.s                         0x00000000   Number         0  rt_memclr_w.o ABSOLUTE
    ../../printf.c                           0x00000000   Number         0  _printf_char_common.o ABSOLUTE
    ../../printf.c                           0x00000000   Number         0  __printf.o ABSOLUTE
    ../../printf.c                           0x00000000   Number         0  _printf_fp_dec.o ABSOLUTE
    ../../printf.c                           0x00000000   Number         0  _printf_dec.o ABSOLUTE
    ../../printf.c                           0x00000000   Number         0  _printf_intcommon.o ABSOLUTE
    ../../printf.c                           0x00000000   Number         0  __printf_nopercent.o ABSOLUTE
    ../../printf.c                           0x00000000   Number         0  __printf_flags.o ABSOLUTE
    ../../printf.c                           0x00000000   Number         0  __printf_ss.o ABSOLUTE
    ../../printf.c                           0x00000000   Number         0  _printf_fp_infnan.o ABSOLUTE
    ../../printf.c                           0x00000000   Number         0  __printf_ss_wp.o ABSOLUTE
    ../../printf.c                           0x00000000   Number         0  __printf_flags_wp.o ABSOLUTE
    ../../printf.c                           0x00000000   Number         0  __printf_wp.o ABSOLUTE
    ../../printf.c                           0x00000000   Number         0  __printf_flags_ss.o ABSOLUTE
    ../../printf.c                           0x00000000   Number         0  __printf_flags_ss_wp.o ABSOLUTE
    ../../printf.c                           0x00000000   Number         0  __2printf.o ABSOLUTE
    ../../printf.c                           0x00000000   Number         0  noretval__2printf.o ABSOLUTE
    ../../printf1.s                          0x00000000   Number         0  printf1.o ABSOLUTE
    ../../printf_percent.s                   0x00000000   Number         0  _printf_f.o ABSOLUTE
    ../../printf_percent.s                   0x00000000   Number         0  _printf_percent.o ABSOLUTE
    ../../printf_percent.s                   0x00000000   Number         0  _printf_d.o ABSOLUTE
    ../../printf_percent.s                   0x00000000   Number         0  _printf_percent_end.o ABSOLUTE
    ../../retnan.s                           0x00000000   Number         0  retnan.o ABSOLUTE
    ../../signal.c                           0x00000000   Number         0  defsig_abrt_inner.o ABSOLUTE
    ../../signal.c                           0x00000000   Number         0  defsig_rtmem_formal.o ABSOLUTE
    ../../signal.c                           0x00000000   Number         0  defsig_rtmem_outer.o ABSOLUTE
    ../../signal.c                           0x00000000   Number         0  defsig_fpe_inner.o ABSOLUTE
    ../../signal.c                           0x00000000   Number         0  defsig_rtred_inner.o ABSOLUTE
    ../../signal.c                           0x00000000   Number         0  defsig_general.o ABSOLUTE
    ../../signal.c                           0x00000000   Number         0  defsig_stak_inner.o ABSOLUTE
    ../../signal.c                           0x00000000   Number         0  defsig_pvfn_inner.o ABSOLUTE
    ../../signal.c                           0x00000000   Number         0  defsig_segv_inner.o ABSOLUTE
    ../../signal.c                           0x00000000   Number         0  defsig_cppl_inner.o ABSOLUTE
    ../../signal.c                           0x00000000   Number         0  __raise.o ABSOLUTE
    ../../signal.c                           0x00000000   Number         0  defsig_other.o ABSOLUTE
    ../../signal.c                           0x00000000   Number         0  defsig_rtmem_inner.o ABSOLUTE
    ../../signal.c                           0x00000000   Number         0  defsig_exit.o ABSOLUTE
    ../../signal.s                           0x00000000   Number         0  defsig.o ABSOLUTE
    ../../stdio.c                            0x00000000   Number         0  ferror.o ABSOLUTE
    ../../stdio.c                            0x00000000   Number         0  ferror_locked.o ABSOLUTE
    ../../stdlib.c                           0x00000000   Number         0  exit.o ABSOLUTE
    ../../trapv.s                            0x00000000   Number         0  trapv.o ABSOLUTE
    ../../usenofp.s                          0x00000000   Number         0  usenofp.o ABSOLUTE
    ..\CORE\core_cm3.c                       0x00000000   Number         0  core_cm3.o ABSOLUTE
    ..\CORE\startup_stm32f10x_hd.s           0x00000000   Number         0  startup_stm32f10x_hd.o ABSOLUTE
    ..\HARDWARE\AES\encrypt.c                0x00000000   Number         0  encrypt.o ABSOLUTE
    ..\HARDWARE\KEY\key.c                    0x00000000   Number         0  key.o ABSOLUTE
    ..\HARDWARE\LED\led.c                    0x00000000   Number         0  led.o ABSOLUTE
    ..\HARDWARE\TIMER\timer.c                0x00000000   Number         0  timer.o ABSOLUTE
    ..\HARDWARE\WKUP\wkup.c                  0x00000000   Number         0  wkup.o ABSOLUTE
    ..\HARDWARE\gray\gray.c                  0x00000000   Number         0  gray.o ABSOLUTE
    ..\STM32F10x_FWLib\src\misc.c            0x00000000   Number         0  misc.o ABSOLUTE
    ..\STM32F10x_FWLib\src\stm32f10x_bkp.c   0x00000000   Number         0  stm32f10x_bkp.o ABSOLUTE
    ..\STM32F10x_FWLib\src\stm32f10x_exti.c  0x00000000   Number         0  stm32f10x_exti.o ABSOLUTE
    ..\STM32F10x_FWLib\src\stm32f10x_gpio.c  0x00000000   Number         0  stm32f10x_gpio.o ABSOLUTE
    ..\STM32F10x_FWLib\src\stm32f10x_pwr.c   0x00000000   Number         0  stm32f10x_pwr.o ABSOLUTE
    ..\STM32F10x_FWLib\src\stm32f10x_rcc.c   0x00000000   Number         0  stm32f10x_rcc.o ABSOLUTE
    ..\STM32F10x_FWLib\src\stm32f10x_tim.c   0x00000000   Number         0  stm32f10x_tim.o ABSOLUTE
    ..\STM32F10x_FWLib\src\stm32f10x_usart.c 0x00000000   Number         0  stm32f10x_usart.o ABSOLUTE
    ..\SYSTEM\delay\delay.c                  0x00000000   Number         0  delay.o ABSOLUTE
    ..\SYSTEM\sys\sys.c                      0x00000000   Number         0  sys.o ABSOLUTE
    ..\SYSTEM\usart\usart.c                  0x00000000   Number         0  usart.o ABSOLUTE
    ..\\CORE\\core_cm3.c                     0x00000000   Number         0  core_cm3.o ABSOLUTE
    dc.s                                     0x00000000   Number         0  dc.o ABSOLUTE
    main.c                                   0x00000000   Number         0  main.o ABSOLUTE
    stm32f10x_it.c                           0x00000000   Number         0  stm32f10x_it.o ABSOLUTE
    system_stm32f10x.c                       0x00000000   Number         0  system_stm32f10x.o ABSOLUTE
    RESET                                    0x08000000   Section      304  startup_stm32f10x_hd.o(RESET)
    !!!main                                  0x08000130   Section        8  __main.o(!!!main)
    !!!scatter                               0x08000138   Section       52  __scatter.o(!!!scatter)
    !!handler_copy                           0x0800016c   Section       26  __scatter_copy.o(!!handler_copy)
    !!handler_zi                             0x08000188   Section       28  __scatter_zi.o(!!handler_zi)
    .ARM.Collect$$_printf_percent$$00000000  0x080001a4   Section        0  _printf_percent.o(.ARM.Collect$$_printf_percent$$00000000)
    .ARM.Collect$$_printf_percent$$00000003  0x080001a4   Section        6  _printf_f.o(.ARM.Collect$$_printf_percent$$00000003)
    .ARM.Collect$$_printf_percent$$00000009  0x080001aa   Section        6  _printf_d.o(.ARM.Collect$$_printf_percent$$00000009)
    .ARM.Collect$$_printf_percent$$00000017  0x080001b0   Section        4  _printf_percent_end.o(.ARM.Collect$$_printf_percent$$00000017)
    .ARM.Collect$$libinit$$00000000          0x080001b4   Section        6  libinit.o(.ARM.Collect$$libinit$$00000000)
    .ARM.Collect$$libinit$$00000006          0x080001ba   Section        0  libinit2.o(.ARM.Collect$$libinit$$00000006)
    .ARM.Collect$$libinit$$00000008          0x080001ba   Section        0  libinit2.o(.ARM.Collect$$libinit$$00000008)
    .ARM.Collect$$libinit$$0000000A          0x080001ba   Section        0  libinit2.o(.ARM.Collect$$libinit$$0000000A)
    .ARM.Collect$$libinit$$0000000B          0x080001ba   Section        6  libinit2.o(.ARM.Collect$$libinit$$0000000B)
    .ARM.Collect$$libinit$$0000000D          0x080001c0   Section        0  libinit2.o(.ARM.Collect$$libinit$$0000000D)
    .ARM.Collect$$libinit$$0000000F          0x080001c0   Section        0  libinit2.o(.ARM.Collect$$libinit$$0000000F)
    .ARM.Collect$$libinit$$00000011          0x080001c0   Section        0  libinit2.o(.ARM.Collect$$libinit$$00000011)
    .ARM.Collect$$libinit$$00000012          0x080001c0   Section       10  libinit2.o(.ARM.Collect$$libinit$$00000012)
    .ARM.Collect$$libinit$$00000013          0x080001ca   Section        0  libinit2.o(.ARM.Collect$$libinit$$00000013)
    .ARM.Collect$$libinit$$00000015          0x080001ca   Section        0  libinit2.o(.ARM.Collect$$libinit$$00000015)
    .ARM.Collect$$libinit$$00000017          0x080001ca   Section        0  libinit2.o(.ARM.Collect$$libinit$$00000017)
    .ARM.Collect$$libinit$$00000019          0x080001ca   Section        0  libinit2.o(.ARM.Collect$$libinit$$00000019)
    .ARM.Collect$$libinit$$0000001B          0x080001ca   Section        0  libinit2.o(.ARM.Collect$$libinit$$0000001B)
    .ARM.Collect$$libinit$$0000001D          0x080001ca   Section        0  libinit2.o(.ARM.Collect$$libinit$$0000001D)
    .ARM.Collect$$libinit$$0000001F          0x080001ca   Section        0  libinit2.o(.ARM.Collect$$libinit$$0000001F)
    .ARM.Collect$$libinit$$00000021          0x080001ca   Section        0  libinit2.o(.ARM.Collect$$libinit$$00000021)
    .ARM.Collect$$libinit$$00000028          0x080001ca   Section        0  libinit2.o(.ARM.Collect$$libinit$$00000028)
    .ARM.Collect$$libinit$$0000002A          0x080001ca   Section        0  libinit2.o(.ARM.Collect$$libinit$$0000002A)
    .ARM.Collect$$libinit$$0000002C          0x080001ca   Section        0  libinit2.o(.ARM.Collect$$libinit$$0000002C)
    .ARM.Collect$$libinit$$0000002E          0x080001ca   Section        0  libinit2.o(.ARM.Collect$$libinit$$0000002E)
    .ARM.Collect$$libinit$$0000002F          0x080001ca   Section        2  libinit2.o(.ARM.Collect$$libinit$$0000002F)
    .ARM.Collect$$libshutdown$$00000000      0x080001cc   Section        2  libshutdown.o(.ARM.Collect$$libshutdown$$00000000)
    .ARM.Collect$$libshutdown$$00000003      0x080001ce   Section        0  libshutdown2.o(.ARM.Collect$$libshutdown$$00000003)
    .ARM.Collect$$libshutdown$$00000006      0x080001ce   Section        0  libshutdown2.o(.ARM.Collect$$libshutdown$$00000006)
    .ARM.Collect$$libshutdown$$00000009      0x080001ce   Section        0  libshutdown2.o(.ARM.Collect$$libshutdown$$00000009)
    .ARM.Collect$$libshutdown$$0000000B      0x080001ce   Section        0  libshutdown2.o(.ARM.Collect$$libshutdown$$0000000B)
    .ARM.Collect$$libshutdown$$0000000E      0x080001ce   Section        0  libshutdown2.o(.ARM.Collect$$libshutdown$$0000000E)
    .ARM.Collect$$libshutdown$$0000000F      0x080001ce   Section        2  libshutdown2.o(.ARM.Collect$$libshutdown$$0000000F)
    .ARM.Collect$$rtentry$$00000000          0x080001d0   Section        0  rtentry.o(.ARM.Collect$$rtentry$$00000000)
    .ARM.Collect$$rtentry$$00000002          0x080001d0   Section        0  rtentry2.o(.ARM.Collect$$rtentry$$00000002)
    .ARM.Collect$$rtentry$$00000004          0x080001d0   Section        6  rtentry4.o(.ARM.Collect$$rtentry$$00000004)
    .ARM.Collect$$rtentry$$00000009          0x080001d6   Section        0  rtentry2.o(.ARM.Collect$$rtentry$$00000009)
    .ARM.Collect$$rtentry$$0000000A          0x080001d6   Section        4  rtentry2.o(.ARM.Collect$$rtentry$$0000000A)
    .ARM.Collect$$rtentry$$0000000C          0x080001da   Section        0  rtentry2.o(.ARM.Collect$$rtentry$$0000000C)
    .ARM.Collect$$rtentry$$0000000D          0x080001da   Section        8  rtentry2.o(.ARM.Collect$$rtentry$$0000000D)
    .ARM.Collect$$rtexit$$00000000           0x080001e2   Section        0  rtexit.o(.ARM.Collect$$rtexit$$00000000)
    .ARM.Collect$$rtexit$$00000002           0x080001e2   Section        0  rtexit2.o(.ARM.Collect$$rtexit$$00000002)
    .ARM.Collect$$rtexit$$00000003           0x080001e2   Section        4  rtexit2.o(.ARM.Collect$$rtexit$$00000003)
    .ARM.Collect$$rtexit$$00000004           0x080001e6   Section        4  rtexit2.o(.ARM.Collect$$rtexit$$00000004)
    .text                                    0x080001ec   Section     1720  main.o(.text)
    .text                                    0x080008a4   Section       26  stm32f10x_it.o(.text)
    .text                                    0x080008c0   Section      456  system_stm32f10x.o(.text)
    SetSysClockTo72                          0x080008c1   Thumb Code   192  system_stm32f10x.o(.text)
    SetSysClock                              0x08000981   Thumb Code     8  system_stm32f10x.o(.text)
    .text                                    0x08000a88   Section       92  led.o(.text)
    .text                                    0x08000ae4   Section     2196  timer.o(.text)
    .text                                    0x08001378   Section     1588  gray.o(.text)
    .text                                    0x080019ac   Section      248  wkup.o(.text)
    .text                                    0x08001aa4   Section     1188  encrypt.o(.text)
    .text                                    0x08001f48   Section      192  delay.o(.text)
    .text                                    0x08002008   Section       12  sys.o(.text)
    .text                                    0x08002014   Section      328  usart.o(.text)
    .text                                    0x0800215c   Section       64  startup_stm32f10x_hd.o(.text)
    .text                                    0x0800219c   Section      224  misc.o(.text)
    .text                                    0x0800227c   Section      840  stm32f10x_gpio.o(.text)
    .text                                    0x080025c4   Section      912  stm32f10x_rcc.o(.text)
    .text                                    0x08002954   Section     3426  stm32f10x_tim.o(.text)
    TI4_Config                               0x08002ddd   Thumb Code   114  stm32f10x_tim.o(.text)
    TI3_Config                               0x08002e61   Thumb Code   110  stm32f10x_tim.o(.text)
    TI2_Config                               0x08002ee5   Thumb Code   114  stm32f10x_tim.o(.text)
    TI1_Config                               0x08002f69   Thumb Code   102  stm32f10x_tim.o(.text)
    .text                                    0x080036b8   Section     1032  stm32f10x_usart.o(.text)
    .text                                    0x08003ac0   Section      212  stm32f10x_pwr.o(.text)
    .text                                    0x08003b94   Section      304  stm32f10x_exti.o(.text)
    .text                                    0x08003cc4   Section        2  use_no_semi_2.o(.text)
    .text                                    0x08003cc8   Section       32  noretval__2printf.o(.text)
    .text                                    0x08003ce8   Section      110  __printf.o(.text)
    .text                                    0x08003d58   Section      112  _printf_dec.o(.text)
    .text                                    0x08003dc8   Section       78  rt_memclr_w.o(.text)
    .text                                    0x08003e16   Section        6  heapauxi.o(.text)
    .text                                    0x08003e1c   Section        2  use_no_semi.o(.text)
    .text                                    0x08003e1e   Section      174  _printf_intcommon.o(.text)
    .text                                    0x08003ecc   Section     1096  _printf_fp_dec.o(.text)
    _fp_digits                               0x08003ecf   Thumb Code   486  _printf_fp_dec.o(.text)
    .text                                    0x08004314   Section       48  _printf_char_common.o(.text)
    _printf_input_char                       0x08004315   Thumb Code    10  _printf_char_common.o(.text)
    .text                                    0x08004344   Section       16  rtudiv10.o(.text)
    .text                                    0x08004354   Section       12  rt_locale_intlibspace.o(.text)
    .text                                    0x08004360   Section      138  lludiv10.o(.text)
    .text                                    0x080043ec   Section      124  _printf_fp_infnan.o(.text)
    .text                                    0x08004468   Section      208  bigflt0.o(.text)
    .text                                    0x08004538   Section        8  libspace.o(.text)
    .text                                    0x08004540   Section       74  sys_stackheap_outer.o(.text)
    .text                                    0x0800458a   Section       12  exit.o(.text)
    .text                                    0x08004598   Section      128  strcmpv7m.o(.text)
    CL$$btod_d2e                             0x08004618   Section       62  btod.o(CL$$btod_d2e)
    CL$$btod_d2e_denorm_low                  0x08004656   Section       70  btod.o(CL$$btod_d2e_denorm_low)
    CL$$btod_d2e_norm_op1                    0x0800469c   Section       96  btod.o(CL$$btod_d2e_norm_op1)
    CL$$btod_div_common                      0x080046fc   Section      824  btod.o(CL$$btod_div_common)
    CL$$btod_e2e                             0x08004a34   Section      198  btod.o(CL$$btod_e2e)
    CL$$btod_ediv                            0x08004afa   Section       40  btod.o(CL$$btod_ediv)
    CL$$btod_emul                            0x08004b22   Section       40  btod.o(CL$$btod_emul)
    CL$$btod_mult_common                     0x08004b4a   Section      580  btod.o(CL$$btod_mult_common)
    i.__ARM_fpclassify                       0x08004d8e   Section       40  fpclassify.o(i.__ARM_fpclassify)
    locale$$code                             0x08004db8   Section       44  lc_numeric_c.o(locale$$code)
    x$fpl$dflt                               0x08004de4   Section       44  dflt_clz.o(x$fpl$dflt)
    x$fpl$f2d                                0x08004e10   Section       80  f2d.o(x$fpl$f2d)
    x$fpl$fcheck                             0x08004e60   Section       12  fcheck.o(x$fpl$fcheck)
    x$fpl$fcheck1                            0x08004e6c   Section       12  fcheck1.o(x$fpl$fcheck1)
    x$fpl$fdiv                               0x08004e78   Section      484  fdiv.o(x$fpl$fdiv)
    _fdiv1                                   0x08004e79   Thumb Code     0  fdiv.o(x$fpl$fdiv)
    x$fpl$fflt                               0x0800505c   Section       50  fflt_clz.o(x$fpl$fflt)
    x$fpl$fnorm2                             0x0800508e   Section       74  fnorm2_clz.o(x$fpl$fnorm2)
    x$fpl$funder                             0x080050d8   Section      134  funder.o(x$fpl$funder)
    x$fpl$printf1                            0x0800515e   Section        4  printf1.o(x$fpl$printf1)
    x$fpl$retnan                             0x08005162   Section      100  retnan.o(x$fpl$retnan)
    x$fpl$trapveneer                         0x080051c6   Section       48  trapv.o(x$fpl$trapveneer)
    x$fpl$usenofp                            0x080051f6   Section        0  usenofp.o(x$fpl$usenofp)
    .constdata                               0x080051f8   Section      185  main.o(.constdata)
    .constdata                               0x080052b1   Section      256  encrypt.o(.constdata)
    .constdata                               0x080053b4   Section      148  bigflt0.o(.constdata)
    tenpwrs_x                                0x080053b4   Data          60  bigflt0.o(.constdata)
    tenpwrs_i                                0x080053f0   Data          64  bigflt0.o(.constdata)
    locale$$data                             0x08005468   Section       28  lc_numeric_c.o(locale$$data)
    __lcnum_c_name                           0x0800546c   Data           2  lc_numeric_c.o(locale$$data)
    __lcnum_c_start                          0x08005474   Data           0  lc_numeric_c.o(locale$$data)
    __lcnum_c_point                          0x08005480   Data           0  lc_numeric_c.o(locale$$data)
    __lcnum_c_thousands                      0x08005482   Data           0  lc_numeric_c.o(locale$$data)
    __lcnum_c_grouping                       0x08005483   Data           0  lc_numeric_c.o(locale$$data)
    __lcnum_c_end                            0x08005484   Data           0  lc_numeric_c.o(locale$$data)
    .data                                    0x20000000   Section        4  main.o(.data)
    .data                                    0x20000004   Section       20  system_stm32f10x.o(.data)
    .data                                    0x20000018   Section       27  timer.o(.data)
    bit_counter_up                           0x2000002f   Data           1  timer.o(.data)
    bit_counter_down                         0x20000030   Data           1  timer.o(.data)
    timeout_flag                             0x20000031   Data           1  timer.o(.data)
    barker_counter                           0x20000032   Data           1  timer.o(.data)
    .data                                    0x20000033   Section       36  encrypt.o(.data)
    temp                                     0x20000053   Data           4  encrypt.o(.data)
    .data                                    0x20000058   Section        4  delay.o(.data)
    fac_us                                   0x20000058   Data           1  delay.o(.data)
    fac_ms                                   0x2000005a   Data           2  delay.o(.data)
    .data                                    0x2000005c   Section        8  usart.o(.data)
    .data                                    0x20000064   Section       20  stm32f10x_rcc.o(.data)
    APBAHBPrescTable                         0x20000064   Data          16  stm32f10x_rcc.o(.data)
    ADCPrescTable                            0x20000074   Data           4  stm32f10x_rcc.o(.data)
    .bss                                     0x20000078   Section     1150  timer.o(.bss)
    .bss                                     0x200004f6   Section      224  encrypt.o(.bss)
    state1                                   0x200004f6   Data          16  encrypt.o(.bss)
    .bss                                     0x200005d6   Section      200  usart.o(.bss)
    .bss                                     0x200006a0   Section       96  libspace.o(.bss)
    HEAP                                     0x20000700   Section      512  startup_stm32f10x_hd.o(HEAP)
    Heap_Mem                                 0x20000700   Data         512  startup_stm32f10x_hd.o(HEAP)
    STACK                                    0x20000900   Section     1024  startup_stm32f10x_hd.o(STACK)
    Stack_Mem                                0x20000900   Data        1024  startup_stm32f10x_hd.o(STACK)
    __initial_sp                             0x20000d00   Data           0  startup_stm32f10x_hd.o(STACK)

    Global Symbols

    Symbol Name                              Value     Ov Type        Size  Object(Section)

    BuildAttributes$$THM_ISAv4$P$D$K$B$S$PE$A:L22UL41UL21$X:L11$S22US41US21$IEEE1$IW$USESV6$~STKCKD$USESV7$~SHL$OSPACE$ROPI$IEEEJ$EBA8$UX$STANDARDLIB$REQ8$PRES8$EABIv2 0x00000000   Number         0  anon$$obj.o ABSOLUTE
    __ARM_use_no_argv                        0x00000000   Number         0  main.o ABSOLUTE
    __ARM_exceptions_init                     - Undefined Weak Reference
    __alloca_initialize                       - Undefined Weak Reference
    __cpp_initialize__aeabi_                  - Undefined Weak Reference
    __cxa_finalize                            - Undefined Weak Reference
    __fpl_infinity                            - Undefined Weak Reference
    __sigvec_lookup                           - Undefined Weak Reference
    _atexit_init                              - Undefined Weak Reference
    _call_atexit_fns                          - Undefined Weak Reference
    _clock_init                               - Undefined Weak Reference
    _fp_trap_init                             - Undefined Weak Reference
    _fp_trap_shutdown                         - Undefined Weak Reference
    _get_lc_collate                           - Undefined Weak Reference
    _get_lc_ctype                             - Undefined Weak Reference
    _get_lc_monetary                          - Undefined Weak Reference
    _get_lc_time                              - Undefined Weak Reference
    _getenv_init                              - Undefined Weak Reference
    _handle_redirection                       - Undefined Weak Reference
    _init_alloc                               - Undefined Weak Reference
    _init_user_alloc                          - Undefined Weak Reference
    _initio                                   - Undefined Weak Reference
    _mutex_acquire                            - Undefined Weak Reference
    _mutex_release                            - Undefined Weak Reference
    _printf_post_padding                      - Undefined Weak Reference
    _printf_pre_padding                       - Undefined Weak Reference
    _printf_truncate_signed                   - Undefined Weak Reference
    _printf_truncate_unsigned                 - Undefined Weak Reference
    _rand_init                                - Undefined Weak Reference
    _signal_finish                            - Undefined Weak Reference
    _signal_init                              - Undefined Weak Reference
    _terminate_alloc                          - Undefined Weak Reference
    _terminate_user_alloc                     - Undefined Weak Reference
    _terminateio                              - Undefined Weak Reference
    __Vectors_Size                           0x00000130   Number         0  startup_stm32f10x_hd.o ABSOLUTE
    __Vectors                                0x08000000   Data           4  startup_stm32f10x_hd.o(RESET)
    __Vectors_End                            0x08000130   Data           0  startup_stm32f10x_hd.o(RESET)
    __main                                   0x08000131   Thumb Code     8  __main.o(!!!main)
    __scatterload                            0x08000139   Thumb Code     0  __scatter.o(!!!scatter)
    __scatterload_rt2                        0x08000139   Thumb Code    44  __scatter.o(!!!scatter)
    __scatterload_rt2_thumb_only             0x08000139   Thumb Code     0  __scatter.o(!!!scatter)
    __scatterload_null                       0x08000147   Thumb Code     0  __scatter.o(!!!scatter)
    __scatterload_copy                       0x0800016d   Thumb Code    26  __scatter_copy.o(!!handler_copy)
    __scatterload_zeroinit                   0x08000189   Thumb Code    28  __scatter_zi.o(!!handler_zi)
    _printf_f                                0x080001a5   Thumb Code     0  _printf_f.o(.ARM.Collect$$_printf_percent$$00000003)
    _printf_percent                          0x080001a5   Thumb Code     0  _printf_percent.o(.ARM.Collect$$_printf_percent$$00000000)
    _printf_d                                0x080001ab   Thumb Code     0  _printf_d.o(.ARM.Collect$$_printf_percent$$00000009)
    _printf_percent_end                      0x080001b1   Thumb Code     0  _printf_percent_end.o(.ARM.Collect$$_printf_percent$$00000017)
    __rt_lib_init                            0x080001b5   Thumb Code     0  libinit.o(.ARM.Collect$$libinit$$00000000)
    __rt_lib_init_heap_1                     0x080001bb   Thumb Code     0  libinit2.o(.ARM.Collect$$libinit$$00000006)
    __rt_lib_init_lc_common                  0x080001bb   Thumb Code     0  libinit2.o(.ARM.Collect$$libinit$$0000000B)
    __rt_lib_init_rand_1                     0x080001bb   Thumb Code     0  libinit2.o(.ARM.Collect$$libinit$$0000000A)
    __rt_lib_init_user_alloc_1               0x080001bb   Thumb Code     0  libinit2.o(.ARM.Collect$$libinit$$00000008)
    __rt_lib_init_lc_collate_1               0x080001c1   Thumb Code     0  libinit2.o(.ARM.Collect$$libinit$$0000000D)
    __rt_lib_init_lc_ctype_1                 0x080001c1   Thumb Code     0  libinit2.o(.ARM.Collect$$libinit$$0000000F)
    __rt_lib_init_lc_monetary_1              0x080001c1   Thumb Code     0  libinit2.o(.ARM.Collect$$libinit$$00000011)
    __rt_lib_init_lc_numeric_2               0x080001c1   Thumb Code     0  libinit2.o(.ARM.Collect$$libinit$$00000012)
    __rt_lib_init_alloca_1                   0x080001cb   Thumb Code     0  libinit2.o(.ARM.Collect$$libinit$$0000002A)
    __rt_lib_init_argv_1                     0x080001cb   Thumb Code     0  libinit2.o(.ARM.Collect$$libinit$$00000028)
    __rt_lib_init_atexit_1                   0x080001cb   Thumb Code     0  libinit2.o(.ARM.Collect$$libinit$$00000017)
    __rt_lib_init_clock_1                    0x080001cb   Thumb Code     0  libinit2.o(.ARM.Collect$$libinit$$0000001D)
    __rt_lib_init_cpp_1                      0x080001cb   Thumb Code     0  libinit2.o(.ARM.Collect$$libinit$$0000002E)
    __rt_lib_init_exceptions_1               0x080001cb   Thumb Code     0  libinit2.o(.ARM.Collect$$libinit$$0000002C)
    __rt_lib_init_fp_trap_1                  0x080001cb   Thumb Code     0  libinit2.o(.ARM.Collect$$libinit$$0000001B)
    __rt_lib_init_getenv_1                   0x080001cb   Thumb Code     0  libinit2.o(.ARM.Collect$$libinit$$0000001F)
    __rt_lib_init_lc_numeric_1               0x080001cb   Thumb Code     0  libinit2.o(.ARM.Collect$$libinit$$00000013)
    __rt_lib_init_lc_time_1                  0x080001cb   Thumb Code     0  libinit2.o(.ARM.Collect$$libinit$$00000015)
    __rt_lib_init_return                     0x080001cb   Thumb Code     0  libinit2.o(.ARM.Collect$$libinit$$0000002F)
    __rt_lib_init_signal_1                   0x080001cb   Thumb Code     0  libinit2.o(.ARM.Collect$$libinit$$00000019)
    __rt_lib_init_stdio_1                    0x080001cb   Thumb Code     0  libinit2.o(.ARM.Collect$$libinit$$00000021)
    __rt_lib_shutdown                        0x080001cd   Thumb Code     0  libshutdown.o(.ARM.Collect$$libshutdown$$00000000)
    __rt_lib_shutdown_fp_trap_1              0x080001cf   Thumb Code     0  libshutdown2.o(.ARM.Collect$$libshutdown$$00000006)
    __rt_lib_shutdown_heap_1                 0x080001cf   Thumb Code     0  libshutdown2.o(.ARM.Collect$$libshutdown$$0000000E)
    __rt_lib_shutdown_return                 0x080001cf   Thumb Code     0  libshutdown2.o(.ARM.Collect$$libshutdown$$0000000F)
    __rt_lib_shutdown_signal_1               0x080001cf   Thumb Code     0  libshutdown2.o(.ARM.Collect$$libshutdown$$00000009)
    __rt_lib_shutdown_stdio_1                0x080001cf   Thumb Code     0  libshutdown2.o(.ARM.Collect$$libshutdown$$00000003)
    __rt_lib_shutdown_user_alloc_1           0x080001cf   Thumb Code     0  libshutdown2.o(.ARM.Collect$$libshutdown$$0000000B)
    __rt_entry                               0x080001d1   Thumb Code     0  rtentry.o(.ARM.Collect$$rtentry$$00000000)
    __rt_entry_presh_1                       0x080001d1   Thumb Code     0  rtentry2.o(.ARM.Collect$$rtentry$$00000002)
    __rt_entry_sh                            0x080001d1   Thumb Code     0  rtentry4.o(.ARM.Collect$$rtentry$$00000004)
    __rt_entry_li                            0x080001d7   Thumb Code     0  rtentry2.o(.ARM.Collect$$rtentry$$0000000A)
    __rt_entry_postsh_1                      0x080001d7   Thumb Code     0  rtentry2.o(.ARM.Collect$$rtentry$$00000009)
    __rt_entry_main                          0x080001db   Thumb Code     0  rtentry2.o(.ARM.Collect$$rtentry$$0000000D)
    __rt_entry_postli_1                      0x080001db   Thumb Code     0  rtentry2.o(.ARM.Collect$$rtentry$$0000000C)
    __rt_exit                                0x080001e3   Thumb Code     0  rtexit.o(.ARM.Collect$$rtexit$$00000000)
    __rt_exit_ls                             0x080001e3   Thumb Code     0  rtexit2.o(.ARM.Collect$$rtexit$$00000003)
    __rt_exit_prels_1                        0x080001e3   Thumb Code     0  rtexit2.o(.ARM.Collect$$rtexit$$00000002)
    __rt_exit_exit                           0x080001e7   Thumb Code     0  rtexit2.o(.ARM.Collect$$rtexit$$00000004)
    frame_secure                             0x080001ed   Thumb Code     2  main.o(.text)
    frame_control                            0x080001ef   Thumb Code   298  main.o(.text)
    frame_wakeup_broadcast                   0x08000319   Thumb Code   290  main.o(.text)
    frame_continues                          0x0800043b   Thumb Code     2  main.o(.text)
    main                                     0x0800043d   Thumb Code  1048  main.o(.text)
    NMI_Handler                              0x080008a5   Thumb Code     2  stm32f10x_it.o(.text)
    HardFault_Handler                        0x080008a7   Thumb Code     4  stm32f10x_it.o(.text)
    MemManage_Handler                        0x080008ab   Thumb Code     4  stm32f10x_it.o(.text)
    BusFault_Handler                         0x080008af   Thumb Code     4  stm32f10x_it.o(.text)
    UsageFault_Handler                       0x080008b3   Thumb Code     4  stm32f10x_it.o(.text)
    SVC_Handler                              0x080008b7   Thumb Code     2  stm32f10x_it.o(.text)
    DebugMon_Handler                         0x080008b9   Thumb Code     2  stm32f10x_it.o(.text)
    PendSV_Handler                           0x080008bb   Thumb Code     2  stm32f10x_it.o(.text)
    SysTick_Handler                          0x080008bd   Thumb Code     2  stm32f10x_it.o(.text)
    SystemInit                               0x08000989   Thumb Code    78  system_stm32f10x.o(.text)
    SystemCoreClockUpdate                    0x080009d7   Thumb Code   142  system_stm32f10x.o(.text)
    LED_Init                                 0x08000a89   Thumb Code    84  led.o(.text)
    TIM3_Int_Init                            0x08000ae5   Thumb Code    90  timer.o(.text)
    TIM3_IRQHandler                          0x08000b3f   Thumb Code    38  timer.o(.text)
    TIM3_PWM_Init                            0x08000b65   Thumb Code   142  timer.o(.text)
    TIM5_Cap_Init                            0x08000bf3   Thumb Code   158  timer.o(.text)
    TIM5_IRQHandler                          0x08000c91   Thumb Code  1618  timer.o(.text)
    encode                                   0x08001379   Thumb Code   358  gray.o(.text)
    decode_error_catch                       0x080014df   Thumb Code  1230  gray.o(.text)
    Sys_Standby                              0x080019ad   Thumb Code    22  wkup.o(.text)
    Sys_Enter_Standby                        0x080019c3   Thumb Code    18  wkup.o(.text)
    Check_WKUP                               0x080019d5   Thumb Code    68  wkup.o(.text)
    EXTI0_IRQHandler                         0x08001a19   Thumb Code    20  wkup.o(.text)
    WKUP_Init                                0x08001a2d   Thumb Code   106  wkup.o(.text)
    RoundKeyAddition                         0x08001aa5   Thumb Code    44  encrypt.o(.text)
    ShiftRow                                 0x08001ad1   Thumb Code   102  encrypt.o(.text)
    ByteSub                                  0x08001b37   Thumb Code    56  encrypt.o(.text)
    Xtime                                    0x08001b6f   Thumb Code    68  encrypt.o(.text)
    MixColumn                                0x08001bb3   Thumb Code   114  encrypt.o(.text)
    RotSub                                   0x08001c25   Thumb Code    58  encrypt.o(.text)
    KeyExpansion                             0x08001c5f   Thumb Code   284  encrypt.o(.text)
    Encrypt                                  0x08001d7b   Thumb Code   266  encrypt.o(.text)
    char_bit                                 0x08001e85   Thumb Code    72  encrypt.o(.text)
    bit_char                                 0x08001ecd   Thumb Code   124  encrypt.o(.text)
    delay_init                               0x08001f49   Thumb Code    42  delay.o(.text)
    delay_us                                 0x08001f73   Thumb Code    68  delay.o(.text)
    delay_ms                                 0x08001fb7   Thumb Code    70  delay.o(.text)
    NVIC_Configuration                       0x08002009   Thumb Code    12  sys.o(.text)
    _sys_exit                                0x08002015   Thumb Code     6  usart.o(.text)
    fputc                                    0x0800201b   Thumb Code    22  usart.o(.text)
    uart_init                                0x08002031   Thumb Code   158  usart.o(.text)
    USART1_IRQHandler                        0x080020cf   Thumb Code   124  usart.o(.text)
    Reset_Handler                            0x0800215d   Thumb Code     8  startup_stm32f10x_hd.o(.text)
    ADC1_2_IRQHandler                        0x08002177   Thumb Code     0  startup_stm32f10x_hd.o(.text)
    ADC3_IRQHandler                          0x08002177   Thumb Code     0  startup_stm32f10x_hd.o(.text)
    CAN1_RX1_IRQHandler                      0x08002177   Thumb Code     0  startup_stm32f10x_hd.o(.text)
    CAN1_SCE_IRQHandler                      0x08002177   Thumb Code     0  startup_stm32f10x_hd.o(.text)
    DMA1_Channel1_IRQHandler                 0x08002177   Thumb Code     0  startup_stm32f10x_hd.o(.text)
    DMA1_Channel2_IRQHandler                 0x08002177   Thumb Code     0  startup_stm32f10x_hd.o(.text)
    DMA1_Channel3_IRQHandler                 0x08002177   Thumb Code     0  startup_stm32f10x_hd.o(.text)
    DMA1_Channel4_IRQHandler                 0x08002177   Thumb Code     0  startup_stm32f10x_hd.o(.text)
    DMA1_Channel5_IRQHandler                 0x08002177   Thumb Code     0  startup_stm32f10x_hd.o(.text)
    DMA1_Channel6_IRQHandler                 0x08002177   Thumb Code     0  startup_stm32f10x_hd.o(.text)
    DMA1_Channel7_IRQHandler                 0x08002177   Thumb Code     0  startup_stm32f10x_hd.o(.text)
    DMA2_Channel1_IRQHandler                 0x08002177   Thumb Code     0  startup_stm32f10x_hd.o(.text)
    DMA2_Channel2_IRQHandler                 0x08002177   Thumb Code     0  startup_stm32f10x_hd.o(.text)
    DMA2_Channel3_IRQHandler                 0x08002177   Thumb Code     0  startup_stm32f10x_hd.o(.text)
    DMA2_Channel4_5_IRQHandler               0x08002177   Thumb Code     0  startup_stm32f10x_hd.o(.text)
    EXTI15_10_IRQHandler                     0x08002177   Thumb Code     0  startup_stm32f10x_hd.o(.text)
    EXTI1_IRQHandler                         0x08002177   Thumb Code     0  startup_stm32f10x_hd.o(.text)
    EXTI2_IRQHandler                         0x08002177   Thumb Code     0  startup_stm32f10x_hd.o(.text)
    EXTI3_IRQHandler                         0x08002177   Thumb Code     0  startup_stm32f10x_hd.o(.text)
    EXTI4_IRQHandler                         0x08002177   Thumb Code     0  startup_stm32f10x_hd.o(.text)
    EXTI9_5_IRQHandler                       0x08002177   Thumb Code     0  startup_stm32f10x_hd.o(.text)
    FLASH_IRQHandler                         0x08002177   Thumb Code     0  startup_stm32f10x_hd.o(.text)
    FSMC_IRQHandler                          0x08002177   Thumb Code     0  startup_stm32f10x_hd.o(.text)
    I2C1_ER_IRQHandler                       0x08002177   Thumb Code     0  startup_stm32f10x_hd.o(.text)
    I2C1_EV_IRQHandler                       0x08002177   Thumb Code     0  startup_stm32f10x_hd.o(.text)
    I2C2_ER_IRQHandler                       0x08002177   Thumb Code     0  startup_stm32f10x_hd.o(.text)
    I2C2_EV_IRQHandler                       0x08002177   Thumb Code     0  startup_stm32f10x_hd.o(.text)
    PVD_IRQHandler                           0x08002177   Thumb Code     0  startup_stm32f10x_hd.o(.text)
    RCC_IRQHandler                           0x08002177   Thumb Code     0  startup_stm32f10x_hd.o(.text)
    RTCAlarm_IRQHandler                      0x08002177   Thumb Code     0  startup_stm32f10x_hd.o(.text)
    RTC_IRQHandler                           0x08002177   Thumb Code     0  startup_stm32f10x_hd.o(.text)
    SDIO_IRQHandler                          0x08002177   Thumb Code     0  startup_stm32f10x_hd.o(.text)
    SPI1_IRQHandler                          0x08002177   Thumb Code     0  startup_stm32f10x_hd.o(.text)
    SPI2_IRQHandler                          0x08002177   Thumb Code     0  startup_stm32f10x_hd.o(.text)
    SPI3_IRQHandler                          0x08002177   Thumb Code     0  startup_stm32f10x_hd.o(.text)
    TAMPER_IRQHandler                        0x08002177   Thumb Code     0  startup_stm32f10x_hd.o(.text)
    TIM1_BRK_IRQHandler                      0x08002177   Thumb Code     0  startup_stm32f10x_hd.o(.text)
    TIM1_CC_IRQHandler                       0x08002177   Thumb Code     0  startup_stm32f10x_hd.o(.text)
    TIM1_TRG_COM_IRQHandler                  0x08002177   Thumb Code     0  startup_stm32f10x_hd.o(.text)
    TIM1_UP_IRQHandler                       0x08002177   Thumb Code     0  startup_stm32f10x_hd.o(.text)
    TIM2_IRQHandler                          0x08002177   Thumb Code     0  startup_stm32f10x_hd.o(.text)
    TIM4_IRQHandler                          0x08002177   Thumb Code     0  startup_stm32f10x_hd.o(.text)
    TIM6_IRQHandler                          0x08002177   Thumb Code     0  startup_stm32f10x_hd.o(.text)
    TIM7_IRQHandler                          0x08002177   Thumb Code     0  startup_stm32f10x_hd.o(.text)
    TIM8_BRK_IRQHandler                      0x08002177   Thumb Code     0  startup_stm32f10x_hd.o(.text)
    TIM8_CC_IRQHandler                       0x08002177   Thumb Code     0  startup_stm32f10x_hd.o(.text)
    TIM8_TRG_COM_IRQHandler                  0x08002177   Thumb Code     0  startup_stm32f10x_hd.o(.text)
    TIM8_UP_IRQHandler                       0x08002177   Thumb Code     0  startup_stm32f10x_hd.o(.text)
    UART4_IRQHandler                         0x08002177   Thumb Code     0  startup_stm32f10x_hd.o(.text)
    UART5_IRQHandler                         0x08002177   Thumb Code     0  startup_stm32f10x_hd.o(.text)
    USART2_IRQHandler                        0x08002177   Thumb Code     0  startup_stm32f10x_hd.o(.text)
    USART3_IRQHandler                        0x08002177   Thumb Code     0  startup_stm32f10x_hd.o(.text)
    USBWakeUp_IRQHandler                     0x08002177   Thumb Code     0  startup_stm32f10x_hd.o(.text)
    USB_HP_CAN1_TX_IRQHandler                0x08002177   Thumb Code     0  startup_stm32f10x_hd.o(.text)
    USB_LP_CAN1_RX0_IRQHandler               0x08002177   Thumb Code     0  startup_stm32f10x_hd.o(.text)
    WWDG_IRQHandler                          0x08002177   Thumb Code     0  startup_stm32f10x_hd.o(.text)
    __user_initial_stackheap                 0x08002179   Thumb Code     0  startup_stm32f10x_hd.o(.text)
    NVIC_PriorityGroupConfig                 0x0800219d   Thumb Code    10  misc.o(.text)
    NVIC_Init                                0x080021a7   Thumb Code   102  misc.o(.text)
    NVIC_SetVectorTable                      0x0800220d   Thumb Code    14  misc.o(.text)
    NVIC_SystemLPConfig                      0x0800221b   Thumb Code    38  misc.o(.text)
    SysTick_CLKSourceConfig                  0x08002241   Thumb Code    40  misc.o(.text)
    GPIO_DeInit                              0x0800227d   Thumb Code   172  stm32f10x_gpio.o(.text)
    GPIO_AFIODeInit                          0x08002329   Thumb Code    20  stm32f10x_gpio.o(.text)
    GPIO_Init                                0x0800233d   Thumb Code   268  stm32f10x_gpio.o(.text)
    GPIO_StructInit                          0x08002449   Thumb Code    16  stm32f10x_gpio.o(.text)
    GPIO_ReadInputDataBit                    0x08002459   Thumb Code    18  stm32f10x_gpio.o(.text)
    GPIO_ReadInputData                       0x0800246b   Thumb Code     8  stm32f10x_gpio.o(.text)
    GPIO_ReadOutputDataBit                   0x08002473   Thumb Code    18  stm32f10x_gpio.o(.text)
    GPIO_ReadOutputData                      0x08002485   Thumb Code     8  stm32f10x_gpio.o(.text)
    GPIO_SetBits                             0x0800248d   Thumb Code     4  stm32f10x_gpio.o(.text)
    GPIO_ResetBits                           0x08002491   Thumb Code     4  stm32f10x_gpio.o(.text)
    GPIO_WriteBit                            0x08002495   Thumb Code    10  stm32f10x_gpio.o(.text)
    GPIO_Write                               0x0800249f   Thumb Code     4  stm32f10x_gpio.o(.text)
    GPIO_PinLockConfig                       0x080024a3   Thumb Code    18  stm32f10x_gpio.o(.text)
    GPIO_EventOutputConfig                   0x080024b5   Thumb Code    24  stm32f10x_gpio.o(.text)
    GPIO_EventOutputCmd                      0x080024cd   Thumb Code     6  stm32f10x_gpio.o(.text)
    GPIO_PinRemapConfig                      0x080024d3   Thumb Code   136  stm32f10x_gpio.o(.text)
    GPIO_EXTILineConfig                      0x0800255b   Thumb Code    60  stm32f10x_gpio.o(.text)
    GPIO_ETH_MediaInterfaceConfig            0x08002597   Thumb Code     8  stm32f10x_gpio.o(.text)
    RCC_DeInit                               0x080025c5   Thumb Code    64  stm32f10x_rcc.o(.text)
    RCC_HSEConfig                            0x08002605   Thumb Code    70  stm32f10x_rcc.o(.text)
    RCC_GetFlagStatus                        0x0800264b   Thumb Code    56  stm32f10x_rcc.o(.text)
    RCC_WaitForHSEStartUp                    0x08002683   Thumb Code    48  stm32f10x_rcc.o(.text)
    RCC_AdjustHSICalibrationValue            0x080026b3   Thumb Code    18  stm32f10x_rcc.o(.text)
    RCC_HSICmd                               0x080026c5   Thumb Code     6  stm32f10x_rcc.o(.text)
    RCC_PLLConfig                            0x080026cb   Thumb Code    22  stm32f10x_rcc.o(.text)
    RCC_PLLCmd                               0x080026e1   Thumb Code     6  stm32f10x_rcc.o(.text)
    RCC_SYSCLKConfig                         0x080026e7   Thumb Code    16  stm32f10x_rcc.o(.text)
    RCC_GetSYSCLKSource                      0x080026f7   Thumb Code    10  stm32f10x_rcc.o(.text)
    RCC_HCLKConfig                           0x08002701   Thumb Code    16  stm32f10x_rcc.o(.text)
    RCC_PCLK1Config                          0x08002711   Thumb Code    16  stm32f10x_rcc.o(.text)
    RCC_PCLK2Config                          0x08002721   Thumb Code    18  stm32f10x_rcc.o(.text)
    RCC_ITConfig                             0x08002733   Thumb Code    30  stm32f10x_rcc.o(.text)
    RCC_USBCLKConfig                         0x08002751   Thumb Code     8  stm32f10x_rcc.o(.text)
    RCC_ADCCLKConfig                         0x08002759   Thumb Code    16  stm32f10x_rcc.o(.text)
    RCC_LSEConfig                            0x08002769   Thumb Code    50  stm32f10x_rcc.o(.text)
    RCC_LSICmd                               0x0800279b   Thumb Code     6  stm32f10x_rcc.o(.text)
    RCC_RTCCLKConfig                         0x080027a1   Thumb Code    12  stm32f10x_rcc.o(.text)
    RCC_RTCCLKCmd                            0x080027ad   Thumb Code     8  stm32f10x_rcc.o(.text)
    RCC_GetClocksFreq                        0x080027b5   Thumb Code   194  stm32f10x_rcc.o(.text)
    RCC_AHBPeriphClockCmd                    0x08002877   Thumb Code    26  stm32f10x_rcc.o(.text)
    RCC_APB2PeriphClockCmd                   0x08002891   Thumb Code    26  stm32f10x_rcc.o(.text)
    RCC_APB1PeriphClockCmd                   0x080028ab   Thumb Code    26  stm32f10x_rcc.o(.text)
    RCC_APB2PeriphResetCmd                   0x080028c5   Thumb Code    26  stm32f10x_rcc.o(.text)
    RCC_APB1PeriphResetCmd                   0x080028df   Thumb Code    26  stm32f10x_rcc.o(.text)
    RCC_BackupResetCmd                       0x080028f9   Thumb Code     8  stm32f10x_rcc.o(.text)
    RCC_ClockSecuritySystemCmd               0x08002901   Thumb Code     6  stm32f10x_rcc.o(.text)
    RCC_MCOConfig                            0x08002907   Thumb Code     6  stm32f10x_rcc.o(.text)
    RCC_ClearFlag                            0x0800290d   Thumb Code    14  stm32f10x_rcc.o(.text)
    RCC_GetITStatus                          0x0800291b   Thumb Code    20  stm32f10x_rcc.o(.text)
    RCC_ClearITPendingBit                    0x0800292f   Thumb Code     6  stm32f10x_rcc.o(.text)
    TIM_DeInit                               0x08002955   Thumb Code   424  stm32f10x_tim.o(.text)
    TIM_TimeBaseInit                         0x08002afd   Thumb Code   122  stm32f10x_tim.o(.text)
    TIM_OC1Init                              0x08002b77   Thumb Code   132  stm32f10x_tim.o(.text)
    TIM_OC2Init                              0x08002bfb   Thumb Code   146  stm32f10x_tim.o(.text)
    TIM_OC3Init                              0x08002c8d   Thumb Code   142  stm32f10x_tim.o(.text)
    TIM_OC4Init                              0x08002d1b   Thumb Code   172  stm32f10x_tim.o(.text)
    TIM_SetIC4Prescaler                      0x08002dc7   Thumb Code    22  stm32f10x_tim.o(.text)
    TIM_SetIC3Prescaler                      0x08002e4f   Thumb Code    18  stm32f10x_tim.o(.text)
    TIM_SetIC2Prescaler                      0x08002ecf   Thumb Code    22  stm32f10x_tim.o(.text)
    TIM_SetIC1Prescaler                      0x08002f57   Thumb Code    18  stm32f10x_tim.o(.text)
    TIM_ICInit                               0x08002fcf   Thumb Code   150  stm32f10x_tim.o(.text)
    TIM_PWMIConfig                           0x08003065   Thumb Code   124  stm32f10x_tim.o(.text)
    TIM_BDTRConfig                           0x080030e1   Thumb Code    32  stm32f10x_tim.o(.text)
    TIM_TimeBaseStructInit                   0x08003101   Thumb Code    18  stm32f10x_tim.o(.text)
    TIM_OCStructInit                         0x08003113   Thumb Code    20  stm32f10x_tim.o(.text)
    TIM_ICStructInit                         0x08003127   Thumb Code    18  stm32f10x_tim.o(.text)
    TIM_BDTRStructInit                       0x08003139   Thumb Code    18  stm32f10x_tim.o(.text)
    TIM_Cmd                                  0x0800314b   Thumb Code    24  stm32f10x_tim.o(.text)
    TIM_CtrlPWMOutputs                       0x08003163   Thumb Code    50  stm32f10x_tim.o(.text)
    TIM_ITConfig                             0x08003195   Thumb Code    24  stm32f10x_tim.o(.text)
    TIM_GenerateEvent                        0x080031ad   Thumb Code     4  stm32f10x_tim.o(.text)
    TIM_DMAConfig                            0x080031b1   Thumb Code    10  stm32f10x_tim.o(.text)
    TIM_DMACmd                               0x080031bb   Thumb Code    24  stm32f10x_tim.o(.text)
    TIM_InternalClockConfig                  0x080031d3   Thumb Code    12  stm32f10x_tim.o(.text)
    TIM_SelectInputTrigger                   0x080031df   Thumb Code    16  stm32f10x_tim.o(.text)
    TIM_ITRxExternalClockConfig              0x080031ef   Thumb Code    24  stm32f10x_tim.o(.text)
    TIM_TIxExternalClockConfig               0x08003207   Thumb Code    62  stm32f10x_tim.o(.text)
    TIM_ETRConfig                            0x08003245   Thumb Code    22  stm32f10x_tim.o(.text)
    TIM_ETRClockMode1Config                  0x0800325b   Thumb Code    54  stm32f10x_tim.o(.text)
    TIM_ETRClockMode2Config                  0x08003291   Thumb Code    32  stm32f10x_tim.o(.text)
    TIM_PrescalerConfig                      0x080032b1   Thumb Code     6  stm32f10x_tim.o(.text)
    TIM_CounterModeConfig                    0x080032b7   Thumb Code    16  stm32f10x_tim.o(.text)
    TIM_EncoderInterfaceConfig               0x080032c7   Thumb Code    56  stm32f10x_tim.o(.text)
    TIM_ForcedOC1Config                      0x080032ff   Thumb Code    16  stm32f10x_tim.o(.text)
    TIM_ForcedOC2Config                      0x0800330f   Thumb Code    20  stm32f10x_tim.o(.text)
    TIM_ForcedOC3Config                      0x08003323   Thumb Code    16  stm32f10x_tim.o(.text)
    TIM_ForcedOC4Config                      0x08003333   Thumb Code    20  stm32f10x_tim.o(.text)
    TIM_ARRPreloadConfig                     0x08003347   Thumb Code    24  stm32f10x_tim.o(.text)
    TIM_SelectCOM                            0x0800335f   Thumb Code    24  stm32f10x_tim.o(.text)
    TIM_SelectCCDMA                          0x08003377   Thumb Code    24  stm32f10x_tim.o(.text)
    TIM_CCPreloadControl                     0x0800338f   Thumb Code    24  stm32f10x_tim.o(.text)
    TIM_OC1PreloadConfig                     0x080033a7   Thumb Code    16  stm32f10x_tim.o(.text)
    TIM_OC2PreloadConfig                     0x080033b7   Thumb Code    20  stm32f10x_tim.o(.text)
    TIM_OC3PreloadConfig                     0x080033cb   Thumb Code    16  stm32f10x_tim.o(.text)
    TIM_OC4PreloadConfig                     0x080033db   Thumb Code    20  stm32f10x_tim.o(.text)
    TIM_OC1FastConfig                        0x080033ef   Thumb Code    16  stm32f10x_tim.o(.text)
    TIM_OC2FastConfig                        0x080033ff   Thumb Code    20  stm32f10x_tim.o(.text)
    TIM_OC3FastConfig                        0x08003413   Thumb Code    16  stm32f10x_tim.o(.text)
    TIM_OC4FastConfig                        0x08003423   Thumb Code    20  stm32f10x_tim.o(.text)
    TIM_ClearOC1Ref                          0x08003437   Thumb Code    16  stm32f10x_tim.o(.text)
    TIM_ClearOC2Ref                          0x08003447   Thumb Code    18  stm32f10x_tim.o(.text)
    TIM_ClearOC3Ref                          0x08003459   Thumb Code    16  stm32f10x_tim.o(.text)
    TIM_ClearOC4Ref                          0x08003469   Thumb Code    18  stm32f10x_tim.o(.text)
    TIM_OC1PolarityConfig                    0x0800347b   Thumb Code    16  stm32f10x_tim.o(.text)
    TIM_OC1NPolarityConfig                   0x0800348b   Thumb Code    16  stm32f10x_tim.o(.text)
    TIM_OC2PolarityConfig                    0x0800349b   Thumb Code    20  stm32f10x_tim.o(.text)
    TIM_OC2NPolarityConfig                   0x080034af   Thumb Code    20  stm32f10x_tim.o(.text)
    TIM_OC3PolarityConfig                    0x080034c3   Thumb Code    20  stm32f10x_tim.o(.text)
    TIM_OC3NPolarityConfig                   0x080034d7   Thumb Code    20  stm32f10x_tim.o(.text)
    TIM_OC4PolarityConfig                    0x080034eb   Thumb Code    20  stm32f10x_tim.o(.text)
    TIM_CCxCmd                               0x080034ff   Thumb Code    34  stm32f10x_tim.o(.text)
    TIM_CCxNCmd                              0x08003521   Thumb Code    34  stm32f10x_tim.o(.text)
    TIM_SelectOCxM                           0x08003543   Thumb Code    82  stm32f10x_tim.o(.text)
    TIM_UpdateDisableConfig                  0x08003595   Thumb Code    24  stm32f10x_tim.o(.text)
    TIM_UpdateRequestConfig                  0x080035ad   Thumb Code    24  stm32f10x_tim.o(.text)
    TIM_SelectHallSensor                     0x080035c5   Thumb Code    24  stm32f10x_tim.o(.text)
    TIM_SelectOnePulseMode                   0x080035dd   Thumb Code    18  stm32f10x_tim.o(.text)
    TIM_SelectOutputTrigger                  0x080035ef   Thumb Code    18  stm32f10x_tim.o(.text)
    TIM_SelectSlaveMode                      0x08003601   Thumb Code    18  stm32f10x_tim.o(.text)
    TIM_SelectMasterSlaveMode                0x08003613   Thumb Code    18  stm32f10x_tim.o(.text)
    TIM_SetCounter                           0x08003625   Thumb Code     4  stm32f10x_tim.o(.text)
    TIM_SetAutoreload                        0x08003629   Thumb Code     4  stm32f10x_tim.o(.text)
    TIM_SetCompare1                          0x0800362d   Thumb Code     4  stm32f10x_tim.o(.text)
    TIM_SetCompare2                          0x08003631   Thumb Code     4  stm32f10x_tim.o(.text)
    TIM_SetCompare3                          0x08003635   Thumb Code     4  stm32f10x_tim.o(.text)
    TIM_SetCompare4                          0x08003639   Thumb Code     6  stm32f10x_tim.o(.text)
    TIM_SetClockDivision                     0x0800363f   Thumb Code    18  stm32f10x_tim.o(.text)
    TIM_GetCapture1                          0x08003651   Thumb Code     6  stm32f10x_tim.o(.text)
    TIM_GetCapture2                          0x08003657   Thumb Code     6  stm32f10x_tim.o(.text)
    TIM_GetCapture3                          0x0800365d   Thumb Code     6  stm32f10x_tim.o(.text)
    TIM_GetCapture4                          0x08003663   Thumb Code     8  stm32f10x_tim.o(.text)
    TIM_GetCounter                           0x0800366b   Thumb Code     6  stm32f10x_tim.o(.text)
    TIM_GetPrescaler                         0x08003671   Thumb Code     6  stm32f10x_tim.o(.text)
    TIM_GetFlagStatus                        0x08003677   Thumb Code    18  stm32f10x_tim.o(.text)
    TIM_ClearFlag                            0x08003689   Thumb Code     6  stm32f10x_tim.o(.text)
    TIM_GetITStatus                          0x0800368f   Thumb Code    34  stm32f10x_tim.o(.text)
    TIM_ClearITPendingBit                    0x080036b1   Thumb Code     6  stm32f10x_tim.o(.text)
    USART_DeInit                             0x080036b9   Thumb Code   134  stm32f10x_usart.o(.text)
    USART_Init                               0x0800373f   Thumb Code   210  stm32f10x_usart.o(.text)
    USART_StructInit                         0x08003811   Thumb Code    24  stm32f10x_usart.o(.text)
    USART_ClockInit                          0x08003829   Thumb Code    32  stm32f10x_usart.o(.text)
    USART_ClockStructInit                    0x08003849   Thumb Code    12  stm32f10x_usart.o(.text)
    USART_Cmd                                0x08003855   Thumb Code    24  stm32f10x_usart.o(.text)
    USART_ITConfig                           0x0800386d   Thumb Code    72  stm32f10x_usart.o(.text)
    USART_DMACmd                             0x080038b5   Thumb Code    24  stm32f10x_usart.o(.text)
    USART_SetAddress                         0x080038cd   Thumb Code    18  stm32f10x_usart.o(.text)
    USART_WakeUpConfig                       0x080038df   Thumb Code    18  stm32f10x_usart.o(.text)
    USART_ReceiverWakeUpCmd                  0x080038f1   Thumb Code    24  stm32f10x_usart.o(.text)
    USART_LINBreakDetectLengthConfig         0x08003909   Thumb Code    18  stm32f10x_usart.o(.text)
    USART_LINCmd                             0x0800391b   Thumb Code    24  stm32f10x_usart.o(.text)
    USART_SendData                           0x08003933   Thumb Code     8  stm32f10x_usart.o(.text)
    USART_ReceiveData                        0x0800393b   Thumb Code    10  stm32f10x_usart.o(.text)
    USART_SendBreak                          0x08003945   Thumb Code    10  stm32f10x_usart.o(.text)
    USART_SetGuardTime                       0x0800394f   Thumb Code    16  stm32f10x_usart.o(.text)
    USART_SetPrescaler                       0x0800395f   Thumb Code    16  stm32f10x_usart.o(.text)
    USART_SmartCardCmd                       0x0800396f   Thumb Code    24  stm32f10x_usart.o(.text)
    USART_SmartCardNACKCmd                   0x08003987   Thumb Code    24  stm32f10x_usart.o(.text)
    USART_HalfDuplexCmd                      0x0800399f   Thumb Code    24  stm32f10x_usart.o(.text)
    USART_OverSampling8Cmd                   0x080039b7   Thumb Code    22  stm32f10x_usart.o(.text)
    USART_OneBitMethodCmd                    0x080039cd   Thumb Code    24  stm32f10x_usart.o(.text)
    USART_IrDAConfig                         0x080039e5   Thumb Code    18  stm32f10x_usart.o(.text)
    USART_IrDACmd                            0x080039f7   Thumb Code    24  stm32f10x_usart.o(.text)
    USART_GetFlagStatus                      0x08003a0f   Thumb Code    26  stm32f10x_usart.o(.text)
    USART_ClearFlag                          0x08003a29   Thumb Code    18  stm32f10x_usart.o(.text)
    USART_GetITStatus                        0x08003a3b   Thumb Code    84  stm32f10x_usart.o(.text)
    USART_ClearITPendingBit                  0x08003a8f   Thumb Code    50  stm32f10x_usart.o(.text)
    PWR_DeInit                               0x08003ac1   Thumb Code    22  stm32f10x_pwr.o(.text)
    PWR_BackupAccessCmd                      0x08003ad7   Thumb Code     6  stm32f10x_pwr.o(.text)
    PWR_PVDCmd                               0x08003add   Thumb Code     6  stm32f10x_pwr.o(.text)
    PWR_PVDLevelConfig                       0x08003ae3   Thumb Code    16  stm32f10x_pwr.o(.text)
    PWR_WakeUpPinCmd                         0x08003af3   Thumb Code     8  stm32f10x_pwr.o(.text)
    PWR_EnterSTOPMode                        0x08003afb   Thumb Code    60  stm32f10x_pwr.o(.text)
    PWR_EnterSTANDBYMode                     0x08003b37   Thumb Code    46  stm32f10x_pwr.o(.text)
    PWR_GetFlagStatus                        0x08003b65   Thumb Code    20  stm32f10x_pwr.o(.text)
    PWR_ClearFlag                            0x08003b79   Thumb Code    14  stm32f10x_pwr.o(.text)
    EXTI_DeInit                              0x08003b95   Thumb Code    32  stm32f10x_exti.o(.text)
    EXTI_Init                                0x08003bb5   Thumb Code   154  stm32f10x_exti.o(.text)
    EXTI_StructInit                          0x08003c4f   Thumb Code    16  stm32f10x_exti.o(.text)
    EXTI_GenerateSWInterrupt                 0x08003c5f   Thumb Code    16  stm32f10x_exti.o(.text)
    EXTI_GetFlagStatus                       0x08003c6f   Thumb Code    22  stm32f10x_exti.o(.text)
    EXTI_ClearFlag                           0x08003c85   Thumb Code     8  stm32f10x_exti.o(.text)
    EXTI_GetITStatus                         0x08003c8d   Thumb Code    34  stm32f10x_exti.o(.text)
    EXTI_ClearITPendingBit                   0x08003caf   Thumb Code     8  stm32f10x_exti.o(.text)
    __use_no_semihosting                     0x08003cc5   Thumb Code     2  use_no_semi_2.o(.text)
    __2printf                                0x08003cc9   Thumb Code    24  noretval__2printf.o(.text)
    __printf                                 0x08003ce9   Thumb Code   110  __printf.o(.text)
    _printf_int_dec                          0x08003d59   Thumb Code    96  _printf_dec.o(.text)
    __aeabi_memclr4                          0x08003dc9   Thumb Code     0  rt_memclr_w.o(.text)
    __aeabi_memclr8                          0x08003dc9   Thumb Code     0  rt_memclr_w.o(.text)
    __rt_memclr_w                            0x08003dc9   Thumb Code    78  rt_memclr_w.o(.text)
    _memset_w                                0x08003dcd   Thumb Code     0  rt_memclr_w.o(.text)
    __use_two_region_memory                  0x08003e17   Thumb Code     2  heapauxi.o(.text)
    __rt_heap_escrow$2region                 0x08003e19   Thumb Code     2  heapauxi.o(.text)
    __rt_heap_expand$2region                 0x08003e1b   Thumb Code     2  heapauxi.o(.text)
    __I$use$semihosting                      0x08003e1d   Thumb Code     0  use_no_semi.o(.text)
    __use_no_semihosting_swi                 0x08003e1d   Thumb Code     2  use_no_semi.o(.text)
    _printf_int_common                       0x08003e1f   Thumb Code   174  _printf_intcommon.o(.text)
    __lib_sel_fp_printf                      0x08003ecd   Thumb Code     2  _printf_fp_dec.o(.text)
    _printf_fp_dec_real                      0x080040b5   Thumb Code   608  _printf_fp_dec.o(.text)
    _printf_char_common                      0x0800431f   Thumb Code    34  _printf_char_common.o(.text)
    __rt_udiv10                              0x08004345   Thumb Code    16  rtudiv10.o(.text)
    __rt_locale                              0x08004355   Thumb Code    12  rt_locale_intlibspace.o(.text)
    _ll_udiv10                               0x08004361   Thumb Code   138  lludiv10.o(.text)
    _printf_fp_infnan                        0x080043ed   Thumb Code   108  _printf_fp_infnan.o(.text)
    _btod_etento                             0x08004469   Thumb Code   202  bigflt0.o(.text)
    __user_libspace                          0x08004539   Thumb Code     8  libspace.o(.text)
    __user_perproc_libspace                  0x08004539   Thumb Code     0  libspace.o(.text)
    __user_perthread_libspace                0x08004539   Thumb Code     0  libspace.o(.text)
    __user_setup_stackheap                   0x08004541   Thumb Code    74  sys_stackheap_outer.o(.text)
    exit                                     0x0800458b   Thumb Code    12  exit.o(.text)
    strcmp                                   0x08004599   Thumb Code   128  strcmpv7m.o(.text)
    _btod_d2e                                0x08004619   Thumb Code    62  btod.o(CL$$btod_d2e)
    _d2e_denorm_low                          0x08004657   Thumb Code    70  btod.o(CL$$btod_d2e_denorm_low)
    _d2e_norm_op1                            0x0800469d   Thumb Code    96  btod.o(CL$$btod_d2e_norm_op1)
    __btod_div_common                        0x080046fd   Thumb Code   696  btod.o(CL$$btod_div_common)
    _e2e                                     0x08004a35   Thumb Code   198  btod.o(CL$$btod_e2e)
    _btod_ediv                               0x08004afb   Thumb Code    40  btod.o(CL$$btod_ediv)
    _btod_emul                               0x08004b23   Thumb Code    40  btod.o(CL$$btod_emul)
    __btod_mult_common                       0x08004b4b   Thumb Code   580  btod.o(CL$$btod_mult_common)
    __ARM_fpclassify                         0x08004d8f   Thumb Code    40  fpclassify.o(i.__ARM_fpclassify)
    _get_lc_numeric                          0x08004db9   Thumb Code    44  lc_numeric_c.o(locale$$code)
    __aeabi_i2d                              0x08004de5   Thumb Code     0  dflt_clz.o(x$fpl$dflt)
    _dflt                                    0x08004de5   Thumb Code    44  dflt_clz.o(x$fpl$dflt)
    __dflt_normalise                         0x08004df3   Thumb Code     0  dflt_clz.o(x$fpl$dflt)
    __aeabi_f2d                              0x08004e11   Thumb Code     0  f2d.o(x$fpl$f2d)
    _f2d                                     0x08004e11   Thumb Code    76  f2d.o(x$fpl$f2d)
    __fpl_inf_f2d                            0x08004e55   Thumb Code     0  f2d.o(x$fpl$f2d)
    __fpl_fcheck_NaN2                        0x08004e61   Thumb Code     6  fcheck.o(x$fpl$fcheck)
    __fpl_fcheck_NaN1                        0x08004e6d   Thumb Code     6  fcheck1.o(x$fpl$fcheck1)
    __aeabi_fdiv                             0x08004e79   Thumb Code     0  fdiv.o(x$fpl$fdiv)
    _fdiv                                    0x08004e79   Thumb Code   476  fdiv.o(x$fpl$fdiv)
    __fpl_inf_fdiv                           0x0800501d   Thumb Code     0  fdiv.o(x$fpl$fdiv)
    __aeabi_i2f                              0x0800505d   Thumb Code     0  fflt_clz.o(x$fpl$fflt)
    _fflt                                    0x0800505d   Thumb Code    50  fflt_clz.o(x$fpl$fflt)
    __fflt_normalise                         0x08005069   Thumb Code     0  fflt_clz.o(x$fpl$fflt)
    __fpl_normalise2                         0x0800508f   Thumb Code    74  fnorm2_clz.o(x$fpl$fnorm2)
    __funder                                 0x080050d9   Thumb Code   132  funder.o(x$fpl$funder)
    __funder_d                               0x0800515d   Thumb Code     2  funder.o(x$fpl$funder)
    _printf_fp_dec                           0x0800515f   Thumb Code     4  printf1.o(x$fpl$printf1)
    __fpl_return_NaN                         0x08005163   Thumb Code   100  retnan.o(x$fpl$retnan)
    __fpl_cmpreturn                          0x080051c7   Thumb Code    48  trapv.o(x$fpl$trapveneer)
    __I$use$fp                               0x080051f7   Thumb Code     0  usenofp.o(x$fpl$usenofp)
    sbox                                     0x080052b1   Data         256  encrypt.o(.constdata)
    Region$$Table$$Base                      0x08005448   Number         0  anon$$obj.o(Region$$Table)
    Region$$Table$$Limit                     0x08005468   Number         0  anon$$obj.o(Region$$Table)
    frame_window_counter                     0x20000000   Data           1  main.o(.data)
    decoded_frame_index                      0x20000002   Data           2  main.o(.data)
    SystemCoreClock                          0x20000004   Data           4  system_stm32f10x.o(.data)
    AHBPrescTable                            0x20000008   Data          16  system_stm32f10x.o(.data)
    TIM5CH1_CAPTURE_STA                      0x20000018   Data           2  timer.o(.data)
    TIM5CH1_CAPTURE_VAL                      0x2000001a   Data           2  timer.o(.data)
    TIM5CH1_DOWN_CAPTURE_VAL                 0x2000001c   Data           2  timer.o(.data)
    frame_index                              0x2000001e   Data           2  timer.o(.data)
    barker                                   0x20000020   Data          11  timer.o(.data)
    barker_sum                               0x2000002b   Data           1  timer.o(.data)
    frame_lengths                            0x2000002c   Data           2  timer.o(.data)
    tmp_buf                                  0x2000002e   Data           1  timer.o(.data)
    cipherkey_radio                          0x20000033   Data          16  encrypt.o(.data)
    Polymatrix                               0x20000043   Data          16  encrypt.o(.data)
    USART_RX_STA                             0x2000005c   Data           2  usart.o(.data)
    __stdout                                 0x20000060   Data           4  usart.o(.data)
    bit_SYCN_UP                              0x20000078   Data          14  timer.o(.bss)
    bit_SYCN_DOWN                            0x20000086   Data          14  timer.o(.bss)
    receive_frame                            0x20000094   Data        1100  timer.o(.bss)
    buf_barker                               0x200004e0   Data          12  timer.o(.bss)
    TIM5_ICInitStructure                     0x200004ec   Data          10  timer.o(.bss)
    expandedkey                              0x20000506   Data         176  encrypt.o(.bss)
    temp                                     0x200005b6   Data          16  encrypt.o(.bss)
    key                                      0x200005c6   Data          16  encrypt.o(.bss)
    USART_RX_BUF                             0x200005d6   Data         200  usart.o(.bss)
    __libspace_start                         0x200006a0   Data          96  libspace.o(.bss)
    __temporary_stack_top$libspace           0x20000700   Data           0  libspace.o(.bss)



==============================================================================

Memory Map of the image

  Image Entry point : 0x08000131

  Load Region LR_IROM1 (Base: 0x08000000, Size: 0x000054fc, Max: 0x00080000, ABSOLUTE)

    Execution Region ER_IROM1 (Base: 0x08000000, Size: 0x00005484, Max: 0x00080000, ABSOLUTE)

    Base Addr    Size         Type   Attr      Idx    E Section Name        Object

    0x08000000   0x00000130   Data   RO          294    RESET               startup_stm32f10x_hd.o
    0x08000130   0x00000008   Code   RO          434  * !!!main             __main.o(c_w.l)
    0x08000138   0x00000034   Code   RO          676    !!!scatter          __scatter.o(c_w.l)
    0x0800016c   0x0000001a   Code   RO          678    !!handler_copy      __scatter_copy.o(c_w.l)
    0x08000186   0x00000002   PAD
    0x08000188   0x0000001c   Code   RO          680    !!handler_zi        __scatter_zi.o(c_w.l)
    0x080001a4   0x00000000   Code   RO          429    .ARM.Collect$$_printf_percent$$00000000  _printf_percent.o(c_w.l)
    0x080001a4   0x00000006   Code   RO          428    .ARM.Collect$$_printf_percent$$00000003  _printf_f.o(c_w.l)
    0x080001aa   0x00000006   Code   RO          427    .ARM.Collect$$_printf_percent$$00000009  _printf_d.o(c_w.l)
    0x080001b0   0x00000004   Code   RO          458    .ARM.Collect$$_printf_percent$$00000017  _printf_percent_end.o(c_w.l)
    0x080001b4   0x00000006   Code   RO          556    .ARM.Collect$$libinit$$00000000  libinit.o(c_w.l)
    0x080001ba   0x00000000   Code   RO          559    .ARM.Collect$$libinit$$00000006  libinit2.o(c_w.l)
    0x080001ba   0x00000000   Code   RO          561    .ARM.Collect$$libinit$$00000008  libinit2.o(c_w.l)
    0x080001ba   0x00000000   Code   RO          563    .ARM.Collect$$libinit$$0000000A  libinit2.o(c_w.l)
    0x080001ba   0x00000006   Code   RO          564    .ARM.Collect$$libinit$$0000000B  libinit2.o(c_w.l)
    0x080001c0   0x00000000   Code   RO          566    .ARM.Collect$$libinit$$0000000D  libinit2.o(c_w.l)
    0x080001c0   0x00000000   Code   RO          568    .ARM.Collect$$libinit$$0000000F  libinit2.o(c_w.l)
    0x080001c0   0x00000000   Code   RO          570    .ARM.Collect$$libinit$$00000011  libinit2.o(c_w.l)
    0x080001c0   0x0000000a   Code   RO          571    .ARM.Collect$$libinit$$00000012  libinit2.o(c_w.l)
    0x080001ca   0x00000000   Code   RO          572    .ARM.Collect$$libinit$$00000013  libinit2.o(c_w.l)
    0x080001ca   0x00000000   Code   RO          574    .ARM.Collect$$libinit$$00000015  libinit2.o(c_w.l)
    0x080001ca   0x00000000   Code   RO          576    .ARM.Collect$$libinit$$00000017  libinit2.o(c_w.l)
    0x080001ca   0x00000000   Code   RO          578    .ARM.Collect$$libinit$$00000019  libinit2.o(c_w.l)
    0x080001ca   0x00000000   Code   RO          580    .ARM.Collect$$libinit$$0000001B  libinit2.o(c_w.l)
    0x080001ca   0x00000000   Code   RO          582    .ARM.Collect$$libinit$$0000001D  libinit2.o(c_w.l)
    0x080001ca   0x00000000   Code   RO          584    .ARM.Collect$$libinit$$0000001F  libinit2.o(c_w.l)
    0x080001ca   0x00000000   Code   RO          586    .ARM.Collect$$libinit$$00000021  libinit2.o(c_w.l)
    0x080001ca   0x00000000   Code   RO          590    .ARM.Collect$$libinit$$00000028  libinit2.o(c_w.l)
    0x080001ca   0x00000000   Code   RO          592    .ARM.Collect$$libinit$$0000002A  libinit2.o(c_w.l)
    0x080001ca   0x00000000   Code   RO          594    .ARM.Collect$$libinit$$0000002C  libinit2.o(c_w.l)
    0x080001ca   0x00000000   Code   RO          596    .ARM.Collect$$libinit$$0000002E  libinit2.o(c_w.l)
    0x080001ca   0x00000002   Code   RO          597    .ARM.Collect$$libinit$$0000002F  libinit2.o(c_w.l)
    0x080001cc   0x00000002   Code   RO          628    .ARM.Collect$$libshutdown$$00000000  libshutdown.o(c_w.l)
    0x080001ce   0x00000000   Code   RO          637    .ARM.Collect$$libshutdown$$00000003  libshutdown2.o(c_w.l)
    0x080001ce   0x00000000   Code   RO          640    .ARM.Collect$$libshutdown$$00000006  libshutdown2.o(c_w.l)
    0x080001ce   0x00000000   Code   RO          643    .ARM.Collect$$libshutdown$$00000009  libshutdown2.o(c_w.l)
    0x080001ce   0x00000000   Code   RO          645    .ARM.Collect$$libshutdown$$0000000B  libshutdown2.o(c_w.l)
    0x080001ce   0x00000000   Code   RO          648    .ARM.Collect$$libshutdown$$0000000E  libshutdown2.o(c_w.l)
    0x080001ce   0x00000002   Code   RO          649    .ARM.Collect$$libshutdown$$0000000F  libshutdown2.o(c_w.l)
    0x080001d0   0x00000000   Code   RO          450    .ARM.Collect$$rtentry$$00000000  rtentry.o(c_w.l)
    0x080001d0   0x00000000   Code   RO          479    .ARM.Collect$$rtentry$$00000002  rtentry2.o(c_w.l)
    0x080001d0   0x00000006   Code   RO          494    .ARM.Collect$$rtentry$$00000004  rtentry4.o(c_w.l)
    0x080001d6   0x00000000   Code   RO          481    .ARM.Collect$$rtentry$$00000009  rtentry2.o(c_w.l)
    0x080001d6   0x00000004   Code   RO          482    .ARM.Collect$$rtentry$$0000000A  rtentry2.o(c_w.l)
    0x080001da   0x00000000   Code   RO          484    .ARM.Collect$$rtentry$$0000000C  rtentry2.o(c_w.l)
    0x080001da   0x00000008   Code   RO          485    .ARM.Collect$$rtentry$$0000000D  rtentry2.o(c_w.l)
    0x080001e2   0x00000000   Code   RO          600    .ARM.Collect$$rtexit$$00000000  rtexit.o(c_w.l)
    0x080001e2   0x00000000   Code   RO          607    .ARM.Collect$$rtexit$$00000002  rtexit2.o(c_w.l)
    0x080001e2   0x00000004   Code   RO          608    .ARM.Collect$$rtexit$$00000003  rtexit2.o(c_w.l)
    0x080001e6   0x00000004   Code   RO          609    .ARM.Collect$$rtexit$$00000004  rtexit2.o(c_w.l)
    0x080001ea   0x00000002   PAD
    0x080001ec   0x000006b8   Code   RO            1    .text               main.o
    0x080008a4   0x0000001a   Code   RO           96    .text               stm32f10x_it.o
    0x080008be   0x00000002   PAD
    0x080008c0   0x000001c8   Code   RO          131    .text               system_stm32f10x.o
    0x08000a88   0x0000005c   Code   RO          149    .text               led.o
    0x08000ae4   0x00000894   Code   RO          174    .text               timer.o
    0x08001378   0x00000634   Code   RO          191    .text               gray.o
    0x080019ac   0x000000f8   Code   RO          203    .text               wkup.o
    0x08001aa4   0x000004a4   Code   RO          215    .text               encrypt.o
    0x08001f48   0x000000c0   Code   RO          232    .text               delay.o
    0x08002008   0x0000000c   Code   RO          246    .text               sys.o
    0x08002014   0x00000148   Code   RO          258    .text               usart.o
    0x0800215c   0x00000040   Code   RO          295    .text               startup_stm32f10x_hd.o
    0x0800219c   0x000000e0   Code   RO          299    .text               misc.o
    0x0800227c   0x00000348   Code   RO          311    .text               stm32f10x_gpio.o
    0x080025c4   0x00000390   Code   RO          323    .text               stm32f10x_rcc.o
    0x08002954   0x00000d62   Code   RO          337    .text               stm32f10x_tim.o
    0x080036b6   0x00000002   PAD
    0x080036b8   0x00000408   Code   RO          349    .text               stm32f10x_usart.o
    0x08003ac0   0x000000d4   Code   RO          373    .text               stm32f10x_pwr.o
    0x08003b94   0x00000130   Code   RO          385    .text               stm32f10x_exti.o
    0x08003cc4   0x00000002   Code   RO          399    .text               use_no_semi_2.o(c_w.l)
    0x08003cc6   0x00000002   PAD
    0x08003cc8   0x00000020   Code   RO          403    .text               noretval__2printf.o(c_w.l)
    0x08003ce8   0x0000006e   Code   RO          405    .text               __printf.o(c_w.l)
    0x08003d56   0x00000002   PAD
    0x08003d58   0x00000070   Code   RO          407    .text               _printf_dec.o(c_w.l)
    0x08003dc8   0x0000004e   Code   RO          430    .text               rt_memclr_w.o(c_w.l)
    0x08003e16   0x00000006   Code   RO          432    .text               heapauxi.o(c_w.l)
    0x08003e1c   0x00000002   Code   RO          448    .text               use_no_semi.o(c_w.l)
    0x08003e1e   0x000000ae   Code   RO          452    .text               _printf_intcommon.o(c_w.l)
    0x08003ecc   0x00000448   Code   RO          454    .text               _printf_fp_dec.o(c_w.l)
    0x08004314   0x00000030   Code   RO          456    .text               _printf_char_common.o(c_w.l)
    0x08004344   0x00000010   Code   RO          463    .text               rtudiv10.o(c_w.l)
    0x08004354   0x0000000c   Code   RO          499    .text               rt_locale_intlibspace.o(c_w.l)
    0x08004360   0x0000008a   Code   RO          501    .text               lludiv10.o(c_w.l)
    0x080043ea   0x00000002   PAD
    0x080043ec   0x0000007c   Code   RO          503    .text               _printf_fp_infnan.o(c_w.l)
    0x08004468   0x000000d0   Code   RO          507    .text               bigflt0.o(c_w.l)
    0x08004538   0x00000008   Code   RO          541    .text               libspace.o(c_w.l)
    0x08004540   0x0000004a   Code   RO          544    .text               sys_stackheap_outer.o(c_w.l)
    0x0800458a   0x0000000c   Code   RO          546    .text               exit.o(c_w.l)
    0x08004596   0x00000002   PAD
    0x08004598   0x00000080   Code   RO          548    .text               strcmpv7m.o(c_w.l)
    0x08004618   0x0000003e   Code   RO          510    CL$$btod_d2e        btod.o(c_w.l)
    0x08004656   0x00000046   Code   RO          512    CL$$btod_d2e_denorm_low  btod.o(c_w.l)
    0x0800469c   0x00000060   Code   RO          511    CL$$btod_d2e_norm_op1  btod.o(c_w.l)
    0x080046fc   0x00000338   Code   RO          520    CL$$btod_div_common  btod.o(c_w.l)
    0x08004a34   0x000000c6   Code   RO          517    CL$$btod_e2e        btod.o(c_w.l)
    0x08004afa   0x00000028   Code   RO          514    CL$$btod_ediv       btod.o(c_w.l)
    0x08004b22   0x00000028   Code   RO          513    CL$$btod_emul       btod.o(c_w.l)
    0x08004b4a   0x00000244   Code   RO          519    CL$$btod_mult_common  btod.o(c_w.l)
    0x08004d8e   0x00000028   Code   RO          539    i.__ARM_fpclassify  fpclassify.o(m_ws.l)
    0x08004db6   0x00000002   PAD
    0x08004db8   0x0000002c   Code   RO          533    locale$$code        lc_numeric_c.o(c_w.l)
    0x08004de4   0x0000002c   Code   RO          466    x$fpl$dflt          dflt_clz.o(fz_ws.l)
    0x08004e10   0x00000050   Code   RO          436    x$fpl$f2d           f2d.o(fz_ws.l)
    0x08004e60   0x0000000c   Code   RO          469    x$fpl$fcheck        fcheck.o(fz_ws.l)
    0x08004e6c   0x0000000c   Code   RO          471    x$fpl$fcheck1       fcheck1.o(fz_ws.l)
    0x08004e78   0x000001e4   Code   RO          439    x$fpl$fdiv          fdiv.o(fz_ws.l)
    0x0800505c   0x00000032   Code   RO          443    x$fpl$fflt          fflt_clz.o(fz_ws.l)
    0x0800508e   0x0000004a   Code   RO          473    x$fpl$fnorm2        fnorm2_clz.o(fz_ws.l)
    0x080050d8   0x00000086   Code   RO          475    x$fpl$funder        funder.o(fz_ws.l)
    0x0800515e   0x00000004   Code   RO          446    x$fpl$printf1       printf1.o(fz_ws.l)
    0x08005162   0x00000064   Code   RO          537    x$fpl$retnan        retnan.o(fz_ws.l)
    0x080051c6   0x00000030   Code   RO          598    x$fpl$trapveneer    trapv.o(fz_ws.l)
    0x080051f6   0x00000000   Code   RO          477    x$fpl$usenofp       usenofp.o(fz_ws.l)
    0x080051f6   0x00000002   PAD
    0x080051f8   0x000000b9   Data   RO            2    .constdata          main.o
    0x080052b1   0x00000100   Data   RO          217    .constdata          encrypt.o
    0x080053b1   0x00000003   PAD
    0x080053b4   0x00000094   Data   RO          508    .constdata          bigflt0.o(c_w.l)
    0x08005448   0x00000020   Data   RO          674    Region$$Table       anon$$obj.o
    0x08005468   0x0000001c   Data   RO          532    locale$$data        lc_numeric_c.o(c_w.l)


    Execution Region RW_IRAM1 (Base: 0x20000000, Size: 0x00000d00, Max: 0x00010000, ABSOLUTE)

    Base Addr    Size         Type   Attr      Idx    E Section Name        Object

    0x20000000   0x00000004   Data   RW            3    .data               main.o
    0x20000004   0x00000014   Data   RW          132    .data               system_stm32f10x.o
    0x20000018   0x0000001b   Data   RW          176    .data               timer.o
    0x20000033   0x00000024   Data   RW          218    .data               encrypt.o
    0x20000057   0x00000001   PAD
    0x20000058   0x00000004   Data   RW          233    .data               delay.o
    0x2000005c   0x00000008   Data   RW          260    .data               usart.o
    0x20000064   0x00000014   Data   RW          324    .data               stm32f10x_rcc.o
    0x20000078   0x0000047e   Zero   RW          175    .bss                timer.o
    0x200004f6   0x000000e0   Zero   RW          216    .bss                encrypt.o
    0x200005d6   0x000000c8   Zero   RW          259    .bss                usart.o
    0x2000069e   0x00000002   PAD
    0x200006a0   0x00000060   Zero   RW          542    .bss                libspace.o(c_w.l)
    0x20000700   0x00000200   Zero   RW          293    HEAP                startup_stm32f10x_hd.o
    0x20000900   0x00000400   Zero   RW          292    STACK               startup_stm32f10x_hd.o


==============================================================================

Image component sizes


      Code (inc. data)   RO Data    RW Data    ZI Data      Debug   Object Name

         0          0          0          0          0         20   core_cm3.o
       192         12          0          4          0        967   delay.o
      1188         24        256         36        224       4697   encrypt.o
      1588          0          0          0          0       2120   gray.o
        92          8          0          0          0        479   led.o
      1720        432        185          4          0     258619   main.o
       224         20          0          0          0       1749   misc.o
        64         26        304          0       1536        480   startup_stm32f10x_hd.o
       304         14          0          0          0       2203   stm32f10x_exti.o
       840         38          0          0          0       5633   stm32f10x_gpio.o
        26          0          0          0          0       1158   stm32f10x_it.o
       212         14          0          0          0       1895   stm32f10x_pwr.o
       912         32          0         20          0       8740   stm32f10x_rcc.o
      3426         84          0          0          0      22340   stm32f10x_tim.o
      1032         20          0          0          0       8388   stm32f10x_usart.o
        12          0          0          0          0        429   sys.o
       456         36          0         20          0       1671   system_stm32f10x.o
      2196        206          0         27       1150       4266   timer.o
       328         18          0          8        200       3074   usart.o
       248         14          0          0          0       1214   wkup.o

    ----------------------------------------------------------------------
     15064        998        780        120       3112     330142   Object Totals
         0          0         32          0          0          0   (incl. Generated)
         4          0          3          1          2          0   (incl. Padding)

    ----------------------------------------------------------------------

      Code (inc. data)   RO Data    RW Data    ZI Data      Debug   Library Member Name

         8          0          0          0          0         68   __main.o
       110          0          0          0          0         84   __printf.o
        52          8          0          0          0          0   __scatter.o
        26          0          0          0          0          0   __scatter_copy.o
        28          0          0          0          0          0   __scatter_zi.o
        48          4          0          0          0         96   _printf_char_common.o
         6          0          0          0          0          0   _printf_d.o
       112         16          0          0          0         92   _printf_dec.o
         6          0          0          0          0          0   _printf_f.o
      1096          0          0          0          0        204   _printf_fp_dec.o
       124         16          0          0          0         84   _printf_fp_infnan.o
       174          0          0          0          0         88   _printf_intcommon.o
         0          0          0          0          0          0   _printf_percent.o
         4          0          0          0          0          0   _printf_percent_end.o
       208          6        148          0          0         92   bigflt0.o
      1910        128          0          0          0        660   btod.o
        44          0          0          0          0         68   dflt_clz.o
        12          0          0          0          0         68   exit.o
        80          4          0          0          0         68   f2d.o
        12          6          0          0          0         68   fcheck.o
        12          6          0          0          0         68   fcheck1.o
       484         76          0          0          0         76   fdiv.o
        50          0          0          0          0         68   fflt_clz.o
        74          0          0          0          0         84   fnorm2_clz.o
        40          0          0          0          0         68   fpclassify.o
       134          0          0          0          0         84   funder.o
         6          0          0          0          0        148   heapauxi.o
        44         10         28          0          0         76   lc_numeric_c.o
         6          0          0          0          0          0   libinit.o
        18          0          0          0          0          0   libinit2.o
         2          0          0          0          0          0   libshutdown.o
         2          0          0          0          0          0   libshutdown2.o
         8          4          0          0         96         68   libspace.o
       138          0          0          0          0         76   lludiv10.o
        32          8          0          0          0         80   noretval__2printf.o
         4          0          0          0          0         68   printf1.o
       100          0          0          0          0         68   retnan.o
        12          6          0          0          0         68   rt_locale_intlibspace.o
        78          0          0          0          0         76   rt_memclr_w.o
         0          0          0          0          0          0   rtentry.o
        12          0          0          0          0          0   rtentry2.o
         6          0          0          0          0          0   rtentry4.o
         0          0          0          0          0          0   rtexit.o
         8          0          0          0          0          0   rtexit2.o
        16          0          0          0          0         68   rtudiv10.o
       128          2          0          0          0         68   strcmpv7m.o
        74          0          0          0          0         80   sys_stackheap_outer.o
        48          0          0          0          0         68   trapv.o
         2          0          0          0          0         68   use_no_semi.o
         2          0          0          0          0         68   use_no_semi_2.o
         0          0          0          0          0          0   usenofp.o

    ----------------------------------------------------------------------
      5616        300        176          0         96       3336   Library Totals
        16          0          0          0          0          0   (incl. Padding)

    ----------------------------------------------------------------------

      Code (inc. data)   RO Data    RW Data    ZI Data      Debug   Library Name

      4518        208        176          0         96       2480   c_w.l
      1042         92          0          0          0        788   fz_ws.l
        40          0          0          0          0         68   m_ws.l

    ----------------------------------------------------------------------
      5616        300        176          0         96       3336   Library Totals

    ----------------------------------------------------------------------

==============================================================================


      Code (inc. data)   RO Data    RW Data    ZI Data      Debug   

     20680       1298        956        120       3208     329928   Grand Totals
     20680       1298        956        120       3208     329928   ELF Image Totals
     20680       1298        956        120          0          0   ROM Totals

==============================================================================

    Total RO  Size (Code + RO Data)                21636 (  21.13kB)
    Total RW  Size (RW Data + ZI Data)              3328 (   3.25kB)
    Total ROM Size (Code + RO Data + RW Data)      21756 (  21.25kB)

==============================================================================

