ARM Linker, RVCT4.0 [Build 524] for uVision [Professional]

==============================================================================

Section Cross References

    main.o(.text) refers (Special) to _printf_d.o(.ARM.Collect$$_printf_percent$$00000009) for _printf_d
    main.o(.text) refers (Special) to _printf_f.o(.ARM.Collect$$_printf_percent$$00000003) for _printf_f
    main.o(.text) refers (Special) to printf1.o(x$fpl$printf1) for _printf_fp_dec
    main.o(.text) refers (Special) to _printf_dec.o(.text) for _printf_int_dec
    main.o(.text) refers (Special) to _printf_percent.o(.ARM.Collect$$_printf_percent$$00000000) for _printf_percent
    main.o(.text) refers to delay.o(.text) for delay_init
    main.o(.text) refers to sys.o(.text) for NVIC_Configuration
    main.o(.text) refers to usart.o(.text) for uart_init
    main.o(.text) refers to led.o(.text) for LED_Init
    main.o(.text) refers to timer.o(.text) for TIM5_Cap_Init
    main.o(.text) refers to noretval__2printf.o(.text) for __2printf
    main.o(.text) refers to fflt_clz.o(x$fpl$fflt) for __aeabi_i2f
    main.o(.text) refers to fdiv.o(x$fpl$fdiv) for __aeabi_fdiv
    main.o(.text) refers to f2d.o(x$fpl$f2d) for __aeabi_f2d
    main.o(.text) refers to ffixu.o(x$fpl$ffixu) for __aeabi_f2uiz
    main.o(.text) refers to fflt_clz.o(x$fpl$ffltu) for __aeabi_ui2f
    main.o(.text) refers to faddsub_clz.o(x$fpl$frsb) for __aeabi_frsub
    main.o(.text) refers to drleqf.o(x$fpl$drleqf) for __aeabi_cdrcmple
    main.o(.text) refers to timer.o(.data) for TIM5CH1_CAPTURE_STA
    main.o(.text) refers to timer.o(.bss) for buf_barker
    system_stm32f10x.o(.text) refers to system_stm32f10x.o(.data) for SystemCoreClock
    led.o(.text) refers to stm32f10x_rcc.o(.text) for RCC_APB2PeriphClockCmd
    led.o(.text) refers to stm32f10x_gpio.o(.text) for GPIO_Init
    key.o(.text) refers to stm32f10x_rcc.o(.text) for RCC_APB2PeriphClockCmd
    key.o(.text) refers to stm32f10x_gpio.o(.text) for GPIO_Init
    key.o(.text) refers to delay.o(.text) for delay_ms
    key.o(.text) refers to key.o(.data) for .data
    timer.o(.text) refers to stm32f10x_rcc.o(.text) for RCC_APB1PeriphClockCmd
    timer.o(.text) refers to stm32f10x_tim.o(.text) for TIM_TimeBaseInit
    timer.o(.text) refers to misc.o(.text) for NVIC_Init
    timer.o(.text) refers to stm32f10x_gpio.o(.text) for GPIO_PinRemapConfig
    timer.o(.text) refers to timer.o(.bss) for TIM5_ICInitStructure
    timer.o(.text) refers to timer.o(.data) for TIM5CH1_CAPTURE_STA
    timer.o(.text) refers to delay.o(.text) for delay_us
    delay.o(.text) refers to misc.o(.text) for SysTick_CLKSourceConfig
    delay.o(.text) refers to system_stm32f10x.o(.data) for SystemCoreClock
    delay.o(.text) refers to delay.o(.data) for .data
    sys.o(.text) refers to misc.o(.text) for NVIC_PriorityGroupConfig
    usart.o(.text) refers (Special) to use_no_semi_2.o(.text) for __use_no_semihosting
    usart.o(.text) refers to stm32f10x_rcc.o(.text) for RCC_APB2PeriphClockCmd
    usart.o(.text) refers to stm32f10x_usart.o(.text) for USART_DeInit
    usart.o(.text) refers to stm32f10x_gpio.o(.text) for GPIO_Init
    usart.o(.text) refers to misc.o(.text) for NVIC_Init
    usart.o(.text) refers to usart.o(.data) for USART_RX_STA
    usart.o(.text) refers to usart.o(.bss) for USART_RX_BUF
    usart.o(.bss) refers (Special) to use_no_semi_2.o(.text) for __use_no_semihosting
    usart.o(.data) refers (Special) to use_no_semi_2.o(.text) for __use_no_semihosting
    startup_stm32f10x_hd.o(STACK) refers (Special) to heapauxi.o(.text) for __use_two_region_memory
    startup_stm32f10x_hd.o(HEAP) refers (Special) to heapauxi.o(.text) for __use_two_region_memory
    startup_stm32f10x_hd.o(RESET) refers (Special) to heapauxi.o(.text) for __use_two_region_memory
    startup_stm32f10x_hd.o(RESET) refers to startup_stm32f10x_hd.o(STACK) for __initial_sp
    startup_stm32f10x_hd.o(RESET) refers to startup_stm32f10x_hd.o(.text) for Reset_Handler
    startup_stm32f10x_hd.o(RESET) refers to stm32f10x_it.o(.text) for NMI_Handler
    startup_stm32f10x_hd.o(RESET) refers to timer.o(.text) for TIM3_IRQHandler
    startup_stm32f10x_hd.o(RESET) refers to usart.o(.text) for USART1_IRQHandler
    startup_stm32f10x_hd.o(.text) refers (Special) to heapauxi.o(.text) for __use_two_region_memory
    startup_stm32f10x_hd.o(.text) refers to system_stm32f10x.o(.text) for SystemInit
    startup_stm32f10x_hd.o(.text) refers to __main.o(!!!main) for __main
    startup_stm32f10x_hd.o(.text) refers to startup_stm32f10x_hd.o(HEAP) for Heap_Mem
    startup_stm32f10x_hd.o(.text) refers to startup_stm32f10x_hd.o(STACK) for Stack_Mem
    stm32f10x_gpio.o(.text) refers to stm32f10x_rcc.o(.text) for RCC_APB2PeriphResetCmd
    stm32f10x_rcc.o(.text) refers to stm32f10x_rcc.o(.data) for .data
    stm32f10x_tim.o(.text) refers to stm32f10x_rcc.o(.text) for RCC_APB2PeriphResetCmd
    stm32f10x_usart.o(.text) refers to stm32f10x_rcc.o(.text) for RCC_APB2PeriphResetCmd
[...]
    libshutdown.o(.ARM.Collect$$libshutdown$$00000000) refers (Special) to libshutdown2.o(.ARM.Collect$$libshutdown$$0000000F) for __rt_lib_shutdown_return
    libshutdown.o(.ARM.Collect$$libshutdown$$00000000) refers (Special) to libshutdown2.o(.ARM.Collect$$libshutdown$$00000009) for __rt_lib_shutdown_signal_1
    libshutdown.o(.ARM.Collect$$libshutdown$$00000000) refers (Special) to libshutdown2.o(.ARM.Collect$$libshutdown$$00000003) for __rt_lib_shutdown_stdio_1
    libshutdown.o(.ARM.Collect$$libshutdown$$00000000) refers (Special) to libshutdown2.o(.ARM.Collect$$libshutdown$$0000000B) for __rt_lib_shutdown_user_alloc_1
    rt_raise.o(.text) refers to __raise.o(.text) for __raise
    rt_raise.o(.text) refers to usart.o(.text) for _sys_exit
    defsig_exit.o(.text) refers to usart.o(.text) for _sys_exit
    defsig_rtmem_inner.o(.text) refers to defsig_general.o(.text) for __default_signal_display
    __raise.o(.text) refers to defsig.o(CL$$defsig) for __default_signal_handler
    defsig_general.o(.text) refers to sys_wrch.o(.text) for _ttywrch
    sys_wrch.o(.text) refers (Special) to use_no_semi.o(.text) for __I$use$semihosting
    defsig.o(CL$$defsig) refers to defsig_rtmem_inner.o(.text) for __rt_SIGRTMEM_inner
    defsig_abrt_inner.o(.text) refers to defsig_general.o(.text) for __default_signal_display
    defsig_fpe_inner.o(.text) refers to defsig_general.o(.text) for __default_signal_display
    defsig_rtred_inner.o(.text) refers to defsig_general.o(.text) for __default_signal_display
    defsig_stak_inner.o(.text) refers to defsig_general.o(.text) for __default_signal_display
    defsig_pvfn_inner.o(.text) refers to defsig_general.o(.text) for __default_signal_display
    defsig_cppl_inner.o(.text) refers to defsig_general.o(.text) for __default_signal_display
    defsig_segv_inner.o(.text) refers to defsig_general.o(.text) for __default_signal_display
    defsig_other.o(.text) refers to defsig_general.o(.text) for __default_signal_display


==============================================================================

Removing Unused input sections from the image.

    Removing key.o(.text), (252 bytes).
    Removing key.o(.data), (1 bytes).
    Removing core_cm3.o(.emb_text), (32 bytes).

3 unused section(s) (total 285 bytes) removed from the image.

==============================================================================

Image Symbol Table

    Local Symbols

    Symbol Name                              Value     Ov Type        Size  Object(Section)

    ../../angel/boardlib.s                   0x00000000   Number         0  boardshut.o ABSOLUTE
    ../../angel/boardlib.s                   0x00000000   Number         0  boardinit3.o ABSOLUTE
    ../../angel/boardlib.s                   0x00000000   Number         0  boardinit2.o ABSOLUTE
    ../../angel/boardlib.s                   0x00000000   Number         0  boardinit1.o ABSOLUTE
    ../../angel/handlers.s                   0x00000000   Number         0  __scatter_zi.o ABSOLUTE
    ../../angel/handlers.s                   0x00000000   Number         0  __scatter_copy.o ABSOLUTE
    ../../angel/kernel.s                     0x00000000   Number         0  rtentry4.o ABSOLUTE
    ../../angel/kernel.s                     0x00000000   Number         0  rtexit2.o ABSOLUTE
    ../../angel/kernel.s                     0x00000000   Number         0  rtentry2.o ABSOLUTE
    ../../angel/kernel.s                     0x00000000   Number         0  rtexit.o ABSOLUTE
    ../../angel/kernel.s                     0x00000000   Number         0  rtentry.o ABSOLUTE
    ../../angel/rt.s                         0x00000000   Number         0  rt_raise.o ABSOLUTE
    ../../angel/rt.s                         0x00000000   Number         0  rt_locale_intlibspace.o ABSOLUTE
    ../../angel/rt.s                         0x00000000   Number         0  rt_locale.o ABSOLUTE
    ../../angel/scatter.s                    0x00000000   Number         0  __scatter.o ABSOLUTE
    ../../angel/startup.s                    0x00000000   Number         0  __main.o ABSOLUTE
    ../../angel/sys.s                        0x00000000   Number         0  libspace.o ABSOLUTE
    ../../angel/sys.s                        0x00000000   Number         0  use_no_semi_2.o ABSOLUTE
    ../../angel/sys.s                        0x00000000   Number         0  use_no_semi.o ABSOLUTE
    ../../angel/sys.s                        0x00000000   Number         0  sys_stackheap_outer.o ABSOLUTE
    ../../angel/sysapp.c                     0x00000000   Number         0  sys_command.o ABSOLUTE
    ../../angel/sysapp.c                     0x00000000   Number         0  sys_wrch.o ABSOLUTE
    ../../armsys.c                           0x00000000   Number         0  _get_argv_nomalloc.o ABSOLUTE
    ../../armsys.c                           0x00000000   Number         0  no_argv.o ABSOLUTE
    ../../armsys.c                           0x00000000   Number         0  argv_veneer.o ABSOLUTE
    ../../armsys.c                           0x00000000   Number         0  argv_veneer.o ABSOLUTE
    ../../bigflt.c                           0x00000000   Number         0  bigflt0.o ABSOLUTE
    ../../btod.s                             0x00000000   Number         0  btod.o ABSOLUTE
    ../../dcheck.s                           0x00000000   Number         0  dcheck.o ABSOLUTE
    ../../dcmpin.s                           0x00000000   Number         0  dcmpin.o ABSOLUTE
    ../../dflt.s                             0x00000000   Number         0  dflt_clz.o ABSOLUTE
    ../../division_7m.s                      0x00000000   Number         0  rtudiv10.o ABSOLUTE
    ../../drleqf.s                           0x00000000   Number         0  drleqf.o ABSOLUTE
    ../../f2d.s                              0x00000000   Number         0  f2d.o ABSOLUTE
    ../../faddsub.s                          0x00000000   Number         0  faddsub_clz.o ABSOLUTE
    ../../fcheck.s                           0x00000000   Number         0  fcheck.o ABSOLUTE
    ../../fcheck1.s                          0x00000000   Number         0  fcheck1.o ABSOLUTE
    ../../fdiv.s                             0x00000000   Number         0  fdiv.o ABSOLUTE
    ../../ffixu.s                            0x00000000   Number         0  ffixu.o ABSOLUTE
    ../../fflt.s                             0x00000000   Number         0  fflt_clz.o ABSOLUTE
    ../../fnorm2.s                           0x00000000   Number         0  fnorm2_clz.o ABSOLUTE
    ../../fpclassify.c                       0x00000000   Number         0  fpclassify.o ABSOLUTE
    ../../fpinit.s                           0x00000000   Number         0  fpinit.o ABSOLUTE
    ../../funder.s                           0x00000000   Number         0  funder.o ABSOLUTE
    ../../heapalloc.c                        0x00000000   Number         0  hrguard.o ABSOLUTE
    ../../heapaux.c                          0x00000000   Number         0  heapauxi.o ABSOLUTE
    ../../istatus.s                          0x00000000   Number         0  istatus.o ABSOLUTE
    ../../libinit.s                          0x00000000   Number         0  libinit2.o ABSOLUTE
    ../../libinit.s                          0x00000000   Number         0  libinit.o ABSOLUTE
    ../../libinit.s                          0x00000000   Number         0  libshutdown2.o ABSOLUTE
    ../../libinit.s                          0x00000000   Number         0  libshutdown.o ABSOLUTE
    ../../locale.s                           0x00000000   Number         0  lc_numeric_c.o ABSOLUTE
    ../../longlong.s                         0x00000000   Number         0  lludiv10.o ABSOLUTE
    ../../memcpset.s                         0x00000000   Number         0  strcmpv7m.o ABSOLUTE
    ../../printf.c                           0x00000000   Number         0  _printf_intcommon.o ABSOLUTE
    ../../printf.c                           0x00000000   Number         0  _printf_fp_dec.o ABSOLUTE
    ../../printf.c                           0x00000000   Number         0  _printf_char_common.o ABSOLUTE
    ../../printf.c                           0x00000000   Number         0  __printf_nopercent.o ABSOLUTE
    ../../printf.c                           0x00000000   Number         0  _printf_fp_infnan.o ABSOLUTE
    ../../printf.c                           0x00000000   Number         0  __printf_flags.o ABSOLUTE
    ../../printf.c                           0x00000000   Number         0  noretval__2printf.o ABSOLUTE
    ../../printf.c                           0x00000000   Number         0  __printf.o ABSOLUTE
    ../../printf.c                           0x00000000   Number         0  _printf_dec.o ABSOLUTE
    ../../printf.c                           0x00000000   Number         0  __printf_ss.o ABSOLUTE
    ../../printf.c                           0x00000000   Number         0  __printf_flags_ss.o ABSOLUTE
    ../../printf.c                           0x00000000   Number         0  __printf_wp.o ABSOLUTE
    ../../printf.c                           0x00000000   Number         0  __printf_flags_wp.o ABSOLUTE
    ../../printf.c                           0x00000000   Number         0  __printf_ss_wp.o ABSOLUTE
    ../../printf.c                           0x00000000   Number         0  __printf_flags_ss_wp.o ABSOLUTE
    ../../printf.c                           0x00000000   Number         0  __2printf.o ABSOLUTE
    ../../printf1.s                          0x00000000   Number         0  printf1.o ABSOLUTE
    ../../printf_percent.s                   0x00000000   Number         0  _printf_f.o ABSOLUTE
    ../../printf_percent.s                   0x00000000   Number         0  _printf_percent.o ABSOLUTE
    ../../printf_percent.s                   0x00000000   Number         0  _printf_percent_end.o ABSOLUTE
    ../../printf_percent.s                   0x00000000   Number         0  _printf_d.o ABSOLUTE
    ../../retnan.s                           0x00000000   Number         0  retnan.o ABSOLUTE
    ../../signal.c                           0x00000000   Number         0  defsig_rtmem_inner.o ABSOLUTE
    ../../signal.c                           0x00000000   Number         0  defsig_pvfn_inner.o ABSOLUTE
    ../../signal.c                           0x00000000   Number         0  defsig_cppl_inner.o ABSOLUTE
    ../../signal.c                           0x00000000   Number         0  defsig_other.o ABSOLUTE
    ../../signal.c                           0x00000000   Number         0  defsig_exit.o ABSOLUTE
    ../../signal.c                           0x00000000   Number         0  defsig_segv_inner.o ABSOLUTE
    ../../signal.c                           0x00000000   Number         0  __raise.o ABSOLUTE
    ../../signal.c                           0x00000000   Number         0  defsig_general.o ABSOLUTE
    ../../signal.c                           0x00000000   Number         0  defsig_rtmem_outer.o ABSOLUTE
    ../../signal.c                           0x00000000   Number         0  defsig_abrt_inner.o ABSOLUTE
    ../../signal.c                           0x00000000   Number         0  defsig_rtmem_formal.o ABSOLUTE
    ../../signal.c                           0x00000000   Number         0  defsig_fpe_inner.o ABSOLUTE
    ../../signal.c                           0x00000000   Number         0  defsig_rtred_inner.o ABSOLUTE
    ../../signal.c                           0x00000000   Number         0  defsig_stak_inner.o ABSOLUTE
    ../../signal.s                           0x00000000   Number         0  defsig.o ABSOLUTE
    ../../stdio.c                            0x00000000   Number         0  ferror.o ABSOLUTE
    ../../stdio.c                            0x00000000   Number         0  ferror_locked.o ABSOLUTE
    ../../stdlib.c                           0x00000000   Number         0  exit.o ABSOLUTE
    ../../trapv.s                            0x00000000   Number         0  trapv.o ABSOLUTE
    ../../usenofp.s                          0x00000000   Number         0  usenofp.o ABSOLUTE
    ..\CORE\core_cm3.c                       0x00000000   Number         0  core_cm3.o ABSOLUTE
    ..\CORE\startup_stm32f10x_hd.s           0x00000000   Number         0  startup_stm32f10x_hd.o ABSOLUTE
    ..\HARDWARE\KEY\key.c                    0x00000000   Number         0  key.o ABSOLUTE
    ..\HARDWARE\LED\led.c                    0x00000000   Number         0  led.o ABSOLUTE
    ..\HARDWARE\TIMER\timer.c                0x00000000   Number         0  timer.o ABSOLUTE
    ..\STM32F10x_FWLib\src\misc.c            0x00000000   Number         0  misc.o ABSOLUTE
    ..\STM32F10x_FWLib\src\stm32f10x_gpio.c  0x00000000   Number         0  stm32f10x_gpio.o ABSOLUTE
    ..\STM32F10x_FWLib\src\stm32f10x_rcc.c   0x00000000   Number         0  stm32f10x_rcc.o ABSOLUTE
    ..\STM32F10x_FWLib\src\stm32f10x_tim.c   0x00000000   Number         0  stm32f10x_tim.o ABSOLUTE
    ..\STM32F10x_FWLib\src\stm32f10x_usart.c 0x00000000   Number         0  stm32f10x_usart.o ABSOLUTE
    ..\SYSTEM\delay\delay.c                  0x00000000   Number         0  delay.o ABSOLUTE
    ..\SYSTEM\sys\sys.c                      0x00000000   Number         0  sys.o ABSOLUTE
    ..\SYSTEM\usart\usart.c                  0x00000000   Number         0  usart.o ABSOLUTE
    ..\\CORE\\core_cm3.c                     0x00000000   Number         0  core_cm3.o ABSOLUTE
    dc.s                                     0x00000000   Number         0  dc.o ABSOLUTE
    main.c                                   0x00000000   Number         0  main.o ABSOLUTE
    stm32f10x_it.c                           0x00000000   Number         0  stm32f10x_it.o ABSOLUTE
    system_stm32f10x.c                       0x00000000   Number         0  system_stm32f10x.o ABSOLUTE
    RESET                                    0x08000000   Section      304  startup_stm32f10x_hd.o(RESET)
    !!!main                                  0x08000130   Section        8  __main.o(!!!main)
    !!!scatter                               0x08000138   Section       52  __scatter.o(!!!scatter)
    !!handler_copy                           0x0800016c   Section       26  __scatter_copy.o(!!handler_copy)
    !!handler_zi                             0x08000188   Section       28  __scatter_zi.o(!!handler_zi)
    .ARM.Collect$$_printf_percent$$00000000  0x080001a4   Section        0  _printf_percent.o(.ARM.Collect$$_printf_percent$$00000000)
    .ARM.Collect$$_printf_percent$$00000003  0x080001a4   Section        6  _printf_f.o(.ARM.Collect$$_printf_percent$$00000003)
    .ARM.Collect$$_printf_percent$$00000009  0x080001aa   Section        6  _printf_d.o(.ARM.Collect$$_printf_percent$$00000009)
    .ARM.Collect$$_printf_percent$$00000017  0x080001b0   Section        4  _printf_percent_end.o(.ARM.Collect$$_printf_percent$$00000017)
    .ARM.Collect$$libinit$$00000000          0x080001b4   Section        6  libinit.o(.ARM.Collect$$libinit$$00000000)
    .ARM.Collect$$libinit$$00000006          0x080001ba   Section        0  libinit2.o(.ARM.Collect$$libinit$$00000006)
    .ARM.Collect$$libinit$$00000008          0x080001ba   Section        0  libinit2.o(.ARM.Collect$$libinit$$00000008)
    .ARM.Collect$$libinit$$0000000A          0x080001ba   Section        0  libinit2.o(.ARM.Collect$$libinit$$0000000A)
    .ARM.Collect$$libinit$$0000000B          0x080001ba   Section        6  libinit2.o(.ARM.Collect$$libinit$$0000000B)
    .ARM.Collect$$libinit$$0000000D          0x080001c0   Section        0  libinit2.o(.ARM.Collect$$libinit$$0000000D)
    .ARM.Collect$$libinit$$0000000F          0x080001c0   Section        0  libinit2.o(.ARM.Collect$$libinit$$0000000F)
    .ARM.Collect$$libinit$$00000011          0x080001c0   Section        0  libinit2.o(.ARM.Collect$$libinit$$00000011)
    .ARM.Collect$$libinit$$00000012          0x080001c0   Section       10  libinit2.o(.ARM.Collect$$libinit$$00000012)
    .ARM.Collect$$libinit$$00000013          0x080001ca   Section        0  libinit2.o(.ARM.Collect$$libinit$$00000013)
    .ARM.Collect$$libinit$$00000015          0x080001ca   Section        0  libinit2.o(.ARM.Collect$$libinit$$00000015)
    .ARM.Collect$$libinit$$00000017          0x080001ca   Section        0  libinit2.o(.ARM.Collect$$libinit$$00000017)
    .ARM.Collect$$libinit$$00000019          0x080001ca   Section        0  libinit2.o(.ARM.Collect$$libinit$$00000019)
    .ARM.Collect$$libinit$$0000001B          0x080001ca   Section        0  libinit2.o(.ARM.Collect$$libinit$$0000001B)
    .ARM.Collect$$libinit$$0000001D          0x080001ca   Section        0  libinit2.o(.ARM.Collect$$libinit$$0000001D)
    .ARM.Collect$$libinit$$0000001F          0x080001ca   Section        0  libinit2.o(.ARM.Collect$$libinit$$0000001F)
    .ARM.Collect$$libinit$$00000021          0x080001ca   Section        0  libinit2.o(.ARM.Collect$$libinit$$00000021)
    .ARM.Collect$$libinit$$00000028          0x080001ca   Section        0  libinit2.o(.ARM.Collect$$libinit$$00000028)
    .ARM.Collect$$libinit$$0000002A          0x080001ca   Section        0  libinit2.o(.ARM.Collect$$libinit$$0000002A)
    .ARM.Collect$$libinit$$0000002C          0x080001ca   Section        0  libinit2.o(.ARM.Collect$$libinit$$0000002C)
    .ARM.Collect$$libinit$$0000002E          0x080001ca   Section        0  libinit2.o(.ARM.Collect$$libinit$$0000002E)
    .ARM.Collect$$libinit$$0000002F          0x080001ca   Section        2  libinit2.o(.ARM.Collect$$libinit$$0000002F)
    .ARM.Collect$$libshutdown$$00000000      0x080001cc   Section        2  libshutdown.o(.ARM.Collect$$libshutdown$$00000000)
    .ARM.Collect$$libshutdown$$00000003      0x080001ce   Section        0  libshutdown2.o(.ARM.Collect$$libshutdown$$00000003)
    .ARM.Collect$$libshutdown$$00000006      0x080001ce   Section        0  libshutdown2.o(.ARM.Collect$$libshutdown$$00000006)
    .ARM.Collect$$libshutdown$$00000009      0x080001ce   Section        0  libshutdown2.o(.ARM.Collect$$libshutdown$$00000009)
    .ARM.Collect$$libshutdown$$0000000B      0x080001ce   Section        0  libshutdown2.o(.ARM.Collect$$libshutdown$$0000000B)
    .ARM.Collect$$libshutdown$$0000000E      0x080001ce   Section        0  libshutdown2.o(.ARM.Collect$$libshutdown$$0000000E)
    .ARM.Collect$$libshutdown$$0000000F      0x080001ce   Section        2  libshutdown2.o(.ARM.Collect$$libshutdown$$0000000F)
    .ARM.Collect$$rtentry$$00000000          0x080001d0   Section        0  rtentry.o(.ARM.Collect$$rtentry$$00000000)
    .ARM.Collect$$rtentry$$00000002          0x080001d0   Section        0  rtentry2.o(.ARM.Collect$$rtentry$$00000002)
    .ARM.Collect$$rtentry$$00000004          0x080001d0   Section        6  rtentry4.o(.ARM.Collect$$rtentry$$00000004)
    .ARM.Collect$$rtentry$$00000009          0x080001d6   Section        0  rtentry2.o(.ARM.Collect$$rtentry$$00000009)
    .ARM.Collect$$rtentry$$0000000A          0x080001d6   Section        4  rtentry2.o(.ARM.Collect$$rtentry$$0000000A)
    .ARM.Collect$$rtentry$$0000000C          0x080001da   Section        0  rtentry2.o(.ARM.Collect$$rtentry$$0000000C)
    .ARM.Collect$$rtentry$$0000000D          0x080001da   Section        8  rtentry2.o(.ARM.Collect$$rtentry$$0000000D)
    .ARM.Collect$$rtexit$$00000000           0x080001e2   Section        0  rtexit.o(.ARM.Collect$$rtexit$$00000000)
    .ARM.Collect$$rtexit$$00000002           0x080001e2   Section        0  rtexit2.o(.ARM.Collect$$rtexit$$00000002)
    .ARM.Collect$$rtexit$$00000003           0x080001e2   Section        4  rtexit2.o(.ARM.Collect$$rtexit$$00000003)
    .ARM.Collect$$rtexit$$00000004           0x080001e6   Section        4  rtexit2.o(.ARM.Collect$$rtexit$$00000004)
    .text                                    0x080001ec   Section      484  main.o(.text)
    .text                                    0x080003d0   Section       26  stm32f10x_it.o(.text)
    .text                                    0x080003ec   Section      456  system_stm32f10x.o(.text)
    SetSysClockTo72                          0x080003ed   Thumb Code   192  system_stm32f10x.o(.text)
    SetSysClock                              0x080004ad   Thumb Code     8  system_stm32f10x.o(.text)
    .text                                    0x080005b4   Section       76  led.o(.text)
    .text                                    0x08000600   Section     1652  timer.o(.text)
    .text                                    0x08000c74   Section      192  delay.o(.text)
    .text                                    0x08000d34   Section       12  sys.o(.text)
    .text                                    0x08000d40   Section      328  usart.o(.text)
    .text                                    0x08000e88   Section       64  startup_stm32f10x_hd.o(.text)
    .text                                    0x08000ec8   Section      224  misc.o(.text)
    .text                                    0x08000fa8   Section      840  stm32f10x_gpio.o(.text)
    .text                                    0x080012f0   Section      912  stm32f10x_rcc.o(.text)
    .text                                    0x08001680   Section     3426  stm32f10x_tim.o(.text)
    TI4_Config                               0x08001b09   Thumb Code   114  stm32f10x_tim.o(.text)
    TI3_Config                               0x08001b8d   Thumb Code   110  stm32f10x_tim.o(.text)
    TI2_Config                               0x08001c11   Thumb Code   114  stm32f10x_tim.o(.text)
    TI1_Config                               0x08001c95   Thumb Code   102  stm32f10x_tim.o(.text)
    .text                                    0x080023e4   Section     1032  stm32f10x_usart.o(.text)
    .text                                    0x080027ec   Section        2  use_no_semi_2.o(.text)
    .text                                    0x080027f0   Section       32  noretval__2printf.o(.text)
    .text                                    0x08002810   Section      110  __printf.o(.text)
    .text                                    0x08002880   Section      112  _printf_dec.o(.text)
    .text                                    0x080028f0   Section        6  heapauxi.o(.text)
    .text                                    0x080028f6   Section        2  use_no_semi.o(.text)
    .text                                    0x080028f8   Section      174  _printf_intcommon.o(.text)
    .text                                    0x080029a6   Section     1096  _printf_fp_dec.o(.text)
    _fp_digits                               0x080029a9   Thumb Code   486  _printf_fp_dec.o(.text)
    .text                                    0x08002df0   Section       48  _printf_char_common.o(.text)
    _printf_input_char                       0x08002df1   Thumb Code    10  _printf_char_common.o(.text)
    .text                                    0x08002e20   Section       16  rtudiv10.o(.text)
    .text                                    0x08002e30   Section       12  rt_locale_intlibspace.o(.text)
    .text                                    0x08002e3c   Section      138  lludiv10.o(.text)
    .text                                    0x08002ec8   Section      124  _printf_fp_infnan.o(.text)
    .text                                    0x08002f44   Section      208  bigflt0.o(.text)
    .text                                    0x08003014   Section        8  libspace.o(.text)
    .text                                    0x0800301c   Section       74  sys_stackheap_outer.o(.text)
    .text                                    0x08003066   Section       12  exit.o(.text)
    .text                                    0x08003074   Section      128  strcmpv7m.o(.text)
    CL$$btod_d2e                             0x080030f4   Section       62  btod.o(CL$$btod_d2e)
    CL$$btod_d2e_denorm_low                  0x08003132   Section       70  btod.o(CL$$btod_d2e_denorm_low)
    CL$$btod_d2e_norm_op1                    0x08003178   Section       96  btod.o(CL$$btod_d2e_norm_op1)
    CL$$btod_div_common                      0x080031d8   Section      824  btod.o(CL$$btod_div_common)
    CL$$btod_e2e                             0x08003510   Section      198  btod.o(CL$$btod_e2e)
    CL$$btod_ediv                            0x080035d6   Section       40  btod.o(CL$$btod_ediv)
    CL$$btod_emul                            0x080035fe   Section       40  btod.o(CL$$btod_emul)
    CL$$btod_mult_common                     0x08003626   Section      580  btod.o(CL$$btod_mult_common)
    i.__ARM_fpclassify                       0x0800386a   Section       40  fpclassify.o(i.__ARM_fpclassify)
    locale$$code                             0x08003894   Section       44  lc_numeric_c.o(locale$$code)
    x$fpl$dcheck                             0x080038c0   Section       16  dcheck.o(x$fpl$dcheck)
    x$fpl$dcmpinfnan                         0x080038d0   Section      120  dcmpin.o(x$fpl$dcmpinfnan)
    x$fpl$dflt                               0x08003948   Section       44  dflt_clz.o(x$fpl$dflt)
    x$fpl$drleqf                             0x08003974   Section      136  drleqf.o(x$fpl$drleqf)
    x$fpl$f2d                                0x080039fc   Section       80  f2d.o(x$fpl$f2d)
    x$fpl$fadd                               0x08003a4c   Section      256  faddsub_clz.o(x$fpl$fadd)
    _fadd1                                   0x08003a5b   Thumb Code     0  faddsub_clz.o(x$fpl$fadd)
    x$fpl$fcheck                             0x08003b4c   Section       12  fcheck.o(x$fpl$fcheck)
    x$fpl$fcheck1                            0x08003b58   Section       12  fcheck1.o(x$fpl$fcheck1)
    x$fpl$fdiv                               0x08003b64   Section      484  fdiv.o(x$fpl$fdiv)
    _fdiv1                                   0x08003b65   Thumb Code     0  fdiv.o(x$fpl$fdiv)
    x$fpl$ffixu                              0x08003d48   Section       88  ffixu.o(x$fpl$ffixu)
    x$fpl$fflt                               0x08003da0   Section       50  fflt_clz.o(x$fpl$fflt)
    x$fpl$ffltu                              0x08003dd2   Section        8  fflt_clz.o(x$fpl$ffltu)
    x$fpl$fnorm2                             0x08003dda   Section       74  fnorm2_clz.o(x$fpl$fnorm2)
    x$fpl$frsb                               0x08003e24   Section       20  faddsub_clz.o(x$fpl$frsb)
    x$fpl$fsub                               0x08003e38   Section      292  faddsub_clz.o(x$fpl$fsub)
    _fsub1                                   0x08003e47   Thumb Code     0  faddsub_clz.o(x$fpl$fsub)
    x$fpl$funder                             0x08003f5c   Section      134  funder.o(x$fpl$funder)
    x$fpl$printf1                            0x08003fe2   Section        4  printf1.o(x$fpl$printf1)
    x$fpl$retnan                             0x08003fe6   Section      100  retnan.o(x$fpl$retnan)
    x$fpl$trapveneer                         0x0800404a   Section       48  trapv.o(x$fpl$trapveneer)
    x$fpl$usenofp                            0x0800407a   Section        0  usenofp.o(x$fpl$usenofp)
    .constdata                               0x0800407c   Section      148  bigflt0.o(.constdata)
    tenpwrs_x                                0x0800407c   Data          60  bigflt0.o(.constdata)
    tenpwrs_i                                0x080040b8   Data          64  bigflt0.o(.constdata)
    locale$$data                             0x08004130   Section       28  lc_numeric_c.o(locale$$data)
    __lcnum_c_name                           0x08004134   Data           2  lc_numeric_c.o(locale$$data)
    __lcnum_c_start                          0x0800413c   Data           0  lc_numeric_c.o(locale$$data)
    __lcnum_c_point                          0x08004148   Data           0  lc_numeric_c.o(locale$$data)
    __lcnum_c_thousands                      0x0800414a   Data           0  lc_numeric_c.o(locale$$data)
    __lcnum_c_grouping                       0x0800414b   Data           0  lc_numeric_c.o(locale$$data)
    __lcnum_c_end                            0x0800414c   Data           0  lc_numeric_c.o(locale$$data)
    .data                                    0x20000000   Section       20  system_stm32f10x.o(.data)
    .data                                    0x20000014   Section       38  timer.o(.data)
    bit_counter_up                           0x20000024   Data           1  timer.o(.data)
    bit_counter_down                         0x20000025   Data           1  timer.o(.data)
    .data                                    0x2000003a   Section        4  delay.o(.data)
    fac_us                                   0x2000003a   Data           1  delay.o(.data)
    fac_ms                                   0x2000003c   Data           2  delay.o(.data)
    .data                                    0x20000040   Section        8  usart.o(.data)
    .data                                    0x20000048   Section       20  stm32f10x_rcc.o(.data)
    APBAHBPrescTable                         0x20000048   Data          16  stm32f10x_rcc.o(.data)
    ADCPrescTable                            0x20000058   Data           4  stm32f10x_rcc.o(.data)
    .bss                                     0x2000005c   Section      533  timer.o(.bss)
    .bss                                     0x20000271   Section      200  usart.o(.bss)
    .bss                                     0x2000033c   Section       96  libspace.o(.bss)
    HEAP                                     0x200003a0   Section      512  startup_stm32f10x_hd.o(HEAP)
    Heap_Mem                                 0x200003a0   Data         512  startup_stm32f10x_hd.o(HEAP)
    STACK                                    0x200005a0   Section     1024  startup_stm32f10x_hd.o(STACK)
    Stack_Mem                                0x200005a0   Data        1024  startup_stm32f10x_hd.o(STACK)
    __initial_sp                             0x200009a0   Data           0  startup_stm32f10x_hd.o(STACK)

    Global Symbols

    Symbol Name                              Value     Ov Type        Size  Object(Section)

    BuildAttributes$$THM_ISAv4$P$D$K$B$S$PE$A:L22UL41UL21$X:L11$S22US41US21$IEEE1$IW$USESV6$~STKCKD$USESV7$~SHL$OSPACE$ROPI$IEEEJ$EBA8$UX$STANDARDLIB$REQ8$PRES8$EABIv2 0x00000000   Number         0  anon$$obj.o ABSOLUTE
    __ARM_use_no_argv                        0x00000000   Number         0  main.o ABSOLUTE
    __ARM_exceptions_init                     - Undefined Weak Reference
    __alloca_initialize                       - Undefined Weak Reference
    __cpp_initialize__aeabi_                  - Undefined Weak Reference
    __cxa_finalize                            - Undefined Weak Reference
    __fpl_infinity                            - Undefined Weak Reference
    __sigvec_lookup                           - Undefined Weak Reference
    _atexit_init                              - Undefined Weak Reference
    _call_atexit_fns                          - Undefined Weak Reference
    _clock_init                               - Undefined Weak Reference
    _fp_trap_init                             - Undefined Weak Reference
    _fp_trap_shutdown                         - Undefined Weak Reference
    _get_lc_collate                           - Undefined Weak Reference
    _get_lc_ctype                             - Undefined Weak Reference
    _get_lc_monetary                          - Undefined Weak Reference
    _get_lc_time                              - Undefined Weak Reference
    _getenv_init                              - Undefined Weak Reference
    _handle_redirection                       - Undefined Weak Reference
    _init_alloc                               - Undefined Weak Reference
    _init_user_alloc                          - Undefined Weak Reference
    _initio                                   - Undefined Weak Reference
    _mutex_acquire                            - Undefined Weak Reference
    _mutex_release                            - Undefined Weak Reference
    _printf_post_padding                      - Undefined Weak Reference
    _printf_pre_padding                       - Undefined Weak Reference
    _printf_truncate_signed                   - Undefined Weak Reference
    _printf_truncate_unsigned                 - Undefined Weak Reference
    _rand_init                                - Undefined Weak Reference
    _signal_finish                            - Undefined Weak Reference
    _signal_init                              - Undefined Weak Reference
    _terminate_alloc                          - Undefined Weak Reference
    _terminate_user_alloc                     - Undefined Weak Reference
    _terminateio                              - Undefined Weak Reference
    __Vectors_Size                           0x00000130   Number         0  startup_stm32f10x_hd.o ABSOLUTE
    __Vectors                                0x08000000   Data           4  startup_stm32f10x_hd.o(RESET)
    __Vectors_End                            0x08000130   Data           0  startup_stm32f10x_hd.o(RESET)
    __main                                   0x08000131   Thumb Code     8  __main.o(!!!main)
    __scatterload                            0x08000139   Thumb Code     0  __scatter.o(!!!scatter)
    __scatterload_rt2                        0x08000139   Thumb Code    44  __scatter.o(!!!scatter)
    __scatterload_rt2_thumb_only             0x08000139   Thumb Code     0  __scatter.o(!!!scatter)
    __scatterload_null                       0x08000147   Thumb Code     0  __scatter.o(!!!scatter)
    __scatterload_copy                       0x0800016d   Thumb Code    26  __scatter_copy.o(!!handler_copy)
    __scatterload_zeroinit                   0x08000189   Thumb Code    28  __scatter_zi.o(!!handler_zi)
    _printf_f                                0x080001a5   Thumb Code     0  _printf_f.o(.ARM.Collect$$_printf_percent$$00000003)
    _printf_percent                          0x080001a5   Thumb Code     0  _printf_percent.o(.ARM.Collect$$_printf_percent$$00000000)
    _printf_d                                0x080001ab   Thumb Code     0  _printf_d.o(.ARM.Collect$$_printf_percent$$00000009)
    _printf_percent_end                      0x080001b1   Thumb Code     0  _printf_percent_end.o(.ARM.Collect$$_printf_percent$$00000017)
    __rt_lib_init                            0x080001b5   Thumb Code     0  libinit.o(.ARM.Collect$$libinit$$00000000)
    __rt_lib_init_heap_1                     0x080001bb   Thumb Code     0  libinit2.o(.ARM.Collect$$libinit$$00000006)
    __rt_lib_init_lc_common                  0x080001bb   Thumb Code     0  libinit2.o(.ARM.Collect$$libinit$$0000000B)
    __rt_lib_init_rand_1                     0x080001bb   Thumb Code     0  libinit2.o(.ARM.Collect$$libinit$$0000000A)
    __rt_lib_init_user_alloc_1               0x080001bb   Thumb Code     0  libinit2.o(.ARM.Collect$$libinit$$00000008)
    __rt_lib_init_lc_collate_1               0x080001c1   Thumb Code     0  libinit2.o(.ARM.Collect$$libinit$$0000000D)
    __rt_lib_init_lc_ctype_1                 0x080001c1   Thumb Code     0  libinit2.o(.ARM.Collect$$libinit$$0000000F)
    __rt_lib_init_lc_monetary_1              0x080001c1   Thumb Code     0  libinit2.o(.ARM.Collect$$libinit$$00000011)
    __rt_lib_init_lc_numeric_2               0x080001c1   Thumb Code     0  libinit2.o(.ARM.Collect$$libinit$$00000012)
    __rt_lib_init_alloca_1                   0x080001cb   Thumb Code     0  libinit2.o(.ARM.Collect$$libinit$$0000002A)
    __rt_lib_init_argv_1                     0x080001cb   Thumb Code     0  libinit2.o(.ARM.Collect$$libinit$$00000028)
    __rt_lib_init_atexit_1                   0x080001cb   Thumb Code     0  libinit2.o(.ARM.Collect$$libinit$$00000017)
    __rt_lib_init_clock_1                    0x080001cb   Thumb Code     0  libinit2.o(.ARM.Collect$$libinit$$0000001D)
    __rt_lib_init_cpp_1                      0x080001cb   Thumb Code     0  libinit2.o(.ARM.Collect$$libinit$$0000002E)
    __rt_lib_init_exceptions_1               0x080001cb   Thumb Code     0  libinit2.o(.ARM.Collect$$libinit$$0000002C)
    __rt_lib_init_fp_trap_1                  0x080001cb   Thumb Code     0  libinit2.o(.ARM.Collect$$libinit$$0000001B)
    __rt_lib_init_getenv_1                   0x080001cb   Thumb Code     0  libinit2.o(.ARM.Collect$$libinit$$0000001F)
    __rt_lib_init_lc_numeric_1               0x080001cb   Thumb Code     0  libinit2.o(.ARM.Collect$$libinit$$00000013)
    __rt_lib_init_lc_time_1                  0x080001cb   Thumb Code     0  libinit2.o(.ARM.Collect$$libinit$$00000015)
    __rt_lib_init_return                     0x080001cb   Thumb Code     0  libinit2.o(.ARM.Collect$$libinit$$0000002F)
    __rt_lib_init_signal_1                   0x080001cb   Thumb Code     0  libinit2.o(.ARM.Collect$$libinit$$00000019)
    __rt_lib_init_stdio_1                    0x080001cb   Thumb Code     0  libinit2.o(.ARM.Collect$$libinit$$00000021)
    __rt_lib_shutdown                        0x080001cd   Thumb Code     0  libshutdown.o(.ARM.Collect$$libshutdown$$00000000)
    __rt_lib_shutdown_fp_trap_1              0x080001cf   Thumb Code     0  libshutdown2.o(.ARM.Collect$$libshutdown$$00000006)
    __rt_lib_shutdown_heap_1                 0x080001cf   Thumb Code     0  libshutdown2.o(.ARM.Collect$$libshutdown$$0000000E)
    __rt_lib_shutdown_return                 0x080001cf   Thumb Code     0  libshutdown2.o(.ARM.Collect$$libshutdown$$0000000F)
    __rt_lib_shutdown_signal_1               0x080001cf   Thumb Code     0  libshutdown2.o(.ARM.Collect$$libshutdown$$00000009)
    __rt_lib_shutdown_stdio_1                0x080001cf   Thumb Code     0  libshutdown2.o(.ARM.Collect$$libshutdown$$00000003)
    __rt_lib_shutdown_user_alloc_1           0x080001cf   Thumb Code     0  libshutdown2.o(.ARM.Collect$$libshutdown$$0000000B)
    __rt_entry                               0x080001d1   Thumb Code     0  rtentry.o(.ARM.Collect$$rtentry$$00000000)
    __rt_entry_presh_1                       0x080001d1   Thumb Code     0  rtentry2.o(.ARM.Collect$$rtentry$$00000002)
    __rt_entry_sh                            0x080001d1   Thumb Code     0  rtentry4.o(.ARM.Collect$$rtentry$$00000004)
    __rt_entry_li                            0x080001d7   Thumb Code     0  rtentry2.o(.ARM.Collect$$rtentry$$0000000A)
    __rt_entry_postsh_1                      0x080001d7   Thumb Code     0  rtentry2.o(.ARM.Collect$$rtentry$$00000009)
    __rt_entry_main                          0x080001db   Thumb Code     0  rtentry2.o(.ARM.Collect$$rtentry$$0000000D)
    __rt_entry_postli_1                      0x080001db   Thumb Code     0  rtentry2.o(.ARM.Collect$$rtentry$$0000000C)
    __rt_exit                                0x080001e3   Thumb Code     0  rtexit.o(.ARM.Collect$$rtexit$$00000000)
    __rt_exit_ls                             0x080001e3   Thumb Code     0  rtexit2.o(.ARM.Collect$$rtexit$$00000003)
    __rt_exit_prels_1                        0x080001e3   Thumb Code     0  rtexit2.o(.ARM.Collect$$rtexit$$00000002)
    __rt_exit_exit                           0x080001e7   Thumb Code     0  rtexit2.o(.ARM.Collect$$rtexit$$00000004)
    main                                     0x080001ed   Thumb Code   338  main.o(.text)
    NMI_Handler                              0x080003d1   Thumb Code     2  stm32f10x_it.o(.text)
    HardFault_Handler                        0x080003d3   Thumb Code     4  stm32f10x_it.o(.text)
    MemManage_Handler                        0x080003d7   Thumb Code     4  stm32f10x_it.o(.text)
    BusFault_Handler                         0x080003db   Thumb Code     4  stm32f10x_it.o(.text)
    UsageFault_Handler                       0x080003df   Thumb Code     4  stm32f10x_it.o(.text)
    SVC_Handler                              0x080003e3   Thumb Code     2  stm32f10x_it.o(.text)
    DebugMon_Handler                         0x080003e5   Thumb Code     2  stm32f10x_it.o(.text)
    PendSV_Handler                           0x080003e7   Thumb Code     2  stm32f10x_it.o(.text)
    SysTick_Handler                          0x080003e9   Thumb Code     2  stm32f10x_it.o(.text)
    SystemInit                               0x080004b5   Thumb Code    78  system_stm32f10x.o(.text)
    SystemCoreClockUpdate                    0x08000503   Thumb Code   142  system_stm32f10x.o(.text)
    LED_Init                                 0x080005b5   Thumb Code    68  led.o(.text)
    TIM3_Int_Init                            0x08000601   Thumb Code    90  timer.o(.text)
    TIM3_IRQHandler                          0x0800065b   Thumb Code    38  timer.o(.text)
    TIM3_PWM_Init                            0x08000681   Thumb Code   142  timer.o(.text)
    TIM5_Cap_Init                            0x0800070f   Thumb Code   190  timer.o(.text)
    TIM5_IRQHandler                          0x080007cd   Thumb Code  1144  timer.o(.text)
    delay_init                               0x08000c75   Thumb Code    42  delay.o(.text)
    delay_us                                 0x08000c9f   Thumb Code    68  delay.o(.text)
    delay_ms                                 0x08000ce3   Thumb Code    70  delay.o(.text)
    NVIC_Configuration                       0x08000d35   Thumb Code    12  sys.o(.text)
    _sys_exit                                0x08000d41   Thumb Code     6  usart.o(.text)
    fputc                                    0x08000d47   Thumb Code    22  usart.o(.text)
    uart_init                                0x08000d5d   Thumb Code   158  usart.o(.text)
    USART1_IRQHandler                        0x08000dfb   Thumb Code   124  usart.o(.text)
    Reset_Handler                            0x08000e89   Thumb Code     8  startup_stm32f10x_hd.o(.text)
    ADC1_2_IRQHandler                        0x08000ea3   Thumb Code     0  startup_stm32f10x_hd.o(.text)
    ADC3_IRQHandler                          0x08000ea3   Thumb Code     0  startup_stm32f10x_hd.o(.text)
    CAN1_RX1_IRQHandler                      0x08000ea3   Thumb Code     0  startup_stm32f10x_hd.o(.text)
    CAN1_SCE_IRQHandler                      0x08000ea3   Thumb Code     0  startup_stm32f10x_hd.o(.text)
    DMA1_Channel1_IRQHandler                 0x08000ea3   Thumb Code     0  startup_stm32f10x_hd.o(.text)
    DMA1_Channel2_IRQHandler                 0x08000ea3   Thumb Code     0  startup_stm32f10x_hd.o(.text)
    DMA1_Channel3_IRQHandler                 0x08000ea3   Thumb Code     0  startup_stm32f10x_hd.o(.text)
    DMA1_Channel4_IRQHandler                 0x08000ea3   Thumb Code     0  startup_stm32f10x_hd.o(.text)
    DMA1_Channel5_IRQHandler                 0x08000ea3   Thumb Code     0  startup_stm32f10x_hd.o(.text)
    DMA1_Channel6_IRQHandler                 0x08000ea3   Thumb Code     0  startup_stm32f10x_hd.o(.text)
    DMA1_Channel7_IRQHandler                 0x08000ea3   Thumb Code     0  startup_stm32f10x_hd.o(.text)
    DMA2_Channel1_IRQHandler                 0x08000ea3   Thumb Code     0  startup_stm32f10x_hd.o(.text)
    DMA2_Channel2_IRQHandler                 0x08000ea3   Thumb Code     0  startup_stm32f10x_hd.o(.text)
    DMA2_Channel3_IRQHandler                 0x08000ea3   Thumb Code     0  startup_stm32f10x_hd.o(.text)
    DMA2_Channel4_5_IRQHandler               0x08000ea3   Thumb Code     0  startup_stm32f10x_hd.o(.text)
    EXTI0_IRQHandler                         0x08000ea3   Thumb Code     0  startup_stm32f10x_hd.o(.text)
    EXTI15_10_IRQHandler                     0x08000ea3   Thumb Code     0  startup_stm32f10x_hd.o(.text)
    EXTI1_IRQHandler                         0x08000ea3   Thumb Code     0  startup_stm32f10x_hd.o(.text)
    EXTI2_IRQHandler                         0x08000ea3   Thumb Code     0  startup_stm32f10x_hd.o(.text)
    EXTI3_IRQHandler                         0x08000ea3   Thumb Code     0  startup_stm32f10x_hd.o(.text)
    EXTI4_IRQHandler                         0x08000ea3   Thumb Code     0  startup_stm32f10x_hd.o(.text)
    EXTI9_5_IRQHandler                       0x08000ea3   Thumb Code     0  startup_stm32f10x_hd.o(.text)
    FLASH_IRQHandler                         0x08000ea3   Thumb Code     0  startup_stm32f10x_hd.o(.text)
    FSMC_IRQHandler                          0x08000ea3   Thumb Code     0  startup_stm32f10x_hd.o(.text)
    I2C1_ER_IRQHandler                       0x08000ea3   Thumb Code     0  startup_stm32f10x_hd.o(.text)
    I2C1_EV_IRQHandler                       0x08000ea3   Thumb Code     0  startup_stm32f10x_hd.o(.text)
    I2C2_ER_IRQHandler                       0x08000ea3   Thumb Code     0  startup_stm32f10x_hd.o(.text)
    I2C2_EV_IRQHandler                       0x08000ea3   Thumb Code     0  startup_stm32f10x_hd.o(.text)
    PVD_IRQHandler                           0x08000ea3   Thumb Code     0  startup_stm32f10x_hd.o(.text)
    RCC_IRQHandler                           0x08000ea3   Thumb Code     0  startup_stm32f10x_hd.o(.text)
    RTCAlarm_IRQHandler                      0x08000ea3   Thumb Code     0  startup_stm32f10x_hd.o(.text)
    RTC_IRQHandler                           0x08000ea3   Thumb Code     0  startup_stm32f10x_hd.o(.text)
    SDIO_IRQHandler                          0x08000ea3   Thumb Code     0  startup_stm32f10x_hd.o(.text)
    SPI1_IRQHandler                          0x08000ea3   Thumb Code     0  startup_stm32f10x_hd.o(.text)
    SPI2_IRQHandler                          0x08000ea3   Thumb Code     0  startup_stm32f10x_hd.o(.text)
    SPI3_IRQHandler                          0x08000ea3   Thumb Code     0  startup_stm32f10x_hd.o(.text)
    TAMPER_IRQHandler                        0x08000ea3   Thumb Code     0  startup_stm32f10x_hd.o(.text)
    TIM1_BRK_IRQHandler                      0x08000ea3   Thumb Code     0  startup_stm32f10x_hd.o(.text)
    TIM1_CC_IRQHandler                       0x08000ea3   Thumb Code     0  startup_stm32f10x_hd.o(.text)
    TIM1_TRG_COM_IRQHandler                  0x08000ea3   Thumb Code     0  startup_stm32f10x_hd.o(.text)
    TIM1_UP_IRQHandler                       0x08000ea3   Thumb Code     0  startup_stm32f10x_hd.o(.text)
    TIM2_IRQHandler                          0x08000ea3   Thumb Code     0  startup_stm32f10x_hd.o(.text)
    TIM4_IRQHandler                          0x08000ea3   Thumb Code     0  startup_stm32f10x_hd.o(.text)
    TIM6_IRQHandler                          0x08000ea3   Thumb Code     0  startup_stm32f10x_hd.o(.text)
    TIM7_IRQHandler                          0x08000ea3   Thumb Code     0  startup_stm32f10x_hd.o(.text)
    TIM8_BRK_IRQHandler                      0x08000ea3   Thumb Code     0  startup_stm32f10x_hd.o(.text)
    TIM8_CC_IRQHandler                       0x08000ea3   Thumb Code     0  startup_stm32f10x_hd.o(.text)
    TIM8_TRG_COM_IRQHandler                  0x08000ea3   Thumb Code     0  startup_stm32f10x_hd.o(.text)
    TIM8_UP_IRQHandler                       0x08000ea3   Thumb Code     0  startup_stm32f10x_hd.o(.text)
    UART4_IRQHandler                         0x08000ea3   Thumb Code     0  startup_stm32f10x_hd.o(.text)
    UART5_IRQHandler                         0x08000ea3   Thumb Code     0  startup_stm32f10x_hd.o(.text)
    USART2_IRQHandler                        0x08000ea3   Thumb Code     0  startup_stm32f10x_hd.o(.text)
    USART3_IRQHandler                        0x08000ea3   Thumb Code     0  startup_stm32f10x_hd.o(.text)
    USBWakeUp_IRQHandler                     0x08000ea3   Thumb Code     0  startup_stm32f10x_hd.o(.text)
    USB_HP_CAN1_TX_IRQHandler                0x08000ea3   Thumb Code     0  startup_stm32f10x_hd.o(.text)
    USB_LP_CAN1_RX0_IRQHandler               0x08000ea3   Thumb Code     0  startup_stm32f10x_hd.o(.text)
    WWDG_IRQHandler                          0x08000ea3   Thumb Code     0  startup_stm32f10x_hd.o(.text)
    __user_initial_stackheap                 0x08000ea5   Thumb Code     0  startup_stm32f10x_hd.o(.text)
    NVIC_PriorityGroupConfig                 0x08000ec9   Thumb Code    10  misc.o(.text)
    NVIC_Init                                0x08000ed3   Thumb Code   102  misc.o(.text)
    NVIC_SetVectorTable                      0x08000f39   Thumb Code    14  misc.o(.text)
    NVIC_SystemLPConfig                      0x08000f47   Thumb Code    38  misc.o(.text)
    SysTick_CLKSourceConfig                  0x08000f6d   Thumb Code    40  misc.o(.text)
    GPIO_DeInit                              0x08000fa9   Thumb Code   172  stm32f10x_gpio.o(.text)
    GPIO_AFIODeInit                          0x08001055   Thumb Code    20  stm32f10x_gpio.o(.text)
    GPIO_Init                                0x08001069   Thumb Code   268  stm32f10x_gpio.o(.text)
    GPIO_StructInit                          0x08001175   Thumb Code    16  stm32f10x_gpio.o(.text)
    GPIO_ReadInputDataBit                    0x08001185   Thumb Code    18  stm32f10x_gpio.o(.text)
    GPIO_ReadInputData                       0x08001197   Thumb Code     8  stm32f10x_gpio.o(.text)
    GPIO_ReadOutputDataBit                   0x0800119f   Thumb Code    18  stm32f10x_gpio.o(.text)
    GPIO_ReadOutputData                      0x080011b1   Thumb Code     8  stm32f10x_gpio.o(.text)
    GPIO_SetBits                             0x080011b9   Thumb Code     4  stm32f10x_gpio.o(.text)
    GPIO_ResetBits                           0x080011bd   Thumb Code     4  stm32f10x_gpio.o(.text)
    GPIO_WriteBit                            0x080011c1   Thumb Code    10  stm32f10x_gpio.o(.text)
    GPIO_Write                               0x080011cb   Thumb Code     4  stm32f10x_gpio.o(.text)
    GPIO_PinLockConfig                       0x080011cf   Thumb Code    18  stm32f10x_gpio.o(.text)
    GPIO_EventOutputConfig                   0x080011e1   Thumb Code    24  stm32f10x_gpio.o(.text)
    GPIO_EventOutputCmd                      0x080011f9   Thumb Code     6  stm32f10x_gpio.o(.text)
    GPIO_PinRemapConfig                      0x080011ff   Thumb Code   136  stm32f10x_gpio.o(.text)
    GPIO_EXTILineConfig                      0x08001287   Thumb Code    60  stm32f10x_gpio.o(.text)
    GPIO_ETH_MediaInterfaceConfig            0x080012c3   Thumb Code     8  stm32f10x_gpio.o(.text)
    RCC_DeInit                               0x080012f1   Thumb Code    64  stm32f10x_rcc.o(.text)
    RCC_HSEConfig                            0x08001331   Thumb Code    70  stm32f10x_rcc.o(.text)
    RCC_GetFlagStatus                        0x08001377   Thumb Code    56  stm32f10x_rcc.o(.text)
    RCC_WaitForHSEStartUp                    0x080013af   Thumb Code    48  stm32f10x_rcc.o(.text)
    RCC_AdjustHSICalibrationValue            0x080013df   Thumb Code    18  stm32f10x_rcc.o(.text)
    RCC_HSICmd                               0x080013f1   Thumb Code     6  stm32f10x_rcc.o(.text)
    RCC_PLLConfig                            0x080013f7   Thumb Code    22  stm32f10x_rcc.o(.text)
    RCC_PLLCmd                               0x0800140d   Thumb Code     6  stm32f10x_rcc.o(.text)
    RCC_SYSCLKConfig                         0x08001413   Thumb Code    16  stm32f10x_rcc.o(.text)
    RCC_GetSYSCLKSource                      0x08001423   Thumb Code    10  stm32f10x_rcc.o(.text)
    RCC_HCLKConfig                           0x0800142d   Thumb Code    16  stm32f10x_rcc.o(.text)
    RCC_PCLK1Config                          0x0800143d   Thumb Code    16  stm32f10x_rcc.o(.text)
    RCC_PCLK2Config                          0x0800144d   Thumb Code    18  stm32f10x_rcc.o(.text)
    RCC_ITConfig                             0x0800145f   Thumb Code    30  stm32f10x_rcc.o(.text)
    RCC_USBCLKConfig                         0x0800147d   Thumb Code     8  stm32f10x_rcc.o(.text)
    RCC_ADCCLKConfig                         0x08001485   Thumb Code    16  stm32f10x_rcc.o(.text)
    RCC_LSEConfig                            0x08001495   Thumb Code    50  stm32f10x_rcc.o(.text)
    RCC_LSICmd                               0x080014c7   Thumb Code     6  stm32f10x_rcc.o(.text)
    RCC_RTCCLKConfig                         0x080014cd   Thumb Code    12  stm32f10x_rcc.o(.text)
    RCC_RTCCLKCmd                            0x080014d9   Thumb Code     8  stm32f10x_rcc.o(.text)
    RCC_GetClocksFreq                        0x080014e1   Thumb Code   194  stm32f10x_rcc.o(.text)
    RCC_AHBPeriphClockCmd                    0x080015a3   Thumb Code    26  stm32f10x_rcc.o(.text)
    RCC_APB2PeriphClockCmd                   0x080015bd   Thumb Code    26  stm32f10x_rcc.o(.text)
    RCC_APB1PeriphClockCmd                   0x080015d7   Thumb Code    26  stm32f10x_rcc.o(.text)
    RCC_APB2PeriphResetCmd                   0x080015f1   Thumb Code    26  stm32f10x_rcc.o(.text)
    RCC_APB1PeriphResetCmd                   0x0800160b   Thumb Code    26  stm32f10x_rcc.o(.text)
    RCC_BackupResetCmd                       0x08001625   Thumb Code     8  stm32f10x_rcc.o(.text)
    RCC_ClockSecuritySystemCmd               0x0800162d   Thumb Code     6  stm32f10x_rcc.o(.text)
    RCC_MCOConfig                            0x08001633   Thumb Code     6  stm32f10x_rcc.o(.text)
    RCC_ClearFlag                            0x08001639   Thumb Code    14  stm32f10x_rcc.o(.text)
    RCC_GetITStatus                          0x08001647   Thumb Code    20  stm32f10x_rcc.o(.text)
    RCC_ClearITPendingBit                    0x0800165b   Thumb Code     6  stm32f10x_rcc.o(.text)
    TIM_DeInit                               0x08001681   Thumb Code   424  stm32f10x_tim.o(.text)
    TIM_TimeBaseInit                         0x08001829   Thumb Code   122  stm32f10x_tim.o(.text)
    TIM_OC1Init                              0x080018a3   Thumb Code   132  stm32f10x_tim.o(.text)
    TIM_OC2Init                              0x08001927   Thumb Code   146  stm32f10x_tim.o(.text)
    TIM_OC3Init                              0x080019b9   Thumb Code   142  stm32f10x_tim.o(.text)
    TIM_OC4Init                              0x08001a47   Thumb Code   172  stm32f10x_tim.o(.text)
    TIM_SetIC4Prescaler                      0x08001af3   Thumb Code    22  stm32f10x_tim.o(.text)
    TIM_SetIC3Prescaler                      0x08001b7b   Thumb Code    18  stm32f10x_tim.o(.text)
    TIM_SetIC2Prescaler                      0x08001bfb   Thumb Code    22  stm32f10x_tim.o(.text)
    TIM_SetIC1Prescaler                      0x08001c83   Thumb Code    18  stm32f10x_tim.o(.text)
    TIM_ICInit                               0x08001cfb   Thumb Code   150  stm32f10x_tim.o(.text)
    TIM_PWMIConfig                           0x08001d91   Thumb Code   124  stm32f10x_tim.o(.text)
    TIM_BDTRConfig                           0x08001e0d   Thumb Code    32  stm32f10x_tim.o(.text)
    TIM_TimeBaseStructInit                   0x08001e2d   Thumb Code    18  stm32f10x_tim.o(.text)
    TIM_OCStructInit                         0x08001e3f   Thumb Code    20  stm32f10x_tim.o(.text)
    TIM_ICStructInit                         0x08001e53   Thumb Code    18  stm32f10x_tim.o(.text)
    TIM_BDTRStructInit                       0x08001e65   Thumb Code    18  stm32f10x_tim.o(.text)
    TIM_Cmd                                  0x08001e77   Thumb Code    24  stm32f10x_tim.o(.text)
    TIM_CtrlPWMOutputs                       0x08001e8f   Thumb Code    50  stm32f10x_tim.o(.text)
    TIM_ITConfig                             0x08001ec1   Thumb Code    24  stm32f10x_tim.o(.text)
    TIM_GenerateEvent                        0x08001ed9   Thumb Code     4  stm32f10x_tim.o(.text)
    TIM_DMAConfig                            0x08001edd   Thumb Code    10  stm32f10x_tim.o(.text)
    TIM_DMACmd                               0x08001ee7   Thumb Code    24  stm32f10x_tim.o(.text)
    TIM_InternalClockConfig                  0x08001eff   Thumb Code    12  stm32f10x_tim.o(.text)
    TIM_SelectInputTrigger                   0x08001f0b   Thumb Code    16  stm32f10x_tim.o(.text)
    TIM_ITRxExternalClockConfig              0x08001f1b   Thumb Code    24  stm32f10x_tim.o(.text)
    TIM_TIxExternalClockConfig               0x08001f33   Thumb Code    62  stm32f10x_tim.o(.text)
    TIM_ETRConfig                            0x08001f71   Thumb Code    22  stm32f10x_tim.o(.text)
    TIM_ETRClockMode1Config                  0x08001f87   Thumb Code    54  stm32f10x_tim.o(.text)
    TIM_ETRClockMode2Config                  0x08001fbd   Thumb Code    32  stm32f10x_tim.o(.text)
    TIM_PrescalerConfig                      0x08001fdd   Thumb Code     6  stm32f10x_tim.o(.text)
    TIM_CounterModeConfig                    0x08001fe3   Thumb Code    16  stm32f10x_tim.o(.text)
    TIM_EncoderInterfaceConfig               0x08001ff3   Thumb Code    56  stm32f10x_tim.o(.text)
    TIM_ForcedOC1Config                      0x0800202b   Thumb Code    16  stm32f10x_tim.o(.text)
    TIM_ForcedOC2Config                      0x0800203b   Thumb Code    20  stm32f10x_tim.o(.text)
    TIM_ForcedOC3Config                      0x0800204f   Thumb Code    16  stm32f10x_tim.o(.text)
    TIM_ForcedOC4Config                      0x0800205f   Thumb Code    20  stm32f10x_tim.o(.text)
    TIM_ARRPreloadConfig                     0x08002073   Thumb Code    24  stm32f10x_tim.o(.text)
    TIM_SelectCOM                            0x0800208b   Thumb Code    24  stm32f10x_tim.o(.text)
    TIM_SelectCCDMA                          0x080020a3   Thumb Code    24  stm32f10x_tim.o(.text)
    TIM_CCPreloadControl                     0x080020bb   Thumb Code    24  stm32f10x_tim.o(.text)
    TIM_OC1PreloadConfig                     0x080020d3   Thumb Code    16  stm32f10x_tim.o(.text)
    TIM_OC2PreloadConfig                     0x080020e3   Thumb Code    20  stm32f10x_tim.o(.text)
    TIM_OC3PreloadConfig                     0x080020f7   Thumb Code    16  stm32f10x_tim.o(.text)
    TIM_OC4PreloadConfig                     0x08002107   Thumb Code    20  stm32f10x_tim.o(.text)
    TIM_OC1FastConfig                        0x0800211b   Thumb Code    16  stm32f10x_tim.o(.text)
    TIM_OC2FastConfig                        0x0800212b   Thumb Code    20  stm32f10x_tim.o(.text)
    TIM_OC3FastConfig                        0x0800213f   Thumb Code    16  stm32f10x_tim.o(.text)
    TIM_OC4FastConfig                        0x0800214f   Thumb Code    20  stm32f10x_tim.o(.text)
    TIM_ClearOC1Ref                          0x08002163   Thumb Code    16  stm32f10x_tim.o(.text)
    TIM_ClearOC2Ref                          0x08002173   Thumb Code    18  stm32f10x_tim.o(.text)
    TIM_ClearOC3Ref                          0x08002185   Thumb Code    16  stm32f10x_tim.o(.text)
    TIM_ClearOC4Ref                          0x08002195   Thumb Code    18  stm32f10x_tim.o(.text)
    TIM_OC1PolarityConfig                    0x080021a7   Thumb Code    16  stm32f10x_tim.o(.text)
    TIM_OC1NPolarityConfig                   0x080021b7   Thumb Code    16  stm32f10x_tim.o(.text)
    TIM_OC2PolarityConfig                    0x080021c7   Thumb Code    20  stm32f10x_tim.o(.text)
    TIM_OC2NPolarityConfig                   0x080021db   Thumb Code    20  stm32f10x_tim.o(.text)
    TIM_OC3PolarityConfig                    0x080021ef   Thumb Code    20  stm32f10x_tim.o(.text)
    TIM_OC3NPolarityConfig                   0x08002203   Thumb Code    20  stm32f10x_tim.o(.text)
    TIM_OC4PolarityConfig                    0x08002217   Thumb Code    20  stm32f10x_tim.o(.text)
    TIM_CCxCmd                               0x0800222b   Thumb Code    34  stm32f10x_tim.o(.text)
    TIM_CCxNCmd                              0x0800224d   Thumb Code    34  stm32f10x_tim.o(.text)
    TIM_SelectOCxM                           0x0800226f   Thumb Code    82  stm32f10x_tim.o(.text)
    TIM_UpdateDisableConfig                  0x080022c1   Thumb Code    24  stm32f10x_tim.o(.text)
    TIM_UpdateRequestConfig                  0x080022d9   Thumb Code    24  stm32f10x_tim.o(.text)
    TIM_SelectHallSensor                     0x080022f1   Thumb Code    24  stm32f10x_tim.o(.text)
    TIM_SelectOnePulseMode                   0x08002309   Thumb Code    18  stm32f10x_tim.o(.text)
    TIM_SelectOutputTrigger                  0x0800231b   Thumb Code    18  stm32f10x_tim.o(.text)
    TIM_SelectSlaveMode                      0x0800232d   Thumb Code    18  stm32f10x_tim.o(.text)
    TIM_SelectMasterSlaveMode                0x0800233f   Thumb Code    18  stm32f10x_tim.o(.text)
    TIM_SetCounter                           0x08002351   Thumb Code     4  stm32f10x_tim.o(.text)
    TIM_SetAutoreload                        0x08002355   Thumb Code     4  stm32f10x_tim.o(.text)
    TIM_SetCompare1                          0x08002359   Thumb Code     4  stm32f10x_tim.o(.text)
    TIM_SetCompare2                          0x0800235d   Thumb Code     4  stm32f10x_tim.o(.text)
    TIM_SetCompare3                          0x08002361   Thumb Code     4  stm32f10x_tim.o(.text)
    TIM_SetCompare4                          0x08002365   Thumb Code     6  stm32f10x_tim.o(.text)
    TIM_SetClockDivision                     0x0800236b   Thumb Code    18  stm32f10x_tim.o(.text)
    TIM_GetCapture1                          0x0800237d   Thumb Code     6  stm32f10x_tim.o(.text)
    TIM_GetCapture2                          0x08002383   Thumb Code     6  stm32f10x_tim.o(.text)
    TIM_GetCapture3                          0x08002389   Thumb Code     6  stm32f10x_tim.o(.text)
    TIM_GetCapture4                          0x0800238f   Thumb Code     8  stm32f10x_tim.o(.text)
    TIM_GetCounter                           0x08002397   Thumb Code     6  stm32f10x_tim.o(.text)
    TIM_GetPrescaler                         0x0800239d   Thumb Code     6  stm32f10x_tim.o(.text)
    TIM_GetFlagStatus                        0x080023a3   Thumb Code    18  stm32f10x_tim.o(.text)
    TIM_ClearFlag                            0x080023b5   Thumb Code     6  stm32f10x_tim.o(.text)
    TIM_GetITStatus                          0x080023bb   Thumb Code    34  stm32f10x_tim.o(.text)
    TIM_ClearITPendingBit                    0x080023dd   Thumb Code     6  stm32f10x_tim.o(.text)
    USART_DeInit                             0x080023e5   Thumb Code   134  stm32f10x_usart.o(.text)
    USART_Init                               0x0800246b   Thumb Code   210  stm32f10x_usart.o(.text)
    USART_StructInit                         0x0800253d   Thumb Code    24  stm32f10x_usart.o(.text)
    USART_ClockInit                          0x08002555   Thumb Code    32  stm32f10x_usart.o(.text)
    USART_ClockStructInit                    0x08002575   Thumb Code    12  stm32f10x_usart.o(.text)
    USART_Cmd                                0x08002581   Thumb Code    24  stm32f10x_usart.o(.text)
    USART_ITConfig                           0x08002599   Thumb Code    72  stm32f10x_usart.o(.text)
    USART_DMACmd                             0x080025e1   Thumb Code    24  stm32f10x_usart.o(.text)
    USART_SetAddress                         0x080025f9   Thumb Code    18  stm32f10x_usart.o(.text)
    USART_WakeUpConfig                       0x0800260b   Thumb Code    18  stm32f10x_usart.o(.text)
    USART_ReceiverWakeUpCmd                  0x0800261d   Thumb Code    24  stm32f10x_usart.o(.text)
    USART_LINBreakDetectLengthConfig         0x08002635   Thumb Code    18  stm32f10x_usart.o(.text)
    USART_LINCmd                             0x08002647   Thumb Code    24  stm32f10x_usart.o(.text)
    USART_SendData                           0x0800265f   Thumb Code     8  stm32f10x_usart.o(.text)
    USART_ReceiveData                        0x08002667   Thumb Code    10  stm32f10x_usart.o(.text)
    USART_SendBreak                          0x08002671   Thumb Code    10  stm32f10x_usart.o(.text)
    USART_SetGuardTime                       0x0800267b   Thumb Code    16  stm32f10x_usart.o(.text)
    USART_SetPrescaler                       0x0800268b   Thumb Code    16  stm32f10x_usart.o(.text)
    USART_SmartCardCmd                       0x0800269b   Thumb Code    24  stm32f10x_usart.o(.text)
    USART_SmartCardNACKCmd                   0x080026b3   Thumb Code    24  stm32f10x_usart.o(.text)
    USART_HalfDuplexCmd                      0x080026cb   Thumb Code    24  stm32f10x_usart.o(.text)
    USART_OverSampling8Cmd                   0x080026e3   Thumb Code    22  stm32f10x_usart.o(.text)
    USART_OneBitMethodCmd                    0x080026f9   Thumb Code    24  stm32f10x_usart.o(.text)
    USART_IrDAConfig                         0x08002711   Thumb Code    18  stm32f10x_usart.o(.text)
    USART_IrDACmd                            0x08002723   Thumb Code    24  stm32f10x_usart.o(.text)
    USART_GetFlagStatus                      0x0800273b   Thumb Code    26  stm32f10x_usart.o(.text)
    USART_ClearFlag                          0x08002755   Thumb Code    18  stm32f10x_usart.o(.text)
    USART_GetITStatus                        0x08002767   Thumb Code    84  stm32f10x_usart.o(.text)
    USART_ClearITPendingBit                  0x080027bb   Thumb Code    50  stm32f10x_usart.o(.text)
    __use_no_semihosting                     0x080027ed   Thumb Code     2  use_no_semi_2.o(.text)
    __2printf                                0x080027f1   Thumb Code    24  noretval__2printf.o(.text)
    __printf                                 0x08002811   Thumb Code   110  __printf.o(.text)
    _printf_int_dec                          0x08002881   Thumb Code    96  _printf_dec.o(.text)
    __use_two_region_memory                  0x080028f1   Thumb Code     2  heapauxi.o(.text)
    __rt_heap_escrow$2region                 0x080028f3   Thumb Code     2  heapauxi.o(.text)
    __rt_heap_expand$2region                 0x080028f5   Thumb Code     2  heapauxi.o(.text)
    __I$use$semihosting                      0x080028f7   Thumb Code     0  use_no_semi.o(.text)
    __use_no_semihosting_swi                 0x080028f7   Thumb Code     2  use_no_semi.o(.text)
    _printf_int_common                       0x080028f9   Thumb Code   174  _printf_intcommon.o(.text)
    __lib_sel_fp_printf                      0x080029a7   Thumb Code     2  _printf_fp_dec.o(.text)
    _printf_fp_dec_real                      0x08002b8f   Thumb Code   608  _printf_fp_dec.o(.text)
    _printf_char_common                      0x08002dfb   Thumb Code    34  _printf_char_common.o(.text)
    __rt_udiv10                              0x08002e21   Thumb Code    16  rtudiv10.o(.text)
    __rt_locale                              0x08002e31   Thumb Code    12  rt_locale_intlibspace.o(.text)
    _ll_udiv10                               0x08002e3d   Thumb Code   138  lludiv10.o(.text)
    _printf_fp_infnan                        0x08002ec9   Thumb Code   108  _printf_fp_infnan.o(.text)
    _btod_etento                             0x08002f45   Thumb Code   202  bigflt0.o(.text)
    __user_libspace                          0x08003015   Thumb Code     8  libspace.o(.text)
    __user_perproc_libspace                  0x08003015   Thumb Code     0  libspace.o(.text)
    __user_perthread_libspace                0x08003015   Thumb Code     0  libspace.o(.text)
    __user_setup_stackheap                   0x0800301d   Thumb Code    74  sys_stackheap_outer.o(.text)
    exit                                     0x08003067   Thumb Code    12  exit.o(.text)
    strcmp                                   0x08003075   Thumb Code   128  strcmpv7m.o(.text)
    _btod_d2e                                0x080030f5   Thumb Code    62  btod.o(CL$$btod_d2e)
    _d2e_denorm_low                          0x08003133   Thumb Code    70  btod.o(CL$$btod_d2e_denorm_low)
    _d2e_norm_op1                            0x08003179   Thumb Code    96  btod.o(CL$$btod_d2e_norm_op1)
    __btod_div_common                        0x080031d9   Thumb Code   696  btod.o(CL$$btod_div_common)
    _e2e                                     0x08003511   Thumb Code   198  btod.o(CL$$btod_e2e)
    _btod_ediv                               0x080035d7   Thumb Code    40  btod.o(CL$$btod_ediv)
    _btod_emul                               0x080035ff   Thumb Code    40  btod.o(CL$$btod_emul)
    __btod_mult_common                       0x08003627   Thumb Code   580  btod.o(CL$$btod_mult_common)
    __ARM_fpclassify                         0x0800386b   Thumb Code    40  fpclassify.o(i.__ARM_fpclassify)
    _get_lc_numeric                          0x08003895   Thumb Code    44  lc_numeric_c.o(locale$$code)
    __fpl_dcheck_NaN2                        0x080038c1   Thumb Code    10  dcheck.o(x$fpl$dcheck)
    __fpl_dcmp_InfNaN                        0x080038d1   Thumb Code   120  dcmpin.o(x$fpl$dcmpinfnan)
    __fpl_inf_dcmp                           0x080038f3   Thumb Code     0  dcmpin.o(x$fpl$dcmpinfnan)
    __aeabi_i2d                              0x08003949   Thumb Code     0  dflt_clz.o(x$fpl$dflt)
    _dflt                                    0x08003949   Thumb Code    44  dflt_clz.o(x$fpl$dflt)
    __dflt_normalise                         0x08003957   Thumb Code     0  dflt_clz.o(x$fpl$dflt)
    __aeabi_cdrcmple                         0x08003975   Thumb Code     0  drleqf.o(x$fpl$drleqf)
    _drcmple                                 0x08003975   Thumb Code   130  drleqf.o(x$fpl$drleqf)
    __aeabi_f2d                              0x080039fd   Thumb Code     0  f2d.o(x$fpl$f2d)
    _f2d                                     0x080039fd   Thumb Code    76  f2d.o(x$fpl$f2d)
    __fpl_inf_f2d                            0x08003a41   Thumb Code     0  f2d.o(x$fpl$f2d)
    __aeabi_fadd                             0x08003a4d   Thumb Code     0  faddsub_clz.o(x$fpl$fadd)
    _fadd                                    0x08003a4d   Thumb Code   248  faddsub_clz.o(x$fpl$fadd)
    __fpl_inf_fadd                           0x08003b27   Thumb Code     0  faddsub_clz.o(x$fpl$fadd)
    __fpl_fcheck_NaN2                        0x08003b4d   Thumb Code     6  fcheck.o(x$fpl$fcheck)
    __fpl_fcheck_NaN1                        0x08003b59   Thumb Code     6  fcheck1.o(x$fpl$fcheck1)
    __aeabi_fdiv                             0x08003b65   Thumb Code     0  fdiv.o(x$fpl$fdiv)
    _fdiv                                    0x08003b65   Thumb Code   476  fdiv.o(x$fpl$fdiv)
    __fpl_inf_fdiv                           0x08003d09   Thumb Code     0  fdiv.o(x$fpl$fdiv)
    __aeabi_f2uiz                            0x08003d49   Thumb Code     0  ffixu.o(x$fpl$ffixu)
    _ffixu                                   0x08003d49   Thumb Code    82  ffixu.o(x$fpl$ffixu)
    __fpl_inf_ffixu                          0x08003d95   Thumb Code     0  ffixu.o(x$fpl$ffixu)
    __aeabi_i2f                              0x08003da1   Thumb Code     0  fflt_clz.o(x$fpl$fflt)
    _fflt                                    0x08003da1   Thumb Code    50  fflt_clz.o(x$fpl$fflt)
    __fflt_normalise                         0x08003dad   Thumb Code     0  fflt_clz.o(x$fpl$fflt)
    __aeabi_ui2f                             0x08003dd3   Thumb Code     0  fflt_clz.o(x$fpl$ffltu)
    _ffltu                                   0x08003dd3   Thumb Code     8  fflt_clz.o(x$fpl$ffltu)
    __fpl_normalise2                         0x08003ddb   Thumb Code    74  fnorm2_clz.o(x$fpl$fnorm2)
    __aeabi_frsub                            0x08003e25   Thumb Code     0  faddsub_clz.o(x$fpl$frsb)
    _frsb                                    0x08003e25   Thumb Code    20  faddsub_clz.o(x$fpl$frsb)
    __aeabi_fsub                             0x08003e39   Thumb Code     0  faddsub_clz.o(x$fpl$fsub)
    _fsub                                    0x08003e39   Thumb Code   282  faddsub_clz.o(x$fpl$fsub)
    __fpl_inf_fsub                           0x08003f33   Thumb Code     0  faddsub_clz.o(x$fpl$fsub)
    __funder                                 0x08003f5d   Thumb Code   132  funder.o(x$fpl$funder)
    __funder_d                               0x08003fe1   Thumb Code     2  funder.o(x$fpl$funder)
    _printf_fp_dec                           0x08003fe3   Thumb Code     4  printf1.o(x$fpl$printf1)
    __fpl_return_NaN                         0x08003fe7   Thumb Code   100  retnan.o(x$fpl$retnan)
    __fpl_cmpreturn                          0x0800404b   Thumb Code    48  trapv.o(x$fpl$trapveneer)
    __I$use$fp                               0x0800407b   Thumb Code     0  usenofp.o(x$fpl$usenofp)
    Region$$Table$$Base                      0x08004110   Number         0  anon$$obj.o(Region$$Table)
    Region$$Table$$Limit                     0x08004130   Number         0  anon$$obj.o(Region$$Table)
    SystemCoreClock                          0x20000000   Data           4  system_stm32f10x.o(.data)
    AHBPrescTable                            0x20000004   Data          16  system_stm32f10x.o(.data)
    TIM5CH1_CAPTURE_STA                      0x20000014   Data           2  timer.o(.data)
    frame_index                              0x20000016   Data           2  timer.o(.data)
    barker                                   0x20000018   Data          11  timer.o(.data)
    barker_sum                               0x20000023   Data           1  timer.o(.data)
    TIM5CH1_CAPTURE_VAL                      0x20000026   Data           2  timer.o(.data)
    TIM5CH1_DOWN_CAPTURE_VAL                 0x20000028   Data           2  timer.o(.data)
    bit_SYCN_UP                              0x2000002a   Data           8  timer.o(.data)
    bit_SYCN_DOWN                            0x20000032   Data           8  timer.o(.data)
    USART_RX_STA                             0x20000040   Data           2  usart.o(.data)
    __stdout                                 0x20000044   Data           4  usart.o(.data)
    TIM5_ICInitStructure                     0x2000005c   Data          10  timer.o(.bss)
    receive_frame                            0x20000066   Data         511  timer.o(.bss)
    buf_barker                               0x20000265   Data          12  timer.o(.bss)
    USART_RX_BUF                             0x20000271   Data         200  usart.o(.bss)
    __libspace_start                         0x2000033c   Data          96  libspace.o(.bss)
    __temporary_stack_top$libspace           0x2000039c   Data           0  libspace.o(.bss)



==============================================================================

Memory Map of the image

  Image Entry point : 0x08000131

  Load Region LR_IROM1 (Base: 0x08000000, Size: 0x000041a8, Max: 0x00080000, ABSOLUTE)

    Execution Region ER_IROM1 (Base: 0x08000000, Size: 0x0000414c, Max: 0x00080000, ABSOLUTE)

    Base Addr    Size         Type   Attr      Idx    E Section Name        Object

    0x08000000   0x00000130   Data   RO          227    RESET               startup_stm32f10x_hd.o
    0x08000130   0x00000008   Code   RO          329  * !!!main             __main.o(c_w.l)
    0x08000138   0x00000034   Code   RO          587    !!!scatter          __scatter.o(c_w.l)
    0x0800016c   0x0000001a   Code   RO          589    !!handler_copy      __scatter_copy.o(c_w.l)
    0x08000186   0x00000002   PAD
    0x08000188   0x0000001c   Code   RO          591    !!handler_zi        __scatter_zi.o(c_w.l)
    0x080001a4   0x00000000   Code   RO          326    .ARM.Collect$$_printf_percent$$00000000  _printf_percent.o(c_w.l)
    0x080001a4   0x00000006   Code   RO          325    .ARM.Collect$$_printf_percent$$00000003  _printf_f.o(c_w.l)
    0x080001aa   0x00000006   Code   RO          324    .ARM.Collect$$_printf_percent$$00000009  _printf_d.o(c_w.l)
    0x080001b0   0x00000004   Code   RO          365    .ARM.Collect$$_printf_percent$$00000017  _printf_percent_end.o(c_w.l)
    0x080001b4   0x00000006   Code   RO          469    .ARM.Collect$$libinit$$00000000  libinit.o(c_w.l)
    0x080001ba   0x00000000   Code   RO          472    .ARM.Collect$$libinit$$00000006  libinit2.o(c_w.l)
    0x080001ba   0x00000000   Code   RO          474    .ARM.Collect$$libinit$$00000008  libinit2.o(c_w.l)
    0x080001ba   0x00000000   Code   RO          476    .ARM.Collect$$libinit$$0000000A  libinit2.o(c_w.l)
    0x080001ba   0x00000006   Code   RO          477    .ARM.Collect$$libinit$$0000000B  libinit2.o(c_w.l)
    0x080001c0   0x00000000   Code   RO          479    .ARM.Collect$$libinit$$0000000D  libinit2.o(c_w.l)
    0x080001c0   0x00000000   Code   RO          481    .ARM.Collect$$libinit$$0000000F  libinit2.o(c_w.l)
    0x080001c0   0x00000000   Code   RO          483    .ARM.Collect$$libinit$$00000011  libinit2.o(c_w.l)
    0x080001c0   0x0000000a   Code   RO          484    .ARM.Collect$$libinit$$00000012  libinit2.o(c_w.l)
    0x080001ca   0x00000000   Code   RO          485    .ARM.Collect$$libinit$$00000013  libinit2.o(c_w.l)
    0x080001ca   0x00000000   Code   RO          487    .ARM.Collect$$libinit$$00000015  libinit2.o(c_w.l)
    0x080001ca   0x00000000   Code   RO          489    .ARM.Collect$$libinit$$00000017  libinit2.o(c_w.l)
    0x080001ca   0x00000000   Code   RO          491    .ARM.Collect$$libinit$$00000019  libinit2.o(c_w.l)
    0x080001ca   0x00000000   Code   RO          493    .ARM.Collect$$libinit$$0000001B  libinit2.o(c_w.l)
    0x080001ca   0x00000000   Code   RO          495    .ARM.Collect$$libinit$$0000001D  libinit2.o(c_w.l)
    0x080001ca   0x00000000   Code   RO          497    .ARM.Collect$$libinit$$0000001F  libinit2.o(c_w.l)
    0x080001ca   0x00000000   Code   RO          499    .ARM.Collect$$libinit$$00000021  libinit2.o(c_w.l)
    0x080001ca   0x00000000   Code   RO          503    .ARM.Collect$$libinit$$00000028  libinit2.o(c_w.l)
    0x080001ca   0x00000000   Code   RO          505    .ARM.Collect$$libinit$$0000002A  libinit2.o(c_w.l)
    0x080001ca   0x00000000   Code   RO          507    .ARM.Collect$$libinit$$0000002C  libinit2.o(c_w.l)
    0x080001ca   0x00000000   Code   RO          509    .ARM.Collect$$libinit$$0000002E  libinit2.o(c_w.l)
    0x080001ca   0x00000002   Code   RO          510    .ARM.Collect$$libinit$$0000002F  libinit2.o(c_w.l)
    0x080001cc   0x00000002   Code   RO          539    .ARM.Collect$$libshutdown$$00000000  libshutdown.o(c_w.l)
    0x080001ce   0x00000000   Code   RO          548    .ARM.Collect$$libshutdown$$00000003  libshutdown2.o(c_w.l)
    0x080001ce   0x00000000   Code   RO          551    .ARM.Collect$$libshutdown$$00000006  libshutdown2.o(c_w.l)
    0x080001ce   0x00000000   Code   RO          554    .ARM.Collect$$libshutdown$$00000009  libshutdown2.o(c_w.l)
    0x080001ce   0x00000000   Code   RO          556    .ARM.Collect$$libshutdown$$0000000B  libshutdown2.o(c_w.l)
    0x080001ce   0x00000000   Code   RO          559    .ARM.Collect$$libshutdown$$0000000E  libshutdown2.o(c_w.l)
    0x080001ce   0x00000002   Code   RO          560    .ARM.Collect$$libshutdown$$0000000F  libshutdown2.o(c_w.l)
    0x080001d0   0x00000000   Code   RO          357    .ARM.Collect$$rtentry$$00000000  rtentry.o(c_w.l)
    0x080001d0   0x00000000   Code   RO          388    .ARM.Collect$$rtentry$$00000002  rtentry2.o(c_w.l)
    0x080001d0   0x00000006   Code   RO          403    .ARM.Collect$$rtentry$$00000004  rtentry4.o(c_w.l)
    0x080001d6   0x00000000   Code   RO          390    .ARM.Collect$$rtentry$$00000009  rtentry2.o(c_w.l)
    0x080001d6   0x00000004   Code   RO          391    .ARM.Collect$$rtentry$$0000000A  rtentry2.o(c_w.l)
    0x080001da   0x00000000   Code   RO          393    .ARM.Collect$$rtentry$$0000000C  rtentry2.o(c_w.l)
    0x080001da   0x00000008   Code   RO          394    .ARM.Collect$$rtentry$$0000000D  rtentry2.o(c_w.l)
    0x080001e2   0x00000000   Code   RO          511    .ARM.Collect$$rtexit$$00000000  rtexit.o(c_w.l)
    0x080001e2   0x00000000   Code   RO          518    .ARM.Collect$$rtexit$$00000002  rtexit2.o(c_w.l)
    0x080001e2   0x00000004   Code   RO          519    .ARM.Collect$$rtexit$$00000003  rtexit2.o(c_w.l)
    0x080001e6   0x00000004   Code   RO          520    .ARM.Collect$$rtexit$$00000004  rtexit2.o(c_w.l)
    0x080001ea   0x00000002   PAD
    0x080001ec   0x000001e4   Code   RO            1    .text               main.o
    0x080003d0   0x0000001a   Code   RO           74    .text               stm32f10x_it.o
    0x080003ea   0x00000002   PAD
    0x080003ec   0x000001c8   Code   RO          106    .text               system_stm32f10x.o
    0x080005b4   0x0000004c   Code   RO          124    .text               led.o
    0x08000600   0x00000674   Code   RO          149    .text               timer.o
    0x08000c74   0x000000c0   Code   RO          165    .text               delay.o
    0x08000d34   0x0000000c   Code   RO          179    .text               sys.o
    0x08000d40   0x00000148   Code   RO          191    .text               usart.o
    0x08000e88   0x00000040   Code   RO          228    .text               startup_stm32f10x_hd.o
    0x08000ec8   0x000000e0   Code   RO          232    .text               misc.o
    0x08000fa8   0x00000348   Code   RO          244    .text               stm32f10x_gpio.o
    0x080012f0   0x00000390   Code   RO          256    .text               stm32f10x_rcc.o
    0x08001680   0x00000d62   Code   RO          270    .text               stm32f10x_tim.o
    0x080023e2   0x00000002   PAD
    0x080023e4   0x00000408   Code   RO          282    .text               stm32f10x_usart.o
    0x080027ec   0x00000002   Code   RO          296    .text               use_no_semi_2.o(c_w.l)
    0x080027ee   0x00000002   PAD
    0x080027f0   0x00000020   Code   RO          300    .text               noretval__2printf.o(c_w.l)
    0x08002810   0x0000006e   Code   RO          302    .text               __printf.o(c_w.l)
    0x0800287e   0x00000002   PAD
    0x08002880   0x00000070   Code   RO          304    .text               _printf_dec.o(c_w.l)
    0x080028f0   0x00000006   Code   RO          327    .text               heapauxi.o(c_w.l)
    0x080028f6   0x00000002   Code   RO          355    .text               use_no_semi.o(c_w.l)
    0x080028f8   0x000000ae   Code   RO          359    .text               _printf_intcommon.o(c_w.l)
    0x080029a6   0x00000448   Code   RO          361    .text               _printf_fp_dec.o(c_w.l)
    0x08002dee   0x00000002   PAD
    0x08002df0   0x00000030   Code   RO          363    .text               _printf_char_common.o(c_w.l)
    0x08002e20   0x00000010   Code   RO          370    .text               rtudiv10.o(c_w.l)
    0x08002e30   0x0000000c   Code   RO          408    .text               rt_locale_intlibspace.o(c_w.l)
    0x08002e3c   0x0000008a   Code   RO          410    .text               lludiv10.o(c_w.l)
    0x08002ec6   0x00000002   PAD
    0x08002ec8   0x0000007c   Code   RO          412    .text               _printf_fp_infnan.o(c_w.l)
    0x08002f44   0x000000d0   Code   RO          416    .text               bigflt0.o(c_w.l)
    0x08003014   0x00000008   Code   RO          454    .text               libspace.o(c_w.l)
    0x0800301c   0x0000004a   Code   RO          457    .text               sys_stackheap_outer.o(c_w.l)
    0x08003066   0x0000000c   Code   RO          459    .text               exit.o(c_w.l)
    0x08003072   0x00000002   PAD
    0x08003074   0x00000080   Code   RO          461    .text               strcmpv7m.o(c_w.l)
    0x080030f4   0x0000003e   Code   RO          419    CL$$btod_d2e        btod.o(c_w.l)
    0x08003132   0x00000046   Code   RO          421    CL$$btod_d2e_denorm_low  btod.o(c_w.l)
    0x08003178   0x00000060   Code   RO          420    CL$$btod_d2e_norm_op1  btod.o(c_w.l)
    0x080031d8   0x00000338   Code   RO          429    CL$$btod_div_common  btod.o(c_w.l)
    0x08003510   0x000000c6   Code   RO          426    CL$$btod_e2e        btod.o(c_w.l)
    0x080035d6   0x00000028   Code   RO          423    CL$$btod_ediv       btod.o(c_w.l)
    0x080035fe   0x00000028   Code   RO          422    CL$$btod_emul       btod.o(c_w.l)
    0x08003626   0x00000244   Code   RO          428    CL$$btod_mult_common  btod.o(c_w.l)
    0x0800386a   0x00000028   Code   RO          452    i.__ARM_fpclassify  fpclassify.o(m_ws.l)
    0x08003892   0x00000002   PAD
    0x08003894   0x0000002c   Code   RO          442    locale$$code        lc_numeric_c.o(c_w.l)
    0x080038c0   0x00000010   Code   RO          444    x$fpl$dcheck        dcheck.o(fz_ws.l)
    0x080038d0   0x00000078   Code   RO          372    x$fpl$dcmpinfnan    dcmpin.o(fz_ws.l)
    0x08003948   0x0000002c   Code   RO          375    x$fpl$dflt          dflt_clz.o(fz_ws.l)
    0x08003974   0x00000088   Code   RO          331    x$fpl$drleqf        drleqf.o(fz_ws.l)
    0x080039fc   0x00000050   Code   RO          333    x$fpl$f2d           f2d.o(fz_ws.l)
    0x08003a4c   0x00000100   Code   RO          335    x$fpl$fadd          faddsub_clz.o(fz_ws.l)
    0x08003b4c   0x0000000c   Code   RO          378    x$fpl$fcheck        fcheck.o(fz_ws.l)
    0x08003b58   0x0000000c   Code   RO          380    x$fpl$fcheck1       fcheck1.o(fz_ws.l)
    0x08003b64   0x000001e4   Code   RO          342    x$fpl$fdiv          fdiv.o(fz_ws.l)
    0x08003d48   0x00000058   Code   RO          345    x$fpl$ffixu         ffixu.o(fz_ws.l)
    0x08003da0   0x00000032   Code   RO          350    x$fpl$fflt          fflt_clz.o(fz_ws.l)
    0x08003dd2   0x00000008   Code   RO          349    x$fpl$ffltu         fflt_clz.o(fz_ws.l)
    0x08003dda   0x0000004a   Code   RO          382    x$fpl$fnorm2        fnorm2_clz.o(fz_ws.l)
    0x08003e24   0x00000014   Code   RO          336    x$fpl$frsb          faddsub_clz.o(fz_ws.l)
    0x08003e38   0x00000124   Code   RO          337    x$fpl$fsub          faddsub_clz.o(fz_ws.l)
    0x08003f5c   0x00000086   Code   RO          384    x$fpl$funder        funder.o(fz_ws.l)
    0x08003fe2   0x00000004   Code   RO          353    x$fpl$printf1       printf1.o(fz_ws.l)
    0x08003fe6   0x00000064   Code   RO          448    x$fpl$retnan        retnan.o(fz_ws.l)
    0x0800404a   0x00000030   Code   RO          450    x$fpl$trapveneer    trapv.o(fz_ws.l)
    0x0800407a   0x00000000   Code   RO          386    x$fpl$usenofp       usenofp.o(fz_ws.l)
    0x0800407a   0x00000002   PAD
    0x0800407c   0x00000094   Data   RO          417    .constdata          bigflt0.o(c_w.l)
    0x08004110   0x00000020   Data   RO          585    Region$$Table       anon$$obj.o
    0x08004130   0x0000001c   Data   RO          441    locale$$data        lc_numeric_c.o(c_w.l)


    Execution Region RW_IRAM1 (Base: 0x20000000, Size: 0x000009a0, Max: 0x00010000, ABSOLUTE)

    Base Addr    Size         Type   Attr      Idx    E Section Name        Object

    0x20000000   0x00000014   Data   RW          107    .data               system_stm32f10x.o
    0x20000014   0x00000026   Data   RW          151    .data               timer.o
    0x2000003a   0x00000004   Data   RW          166    .data               delay.o
    0x2000003e   0x00000002   PAD
    0x20000040   0x00000008   Data   RW          193    .data               usart.o
    0x20000048   0x00000014   Data   RW          257    .data               stm32f10x_rcc.o
    0x2000005c   0x00000215   Zero   RW          150    .bss                timer.o
    0x20000271   0x000000c8   Zero   RW          192    .bss                usart.o
    0x20000339   0x00000003   PAD
    0x2000033c   0x00000060   Zero   RW          455    .bss                libspace.o(c_w.l)
    0x2000039c   0x00000004   PAD
    0x200003a0   0x00000200   Zero   RW          226    HEAP                startup_stm32f10x_hd.o
    0x200005a0   0x00000400   Zero   RW          225    STACK               startup_stm32f10x_hd.o


==============================================================================

Image component sizes


      Code (inc. data)   RO Data    RW Data    ZI Data      Debug   Object Name

         0          0          0          0          0         20   core_cm3.o
       192         12          0          4          0        975   delay.o
        76          8          0          0          0        471   led.o
       484        146          0          0          0     253099   main.o
       224         20          0          0          0       1753   misc.o
        64         26        304          0       1536        484   startup_stm32f10x_hd.o
       840         38          0          0          0       5637   stm32f10x_gpio.o
        26          0          0          0          0       1158   stm32f10x_it.o
       912         32          0         20          0       8748   stm32f10x_rcc.o
      3426         84          0          0          0      22348   stm32f10x_tim.o
      1032         20          0          0          0       8392   stm32f10x_usart.o
        12          0          0          0          0        429   sys.o
       456         36          0         20          0       1675   system_stm32f10x.o
      1652        106          0         38        533       3565   timer.o
       328         18          0          8        200       3082   usart.o

    ----------------------------------------------------------------------
      9728        546        336         92       2272     311836   Object Totals
         0          0         32          0          0          0   (incl. Generated)
         4          0          0          2          3          0   (incl. Padding)

    ----------------------------------------------------------------------

      Code (inc. data)   RO Data    RW Data    ZI Data      Debug   Library Member Name

         8          0          0          0          0         68   __main.o
       110          0          0          0          0         84   __printf.o
        52          8          0          0          0          0   __scatter.o
        26          0          0          0          0          0   __scatter_copy.o
        28          0          0          0          0          0   __scatter_zi.o
        48          4          0          0          0         96   _printf_char_common.o
         6          0          0          0          0          0   _printf_d.o
       112         16          0          0          0         92   _printf_dec.o
         6          0          0          0          0          0   _printf_f.o
      1096          0          0          0          0        204   _printf_fp_dec.o
       124         16          0          0          0         84   _printf_fp_infnan.o
       174          0          0          0          0         88   _printf_intcommon.o
         0          0          0          0          0          0   _printf_percent.o
         4          0          0          0          0          0   _printf_percent_end.o
       208          6        148          0          0         92   bigflt0.o
      1910        128          0          0          0        660   btod.o
        16          6          0          0          0         68   dcheck.o
       120          0          0          0          0         84   dcmpin.o
        44          0          0          0          0         68   dflt_clz.o
       136          6          0          0          0         68   drleqf.o
        12          0          0          0          0         68   exit.o
        80          4          0          0          0         68   f2d.o
       568         18          0          0          0        204   faddsub_clz.o
        12          6          0          0          0         68   fcheck.o
        12          6          0          0          0         68   fcheck1.o
       484         76          0          0          0         76   fdiv.o
        88          6          0          0          0         68   ffixu.o
        58          0          0          0          0        136   fflt_clz.o
        74          0          0          0          0         84   fnorm2_clz.o
        40          0          0          0          0         68   fpclassify.o
       134          0          0          0          0         84   funder.o
         6          0          0          0          0        148   heapauxi.o
        44         10         28          0          0         76   lc_numeric_c.o
         6          0          0          0          0          0   libinit.o
        18          0          0          0          0          0   libinit2.o
         2          0          0          0          0          0   libshutdown.o
         2          0          0          0          0          0   libshutdown2.o
         8          4          0          0         96         68   libspace.o
       138          0          0          0          0         76   lludiv10.o
        32          8          0          0          0         80   noretval__2printf.o
         4          0          0          0          0         68   printf1.o
       100          0          0          0          0         68   retnan.o
        12          6          0          0          0         68   rt_locale_intlibspace.o
         0          0          0          0          0          0   rtentry.o
        12          0          0          0          0          0   rtentry2.o
         6          0          0          0          0          0   rtentry4.o
         0          0          0          0          0          0   rtexit.o
         8          0          0          0          0          0   rtexit2.o
        16          0          0          0          0         68   rtudiv10.o
       128          2          0          0          0         68   strcmpv7m.o
        74          0          0          0          0         80   sys_stackheap_outer.o
        48          0          0          0          0         68   trapv.o
         2          0          0          0          0         68   use_no_semi.o
         2          0          0          0          0         68   use_no_semi_2.o
         0          0          0          0          0          0   usenofp.o

    ----------------------------------------------------------------------
      6476        336        176          0        100       3820   Library Totals
        18          0          0          0          4          0   (incl. Padding)

    ----------------------------------------------------------------------

      Code (inc. data)   RO Data    RW Data    ZI Data      Debug   Library Name

      4440        208        176          0         96       2404   c_w.l
      1978        128          0          0          0       1348   fz_ws.l
        40          0          0          0          0         68   m_ws.l

    ----------------------------------------------------------------------
      6476        336        176          0        100       3820   Library Totals

    ----------------------------------------------------------------------

==============================================================================


      Code (inc. data)   RO Data    RW Data    ZI Data      Debug   

     16204        882        512         92       2372     312256   Grand Totals
     16204        882        512         92       2372     312256   ELF Image Totals
     16204        882        512         92          0          0   ROM Totals

==============================================================================

    Total RO  Size (Code + RO Data)                16716 (  16.32kB)
    Total RW  Size (RW Data + ZI Data)              2464 (   2.41kB)
    Total ROM Size (Code + RO Data + RW Data)      16808 (  16.41kB)

==============================================================================

